******************************************************************************
                  MSP430 Linker PC v4.1.2                      
******************************************************************************
>> Linked Fri Jun 14 12:04:55 2013

OUTPUT FILE NAME:   <SimpliciTI test.out>
ENTRY POINT SYMBOL: "_c_int00"  address: 0000dd70


MEMORY CONFIGURATION

         name            origin    length      used     unused   attr    fill
----------------------  --------  ---------  --------  --------  ----  --------
  SFR                   00000000   00000010  00000000  00000010  RWIX
  PERIPHERALS_8BIT      00000010   000000f0  00000000  000000f0  RWIX
  PERIPHERALS_16BIT     00000100   00000100  00000000  00000100  RWIX
  RAM                   00000200   00000200  0000015b  000000a5  RWIX
  INFOD                 00001000   00000040  00000000  00000040  RWIX
  INFOC                 00001040   00000040  00000000  00000040  RWIX
  INFOB                 00001080   00000040  00000000  00000040  RWIX
  INFOA                 000010c0   00000040  00000000  00000040  RWIX
  FLASH                 0000c000   00003fe0  00002011  00001fcf  RWIX
  INT00                 0000ffe0   00000002  00000000  00000002  RWIX
  INT01                 0000ffe2   00000002  00000000  00000002  RWIX
  INT02                 0000ffe4   00000002  00000000  00000002  RWIX
  INT03                 0000ffe6   00000002  00000002  00000000  RWIX
  INT04                 0000ffe8   00000002  00000000  00000002  RWIX
  INT05                 0000ffea   00000002  00000000  00000002  RWIX
  INT06                 0000ffec   00000002  00000000  00000002  RWIX
  INT07                 0000ffee   00000002  00000000  00000002  RWIX
  INT08                 0000fff0   00000002  00000000  00000002  RWIX
  INT09                 0000fff2   00000002  00000002  00000000  RWIX
  INT10                 0000fff4   00000002  00000000  00000002  RWIX
  INT11                 0000fff6   00000002  00000000  00000002  RWIX
  INT12                 0000fff8   00000002  00000000  00000002  RWIX
  INT13                 0000fffa   00000002  00000000  00000002  RWIX
  INT14                 0000fffc   00000002  00000000  00000002  RWIX
  RESET                 0000fffe   00000002  00000002  00000000  RWIX


SECTION ALLOCATION MAP

 output                                  attributes/
section   page    origin      length       input sections
--------  ----  ----------  ----------   ----------------
.init_array 
*          0    0000c000    00000000     UNINITIALIZED

.bss       0    00000200    000000b4     UNINITIALIZED
                  00000200    00000068     nwk_QMgmt.obj (.bss)
                  00000268    0000002a     main_tx.obj (.bss)
                  00000292    00000018     mrfi.obj (.bss)
                  000002aa    00000008     nwk_globals.obj (.bss)
                  000002b2    00000002     nwk_link.obj (.bss)

.TI.noinit 
*          0    00000200    00000000     UNINITIALIZED

.data      0    000002b4    00000057     
                  000002b4    00000026     nwk.obj (.data)
                  000002da    00000009     mrfi.obj (.data)
                  000002e3    00000001     --HOLE--
                  000002e4    00000008     nwk_frame.obj (.data)
                  000002ec    00000007     nwk_join.obj (.data)
                  000002f3    00000001     --HOLE--
                  000002f4    00000007     nwk_link.obj (.data)
                  000002fb    00000001     --HOLE--
                  000002fc    00000004     mrfi.obj (.data:mrfiRxFilterAddr)
                  00000300    00000003     nwk_mgmt.obj (.data)
                  00000303    00000001     --HOLE--
                  00000304    00000001     bsp.obj (.data)
                  00000305    00000001     --HOLE--
                  00000306    00000001     nwk_api.obj (.data)
                  00000307    00000001     --HOLE--
                  00000308    00000001     nwk_globals.obj (.data)
                  00000309    00000001     --HOLE--
                  0000030a    00000001     nwk_ping.obj (.data)

.TI.persistent 
*          0    000002b4    00000000     UNINITIALIZED

.stack     0    000003b0    00000050     UNINITIALIZED
                  000003b0    00000002     rts430_eabi.lib : boot.obj (.stack)
                  000003b2    0000004e     --HOLE--

.text      0    0000c000    00001f92     
                  0000c000    000001d0     mrfi.obj (.text:MRFI_Init)
                  0000c1d0    00000198     nwk_link.obj (.text:smpl_send_link_reply)
                  0000c368    00000158     nwk_link.obj (.text:nwk_link)
                  0000c4c0    0000012a     nwk_QMgmt.obj (.text:nwk_QfindOldest)
                  0000c5ea    00000102     mrfi.obj (.text:MRFI_Transmit)
                  0000c6ec    000000fa     nwk_join.obj (.text:nwk_join)
                  0000c7e6    000000e8     main_tx.obj (.text:main)
                  0000c8ce    000000de     nwk.obj (.text:nwk_allocateLocalRxPort)
                  0000c9ac    000000d8     mrfi.obj (.text:Mrfi_SyncPinRxIsr)
                  0000ca84    000000b2     nwk_frame.obj (.text:nwk_retrieveFrame)
                  0000cb36    000000b0     nwk_api.obj (.text:SMPL_Ioctl)
                  0000cbe6    000000ae     nwk_frame.obj (.text:dispatchFrame)
                  0000cc94    0000009e     nwk_frame.obj (.text:nwk_buildFrame)
                  0000cd32    0000009e     vlo_rand.obj (.text)
                  0000cdd0    0000008a     mrfi.obj (.text:spiBurstFifoAccess)
                  0000ce5a    00000086     nwk.obj (.text:nwk_nwkInit)
                  0000cee0    00000082     nwk_QMgmt.obj (.text:nwk_QfindSlot)
                  0000cf62    0000007e     nwk_api.obj (.text:SMPL_SendOpt)
                  0000cfe0    00000078     nwk_ioctl.obj (.text:nwk_radioControl)
                  0000d058    0000006a     main_tx.obj (.text:createRandomAddress)
                  0000d0c2    00000068     nwk.obj (.text:nwk_isConnectionValid)
                  0000d12a    0000005e     rts430_eabi.lib : copy_decompress_rle.obj (.text:__TI_decompress_rle_core)
                  0000d188    0000005e                     : autoinit.obj (.text:_auto_init)
                  0000d1e6    00000058                     : div32u.obj (.text)
                  0000d23e    00000054     nwk_ioctl.obj (.text:nwk_rawSend)
                  0000d292    00000050     nwk.obj (.text:nwk_getNextConnection)
                  0000d2e2    0000004c     mrfi.obj (.text:mrfiSpiCmdStrobe)
                  0000d32e    0000004c     rts430_eabi.lib : lsr16.obj (.text)
                  0000d37a    00000048     mrfi.obj (.text:mrfiSpiInit)
                  0000d3c2    00000048     mrfi.obj (.text:spiRegAccess)
                  0000d40a    00000046     mrfi.obj (.text:MRFI_RxAddrIsFiltered)
                  0000d450    00000046     nwk.obj (.text:nwk_isLinkDuplicate)
                  0000d496    00000046     nwk_ping.obj (.text:smpl_send_ping_reply)
                  0000d4dc    00000044     mrfi.obj (.text:MRFI_Rssi)
                  0000d520    0000003e     nwk.obj (.text:initializeConnection)
                  0000d55e    0000003c     mrfi.obj (.text:MRFI_ReplyDelay)
                  0000d59a    0000003c     nwk.obj (.text:nwk_putNumObjectIntoMsg)
                  0000d5d6    0000003a     nwk.obj (.text:nwk_isValidReply)
                  0000d610    0000003a     nwk_mgmt.obj (.text:nwk_processMgmt)
                  0000d64a    0000003a     trigger.obj (.text:trigger)
                  0000d684    00000036     mrfi.obj (.text:MRFI_WakeUp)
                  0000d6ba    00000034     mrfi.obj (.text:MRFI_SetRFPwr)
                  0000d6ee    00000034     mrfi.obj (.text:MRFI_SetRxAddrFilter)
                  0000d722    00000034     nwk_api.obj (.text:SMPL_Init)
                  0000d756    00000034     nwk_ioctl.obj (.text:nwk_deviceAddress)
                  0000d78a    00000032     mrfi.obj (.text:MRFI_SetLogicalChannel)
                  0000d7bc    00000032     nwk_QMgmt.obj (.text:nwk_QadjustOrder)
                  0000d7ee    00000032     nwk.obj (.text:nwk_getConnInfo)
                  0000d820    00000032     nwk_link.obj (.text:nwk_linkInit)
                  0000d852    00000030     mrfi.obj (.text:Mrfi_DelayUsecSem)
                  0000d882    00000030     nwk.obj (.text:map_lid2idx)
                  0000d8b2    00000030     nwk_ioctl.obj (.text:nwk_rawReceive)
                  0000d8e2    00000030     nwk_frame.obj (.text:nwk_sendFrame)
                  0000d912    0000002e     mrfi.obj (.text:Mrfi_CalculateRssi)
                  0000d940    0000002c     mrfi.obj (.text:Mrfi_RxModeOff)
                  0000d96c    0000002c     rts430_eabi.lib : div16s.obj (.text)
                  0000d998    0000002a     mrfi.obj (.text:Mrfi_DelayUsec)
                  0000d9c2    0000002a     nwk.obj (.text:nwk_checkConnInfo)
                  0000d9ec    00000028     nwk_ping.obj (.text:nwk_processPing)
                  0000da14    00000026     main_tx.obj (.text:Init_ADC10)
                  0000da3a    00000026     mrfi.obj (.text:Mrfi_RandomBackoffDelay)
                  0000da60    00000026     nwk_ioctl.obj (.text:nwk_connectionControl)
                  0000da86    00000026     nwk_globals.obj (.text:nwk_globalsInit)
                  0000daac    00000026     nwk_join.obj (.text:nwk_joinInit)
                  0000dad2    00000026     nwk_link.obj (.text:nwk_processLink)
                  0000daf8    00000026     rts430_eabi.lib : mult32.obj (.text)
                  0000db1e    00000024     mrfi.obj (.text:MRFI_Sleep)
                  0000db42    00000024     rts430_eabi.lib : memcmp.obj (.text:memcmp)
                  0000db66    00000022     mrfi.obj (.text:MRFI_RxOn)
                  0000db88    00000020     bsp.obj (.text:BSP_Init)
                  0000dba8    00000020     bsp.obj (.text:BSP_InitBoard)
                  0000dbc8    00000020     mrfi.obj (.text:MRFI_EnableRxAddrFilter)
                  0000dbe8    00000020     nwk_frame.obj (.text:MRFI_RxCompleteISR)
                  0000dc08    00000020     mrfi.obj (.text:MRFI_RxIdle)
                  0000dc28    00000020     nwk_link.obj (.text:handleLinkRequest)
                  0000dc48    00000020     rts430_eabi.lib : memmov.obj (.text:memmove)
                  0000dc68    00000020     nwk_frame.obj (.text:nwk_frameInit)
                  0000dc88    00000020     nwk_join.obj (.text:nwk_processJoin)
                  0000dca8    0000001e     bsp.obj (.text:BSP_Delay)
                  0000dcc6    0000001e     main_tx.obj (.text:Timer0A0)
                  0000dce4    0000001e     nwk_QMgmt.obj (.text:nwk_QInit)
                  0000dd02    0000001c     mrfi.obj (.text:MRFI_GpioIsr)
                  0000dd1e    0000001c     mrfi.obj (.text:mrfiSpiReadReg)
                  0000dd3a    0000001c     nwk_globals.obj (.text:nwk_setMyAddress)
                  0000dd56    0000001a     mrfi.obj (.text:BSP_GpioPort1Isr)
                  0000dd70    0000001a     rts430_eabi.lib : boot.obj (.text:_c_int00_noexit)
                  0000dd8a    00000018     mrfi.obj (.text:mrfiSpiWriteReg)
                  0000dda2    00000016     mrfi.obj (.text:MRFI_RandomByte)
                  0000ddb8    00000016     mrfi.obj (.text:Mrfi_RxModeOn)
                  0000ddce    00000016     rts430_eabi.lib : div16u.obj (.text)
                  0000dde4    00000014     main_tx.obj (.text:Init_TIMER0A0)
                  0000ddf8    00000014     rts430_eabi.lib : copy_zero_init.obj (.text:decompress:ZI:__TI_zero_init)
                  0000de0c    00000014     nwk_api.obj (.text:ioctlPreInitAccessIsOK)
                  0000de20    00000014     rts430_eabi.lib : memset.obj (.text:memset)
                  0000de34    00000014                     : mult16.obj (.text)
                  0000de48    00000012     bsp.obj (.text:BSP_InitLeds)
                  0000de5a    00000012     rts430_eabi.lib : copy_decompress_none.obj (.text:decompress:none:__TI_decompress_none)
                  0000de6c    00000012                     : memcpy.obj (.text:memcpy)
                  0000de7e    00000012     nwk_globals.obj (.text:nwk_getMyAddress)
                  0000de90    00000012     nwk_link.obj (.text:nwk_setLinkToken)
                  0000dea2    00000010     rts430_eabi.lib : asr32.obj (.text:l_asr)
                  0000deb2    00000010                     : epilog.obj (.text)
                  0000dec2    0000000e     mrfi.obj (.text:MRFI_Receive)
                  0000ded0    0000000e     mrfi.obj (.text:mrfiSpiWriteTxFifo)
                  0000dede    0000000e     nwk.obj (.text:nwk_getNumObjectFromMsg)
                  0000deec    0000000e     nwk_globals.obj (.text:nwk_setAPAddress)
                  0000defa    0000000c     mrfi.obj (.text:MRFI_PostKillSem)
                  0000df06    0000000c     nwk_ping.obj (.text:handlePingRequest)
                  0000df12    0000000c     mrfi.obj (.text:mrfiSpiReadRxFifo)
                  0000df1e    0000000a     bsp.obj (.text:BSP_InitButtons)
                  0000df28    0000000a     bsp.obj (.text:BSP_InitDrivers)
                  0000df32    0000000a     bsp.obj (.text:_system_pre_init)
                  0000df3c    0000000a     nwk_mgmt.obj (.text:nwk_mgmtInit)
                  0000df46    0000000a     nwk_ping.obj (.text:nwk_pingInit)
                  0000df50    00000008     nwk_api.obj (.text:SMPL_Send)
                  0000df58    00000006     mrfi.obj (.text:MRFI_GetRadioState)
                  0000df5e    00000006     rts430_eabi.lib : copy_decompress_rle.obj (.text:decompress:rle24:__TI_decompress_rle24)
                  0000df64    00000006     nwk.obj (.text:nwk_freeConnection)
                  0000df6a    00000006     nwk_globals.obj (.text:nwk_getBCastAddress)
                  0000df70    00000006     nwk_globals.obj (.text:nwk_getFWVersion)
                  0000df76    00000006     nwk_frame.obj (.text:nwk_getMyRxType)
                  0000df7c    00000006     nwk_globals.obj (.text:nwk_getProtocolVersion)
                  0000df82    00000004     rts430_eabi.lib : exit.obj (.text:abort)
                  0000df86    00000004     nwk_freq.obj (.text:nwk_processFreq)
                  0000df8a    00000004     nwk_security.obj (.text:nwk_processSecurity)
                  0000df8e    00000002     nwk_freq.obj (.text:nwk_freqInit)
                  0000df90    00000002     nwk_security.obj (.text:nwk_securityInit)

.const     0    0000df92    0000005f     
                  0000df92    0000003e     mrfi.obj (.const:mrfiRadioCfg)
                  0000dfd0    0000000c     nwk_frame.obj (.const:func)
                  0000dfdc    00000009     nwk_globals.obj (.const)
                  0000dfe5    00000001     --HOLE-- [fill = 0]
                  0000dfe6    00000004     mrfi.obj (.const:.string:mrfiBroadcastAddr)
                  0000dfea    00000004     mrfi.obj (.const:.string:mrfiLogicalChanTable)
                  0000dfee    00000003     mrfi.obj (.const:.string:mrfiRFPowerTable)

.cinit     0    0000dff2    00000020     
                  0000dff2    0000000e     (.cinit..data.load) [load image, compression = rle]
                  0000e000    00000006     (__TI_handler_table)
                  0000e006    00000004     (.cinit..bss.load) [load image, compression = zero_init]
                  0000e00a    00000008     (__TI_cinit_table)

PORT2      0    0000ffe6    00000002     
                  0000ffe6    00000002     mrfi.obj (.int03)

TIMER0_A0 
*          0    0000fff2    00000002     
                  0000fff2    00000002     main_tx.obj (.int09)

.reset     0    0000fffe    00000002     
                  0000fffe    00000002     rts430_eabi.lib : boot.obj (.reset)


LINKER GENERATED COPY TABLES

__TI_cinit_table @ 0000e00a records: 2, size/record: 4, table size: 8
	.data: load addr=0000dff2, load size=0000000e bytes, run addr=000002b4, run size=00000057 bytes, compression=rle
	.bss: load addr=0000e006, load size=00000004 bytes, run addr=00000200, run size=000000b4 bytes, compression=zero_init


LINKER GENERATED HANDLER TABLE

__TI_handler_table @ 0000e000 records: 3, size/record: 2, table size: 6
	index: 0, handler: __TI_zero_init
	index: 1, handler: __TI_decompress_rle24
	index: 2, handler: __TI_decompress_none


GLOBAL SYMBOLS: SORTED ALPHABETICALLY BY Name 

address    name
--------   ----
0000004a   ADC10AE0
000001b0   ADC10CTL0
000001b2   ADC10CTL1
00000048   ADC10DTC0
00000049   ADC10DTC1
000001b4   ADC10MEM
000001bc   ADC10SA
0000026e   ADCdata
00000057   BCSCTL1
00000058   BCSCTL2
00000053   BCSCTL3
0000dca8   BSP_Delay
0000dd56   BSP_GpioPort1Isr
0000db88   BSP_Init
0000dba8   BSP_InitBoard
0000df1e   BSP_InitButtons
0000df28   BSP_InitDrivers
0000de48   BSP_InitLeds
0000df82   C$$EXIT
00000059   CACTL1
0000005a   CACTL2
000010fb   CALBC1_12MHZ
000010f9   CALBC1_16MHZ
000010ff   CALBC1_1MHZ
000010fd   CALBC1_8MHZ
000010fa   CALDCO_12MHZ
000010f8   CALDCO_16MHZ
000010fe   CALDCO_1MHZ
000010fc   CALDCO_8MHZ
0000005b   CAPD
00000056   DCOCTL
00000128   FCTL1
0000012a   FCTL2
0000012c   FCTL3
00000290   Flash_Addr
00000000   IE1
00000001   IE2
00000002   IFG1
00000003   IFG2
0000da14   Init_ADC10
0000dde4   Init_TIMER0A0
0000dbc8   MRFI_EnableRxAddrFilter
0000df58   MRFI_GetRadioState
0000dd02   MRFI_GpioIsr
0000c000   MRFI_Init
0000defa   MRFI_PostKillSem
0000dda2   MRFI_RandomByte
0000dec2   MRFI_Receive
0000d55e   MRFI_ReplyDelay
0000d4dc   MRFI_Rssi
0000d40a   MRFI_RxAddrIsFiltered
0000dbe8   MRFI_RxCompleteISR
0000dc08   MRFI_RxIdle
0000db66   MRFI_RxOn
0000d78a   MRFI_SetLogicalChannel
0000d6ba   MRFI_SetRFPwr
0000d6ee   MRFI_SetRxAddrFilter
0000db1e   MRFI_Sleep
0000c5ea   MRFI_Transmit
0000d684   MRFI_WakeUp
00000022   P1DIR
00000025   P1IE
00000024   P1IES
00000023   P1IFG
00000020   P1IN
00000021   P1OUT
00000027   P1REN
00000026   P1SEL
00000041   P1SEL2
0000002a   P2DIR
0000002d   P2IE
0000002c   P2IES
0000002b   P2IFG
00000028   P2IN
00000029   P2OUT
0000002f   P2REN
0000002e   P2SEL
00000042   P2SEL2
0000001a   P3DIR
00000018   P3IN
00000019   P3OUT
00000010   P3REN
0000001b   P3SEL
00000043   P3SEL2
0000d722   SMPL_Init
0000cb36   SMPL_Ioctl
0000c368   SMPL_Link
0000df50   SMPL_Send
0000cf62   SMPL_SendOpt
00000172   TA0CCR0
00000174   TA0CCR1
00000176   TA0CCR2
00000162   TA0CCTL0
00000164   TA0CCTL1
00000166   TA0CCTL2
00000160   TA0CTL
0000012e   TA0IV
00000170   TA0R
00000192   TA1CCR0
00000194   TA1CCR1
00000196   TA1CCR2
00000182   TA1CCTL0
00000184   TA1CCTL1
00000186   TA1CCTL2
00000180   TA1CTL
0000011e   TA1IV
00000190   TA1R
0000cd32   TI_getRandomIntegerFromADC
0000cd5a   TI_getRandomIntegerFromVLO
0000dcc6   Timer0A0
0000005d   UCA0ABCTL
00000062   UCA0BR0
00000063   UCA0BR1
00000060   UCA0CTL0
00000061   UCA0CTL1
0000005f   UCA0IRRCTL
0000005e   UCA0IRTCTL
00000064   UCA0MCTL
00000066   UCA0RXBUF
00000065   UCA0STAT
00000067   UCA0TXBUF
0000006a   UCB0BR0
0000006b   UCB0BR1
00000068   UCB0CTL0
00000069   UCB0CTL1
0000006c   UCB0I2CIE
00000118   UCB0I2COA
0000011a   UCB0I2CSA
0000006e   UCB0RXBUF
0000006d   UCB0STAT
0000006f   UCB0TXBUF
00000120   WDTCTL
00000400   __STACK_END
00000050   __STACK_SIZE
0000e00a   __TI_CINIT_Base
0000e012   __TI_CINIT_Limit
0000e000   __TI_Handler_Table_Base
0000e006   __TI_Handler_Table_Limit
UNDEFED    __TI_INITARRAY_Base
UNDEFED    __TI_INITARRAY_Limit
00000001   __TI_args_main
0000de5a   __TI_decompress_none
0000df5e   __TI_decompress_rle24
00000001   __TI_exit
0000ddf8   __TI_zero_init
ffffffff   __binit__
ffffffff   __c_args__
0000d96c   __mspabi_divi
0000ddce   __mspabi_divu
0000d1e6   __mspabi_divul
0000debe   __mspabi_func_epilog_1
0000debc   __mspabi_func_epilog_2
0000deba   __mspabi_func_epilog_3
0000deb8   __mspabi_func_epilog_4
0000deb6   __mspabi_func_epilog_5
0000deb4   __mspabi_func_epilog_6
0000deb2   __mspabi_func_epilog_7
0000de34   __mspabi_mpyi
0000daf8   __mspabi_mpyl
0000d96c   __mspabi_remi
0000ddce   __mspabi_remu
0000d1e6   __mspabi_remul
0000dea2   __mspabi_sral
0000d32e   __mspabi_srli
0000d374   __mspabi_srli_1
0000d350   __mspabi_srli_10
0000d34c   __mspabi_srli_11
0000d348   __mspabi_srli_12
0000d344   __mspabi_srli_13
0000d340   __mspabi_srli_14
0000d33c   __mspabi_srli_15
0000d370   __mspabi_srli_2
0000d36c   __mspabi_srli_3
0000d368   __mspabi_srli_4
0000d364   __mspabi_srli_5
0000d360   __mspabi_srli_6
0000d35c   __mspabi_srli_7
0000d358   __mspabi_srli_8
0000d354   __mspabi_srli_9
0000d188   _auto_init
0000dd70   _c_int00
0000dd70   _c_int00_noexit
0000fffe   _reset_vector
000003b0   _stack
0000df32   _system_pre_init
0000df82   abort
ffffffff   binit
0000d058   createRandomAddress
0000026c   i
0000028c   lAddr
00000282   linkIDTemp
0000c7e6   main
0000db42   memcmp
0000de6c   memcpy
0000dc48   memmove
0000de20   memset
0000dfe6   mrfiBroadcastAddr
0000d2e2   mrfiSpiCmdStrobe
0000d37a   mrfiSpiInit
0000dd1e   mrfiSpiReadReg
0000df12   mrfiSpiReadRxFifo
0000dd8a   mrfiSpiWriteReg
0000ded0   mrfiSpiWriteTxFifo
00000284   msg
0000dce4   nwk_QInit
0000d7bc   nwk_QadjustOrder
0000c4c0   nwk_QfindOldest
0000cee0   nwk_QfindSlot
0000c8ce   nwk_allocateLocalRxPort
0000cc94   nwk_buildFrame
0000d9c2   nwk_checkConnInfo
0000da60   nwk_connectionControl
0000d756   nwk_deviceAddress
0000dc68   nwk_frameInit
0000df64   nwk_freeConnection
0000df8e   nwk_freqInit
0000df6a   nwk_getBCastAddress
0000d7ee   nwk_getConnInfo
0000df70   nwk_getFWVersion
0000de7e   nwk_getMyAddress
0000df76   nwk_getMyRxType
0000d292   nwk_getNextConnection
0000dede   nwk_getNumObjectFromMsg
0000df7c   nwk_getProtocolVersion
0000da86   nwk_globalsInit
0000d0c2   nwk_isConnectionValid
0000d450   nwk_isLinkDuplicate
0000d5d6   nwk_isValidReply
0000c6ec   nwk_join
0000daac   nwk_joinInit
0000c368   nwk_link
0000d820   nwk_linkInit
0000df3c   nwk_mgmtInit
0000ce5a   nwk_nwkInit
0000df46   nwk_pingInit
0000df86   nwk_processFreq
0000dc88   nwk_processJoin
0000dad2   nwk_processLink
0000d610   nwk_processMgmt
0000d9ec   nwk_processPing
0000df8a   nwk_processSecurity
0000d59a   nwk_putNumObjectIntoMsg
0000cfe0   nwk_radioControl
0000d8b2   nwk_rawReceive
0000d23e   nwk_rawSend
0000ca84   nwk_retrieveFrame
0000df90   nwk_securityInit
0000d8e2   nwk_sendFrame
0000deec   nwk_setAPAddress
0000de90   nwk_setLinkToken
0000dd3a   nwk_setMyAddress
00000268   sensor
0000d64a   trigger


GLOBAL SYMBOLS: SORTED BY Symbol Address 

address    name
--------   ----
00000000   IE1
00000001   IE2
00000001   __TI_args_main
00000001   __TI_exit
00000002   IFG1
00000003   IFG2
00000010   P3REN
00000018   P3IN
00000019   P3OUT
0000001a   P3DIR
0000001b   P3SEL
00000020   P1IN
00000021   P1OUT
00000022   P1DIR
00000023   P1IFG
00000024   P1IES
00000025   P1IE
00000026   P1SEL
00000027   P1REN
00000028   P2IN
00000029   P2OUT
0000002a   P2DIR
0000002b   P2IFG
0000002c   P2IES
0000002d   P2IE
0000002e   P2SEL
0000002f   P2REN
00000041   P1SEL2
00000042   P2SEL2
00000043   P3SEL2
00000048   ADC10DTC0
00000049   ADC10DTC1
0000004a   ADC10AE0
00000050   __STACK_SIZE
00000053   BCSCTL3
00000056   DCOCTL
00000057   BCSCTL1
00000058   BCSCTL2
00000059   CACTL1
0000005a   CACTL2
0000005b   CAPD
0000005d   UCA0ABCTL
0000005e   UCA0IRTCTL
0000005f   UCA0IRRCTL
00000060   UCA0CTL0
00000061   UCA0CTL1
00000062   UCA0BR0
00000063   UCA0BR1
00000064   UCA0MCTL
00000065   UCA0STAT
00000066   UCA0RXBUF
00000067   UCA0TXBUF
00000068   UCB0CTL0
00000069   UCB0CTL1
0000006a   UCB0BR0
0000006b   UCB0BR1
0000006c   UCB0I2CIE
0000006d   UCB0STAT
0000006e   UCB0RXBUF
0000006f   UCB0TXBUF
00000118   UCB0I2COA
0000011a   UCB0I2CSA
0000011e   TA1IV
00000120   WDTCTL
00000128   FCTL1
0000012a   FCTL2
0000012c   FCTL3
0000012e   TA0IV
00000160   TA0CTL
00000162   TA0CCTL0
00000164   TA0CCTL1
00000166   TA0CCTL2
00000170   TA0R
00000172   TA0CCR0
00000174   TA0CCR1
00000176   TA0CCR2
00000180   TA1CTL
00000182   TA1CCTL0
00000184   TA1CCTL1
00000186   TA1CCTL2
00000190   TA1R
00000192   TA1CCR0
00000194   TA1CCR1
00000196   TA1CCR2
000001b0   ADC10CTL0
000001b2   ADC10CTL1
000001b4   ADC10MEM
000001bc   ADC10SA
00000268   sensor
0000026c   i
0000026e   ADCdata
00000282   linkIDTemp
00000284   msg
0000028c   lAddr
00000290   Flash_Addr
000003b0   _stack
00000400   __STACK_END
000010f8   CALDCO_16MHZ
000010f9   CALBC1_16MHZ
000010fa   CALDCO_12MHZ
000010fb   CALBC1_12MHZ
000010fc   CALDCO_8MHZ
000010fd   CALBC1_8MHZ
000010fe   CALDCO_1MHZ
000010ff   CALBC1_1MHZ
0000c000   MRFI_Init
0000c368   SMPL_Link
0000c368   nwk_link
0000c4c0   nwk_QfindOldest
0000c5ea   MRFI_Transmit
0000c6ec   nwk_join
0000c7e6   main
0000c8ce   nwk_allocateLocalRxPort
0000ca84   nwk_retrieveFrame
0000cb36   SMPL_Ioctl
0000cc94   nwk_buildFrame
0000cd32   TI_getRandomIntegerFromADC
0000cd5a   TI_getRandomIntegerFromVLO
0000ce5a   nwk_nwkInit
0000cee0   nwk_QfindSlot
0000cf62   SMPL_SendOpt
0000cfe0   nwk_radioControl
0000d058   createRandomAddress
0000d0c2   nwk_isConnectionValid
0000d188   _auto_init
0000d1e6   __mspabi_divul
0000d1e6   __mspabi_remul
0000d23e   nwk_rawSend
0000d292   nwk_getNextConnection
0000d2e2   mrfiSpiCmdStrobe
0000d32e   __mspabi_srli
0000d33c   __mspabi_srli_15
0000d340   __mspabi_srli_14
0000d344   __mspabi_srli_13
0000d348   __mspabi_srli_12
0000d34c   __mspabi_srli_11
0000d350   __mspabi_srli_10
0000d354   __mspabi_srli_9
0000d358   __mspabi_srli_8
0000d35c   __mspabi_srli_7
0000d360   __mspabi_srli_6
0000d364   __mspabi_srli_5
0000d368   __mspabi_srli_4
0000d36c   __mspabi_srli_3
0000d370   __mspabi_srli_2
0000d374   __mspabi_srli_1
0000d37a   mrfiSpiInit
0000d40a   MRFI_RxAddrIsFiltered
0000d450   nwk_isLinkDuplicate
0000d4dc   MRFI_Rssi
0000d55e   MRFI_ReplyDelay
0000d59a   nwk_putNumObjectIntoMsg
0000d5d6   nwk_isValidReply
0000d610   nwk_processMgmt
0000d64a   trigger
0000d684   MRFI_WakeUp
0000d6ba   MRFI_SetRFPwr
0000d6ee   MRFI_SetRxAddrFilter
0000d722   SMPL_Init
0000d756   nwk_deviceAddress
0000d78a   MRFI_SetLogicalChannel
0000d7bc   nwk_QadjustOrder
0000d7ee   nwk_getConnInfo
0000d820   nwk_linkInit
0000d8b2   nwk_rawReceive
0000d8e2   nwk_sendFrame
0000d96c   __mspabi_divi
0000d96c   __mspabi_remi
0000d9c2   nwk_checkConnInfo
0000d9ec   nwk_processPing
0000da14   Init_ADC10
0000da60   nwk_connectionControl
0000da86   nwk_globalsInit
0000daac   nwk_joinInit
0000dad2   nwk_processLink
0000daf8   __mspabi_mpyl
0000db1e   MRFI_Sleep
0000db42   memcmp
0000db66   MRFI_RxOn
0000db88   BSP_Init
0000dba8   BSP_InitBoard
0000dbc8   MRFI_EnableRxAddrFilter
0000dbe8   MRFI_RxCompleteISR
0000dc08   MRFI_RxIdle
0000dc48   memmove
0000dc68   nwk_frameInit
0000dc88   nwk_processJoin
0000dca8   BSP_Delay
0000dcc6   Timer0A0
0000dce4   nwk_QInit
0000dd02   MRFI_GpioIsr
0000dd1e   mrfiSpiReadReg
0000dd3a   nwk_setMyAddress
0000dd56   BSP_GpioPort1Isr
0000dd70   _c_int00
0000dd70   _c_int00_noexit
0000dd8a   mrfiSpiWriteReg
0000dda2   MRFI_RandomByte
0000ddce   __mspabi_divu
0000ddce   __mspabi_remu
0000dde4   Init_TIMER0A0
0000ddf8   __TI_zero_init
0000de20   memset
0000de34   __mspabi_mpyi
0000de48   BSP_InitLeds
0000de5a   __TI_decompress_none
0000de6c   memcpy
0000de7e   nwk_getMyAddress
0000de90   nwk_setLinkToken
0000dea2   __mspabi_sral
0000deb2   __mspabi_func_epilog_7
0000deb4   __mspabi_func_epilog_6
0000deb6   __mspabi_func_epilog_5
0000deb8   __mspabi_func_epilog_4
0000deba   __mspabi_func_epilog_3
0000debc   __mspabi_func_epilog_2
0000debe   __mspabi_func_epilog_1
0000dec2   MRFI_Receive
0000ded0   mrfiSpiWriteTxFifo
0000dede   nwk_getNumObjectFromMsg
0000deec   nwk_setAPAddress
0000defa   MRFI_PostKillSem
0000df12   mrfiSpiReadRxFifo
0000df1e   BSP_InitButtons
0000df28   BSP_InitDrivers
0000df32   _system_pre_init
0000df3c   nwk_mgmtInit
0000df46   nwk_pingInit
0000df50   SMPL_Send
0000df58   MRFI_GetRadioState
0000df5e   __TI_decompress_rle24
0000df64   nwk_freeConnection
0000df6a   nwk_getBCastAddress
0000df70   nwk_getFWVersion
0000df76   nwk_getMyRxType
0000df7c   nwk_getProtocolVersion
0000df82   C$$EXIT
0000df82   abort
0000df86   nwk_processFreq
0000df8a   nwk_processSecurity
0000df8e   nwk_freqInit
0000df90   nwk_securityInit
0000dfe6   mrfiBroadcastAddr
0000e000   __TI_Handler_Table_Base
0000e006   __TI_Handler_Table_Limit
0000e00a   __TI_CINIT_Base
0000e012   __TI_CINIT_Limit
0000fffe   _reset_vector
ffffffff   __binit__
ffffffff   __c_args__
ffffffff   binit
UNDEFED    __TI_INITARRAY_Base
UNDEFED    __TI_INITARRAY_Limit

[253 symbols]
