******************************************************************************
                  MSP430 Linker PC v4.1.2                      
******************************************************************************
>> Linked Tue Oct 29 13:47:18 2013

OUTPUT FILE NAME:   <SimpliciTI test.out>
ENTRY POINT SYMBOL: "_c_int00"  address: 0000dfae


MEMORY CONFIGURATION

         name            origin    length      used     unused   attr    fill
----------------------  --------  ---------  --------  --------  ----  --------
  SFR                   00000000   00000010  00000000  00000010  RWIX
  PERIPHERALS_8BIT      00000010   000000f0  00000000  000000f0  RWIX
  PERIPHERALS_16BIT     00000100   00000100  00000000  00000100  RWIX
  RAM                   00000200   00000200  0000018a  00000076  RWIX
  INFOD                 00001000   00000040  00000000  00000040  RWIX
  INFOC                 00001040   00000040  00000000  00000040  RWIX
  INFOB                 00001080   00000040  00000000  00000040  RWIX
  INFOA                 000010c0   00000040  00000000  00000040  RWIX
  FLASH                 0000c000   00003fe0  000023b9  00001c27  RWIX
  INT00                 0000ffe0   00000002  00000000  00000002  RWIX
  INT01                 0000ffe2   00000002  00000000  00000002  RWIX
  INT02                 0000ffe4   00000002  00000000  00000002  RWIX
  INT03                 0000ffe6   00000002  00000002  00000000  RWIX
  INT04                 0000ffe8   00000002  00000000  00000002  RWIX
  INT05                 0000ffea   00000002  00000000  00000002  RWIX
  INT06                 0000ffec   00000002  00000000  00000002  RWIX
  INT07                 0000ffee   00000002  00000002  00000000  RWIX
  INT08                 0000fff0   00000002  00000000  00000002  RWIX
  INT09                 0000fff2   00000002  00000002  00000000  RWIX
  INT10                 0000fff4   00000002  00000000  00000002  RWIX
  INT11                 0000fff6   00000002  00000000  00000002  RWIX
  INT12                 0000fff8   00000002  00000000  00000002  RWIX
  INT13                 0000fffa   00000002  00000000  00000002  RWIX
  INT14                 0000fffc   00000002  00000000  00000002  RWIX
  RESET                 0000fffe   00000002  00000002  00000000  RWIX


SECTION ALLOCATION MAP

 output                                  attributes/
section   page    origin      length       input sections
--------  ----  ----------  ----------   ----------------
.init_array 
*          0    0000c000    00000000     UNINITIALIZED

.bss       0    00000200    000000e1     UNINITIALIZED
                  00000200    00000068     nwk_QMgmt.obj (.bss)
                  00000268    00000044     log.obj (.bss)
                  000002ac    00000018     mrfi.obj (.bss)
                  000002c4    0000000a     tick.obj (.bss)
                  000002ce    00000008     nwk_globals.obj (.bss)
                  000002d6    00000006     radio.obj (.bss)
                  000002dc    00000002     nwk_link.obj (.bss)
                  000002de    00000002     uart.obj (.bss)
                  000002e0    00000001     nwk_freq.obj (.bss)

.TI.noinit 
*          0    00000200    00000000     UNINITIALIZED

.data      0    000002e2    00000059     
                  000002e2    00000026     nwk.obj (.data)
                  00000308    00000009     mrfi.obj (.data)
                  00000311    00000001     --HOLE--
                  00000312    00000008     nwk_frame.obj (.data)
                  0000031a    00000007     nwk_join.obj (.data)
                  00000321    00000001     --HOLE--
                  00000322    00000007     nwk_link.obj (.data)
                  00000329    00000001     --HOLE--
                  0000032a    00000004     mrfi.obj (.data:mrfiRxFilterAddr)
                  0000032e    00000003     nwk_mgmt.obj (.data)
                  00000331    00000001     --HOLE--
                  00000332    00000001     bsp.obj (.data)
                  00000333    00000001     --HOLE--
                  00000334    00000001     nwk_api.obj (.data)
                  00000335    00000001     --HOLE--
                  00000336    00000001     nwk_freq.obj (.data)
                  00000337    00000001     --HOLE--
                  00000338    00000001     nwk_globals.obj (.data)
                  00000339    00000001     --HOLE--
                  0000033a    00000001     nwk_ping.obj (.data)

.TI.persistent 
*          0    000002e2    00000000     UNINITIALIZED

.stack     0    000003b0    00000050     UNINITIALIZED
                  000003b0    00000002     rts430_eabi.lib : boot.obj (.stack)
                  000003b2    0000004e     --HOLE--

.text      0    0000c000    000022ea     
                  0000c000    000001d0     mrfi.obj (.text:MRFI_Init)
                  0000c1d0    00000198     nwk_link.obj (.text:smpl_send_link_reply)
                  0000c368    0000012c     nwk_join.obj (.text:nwk_join)
                  0000c494    0000012a     nwk_QMgmt.obj (.text:nwk_QfindOldest)
                  0000c5be    0000010e     nwk_freq.obj (.text:nwk_scanForChannels)
                  0000c6cc    00000102     mrfi.obj (.text:MRFI_Transmit)
                  0000c7ce    000000f0     main_datalog.obj (.text:receiveMessage)
                  0000c8be    000000de     nwk.obj (.text:nwk_allocateLocalRxPort)
                  0000c99c    000000d8     mrfi.obj (.text:Mrfi_SyncPinRxIsr)
                  0000ca74    000000c0     nwk_api.obj (.text:SMPL_Ioctl)
                  0000cb34    000000b2     nwk_frame.obj (.text:nwk_retrieveFrame)
                  0000cbe6    000000ae     nwk_frame.obj (.text:dispatchFrame)
                  0000cc94    0000009e     nwk_frame.obj (.text:nwk_buildFrame)
                  0000cd32    0000009e     vlo_rand.obj (.text)
                  0000cdd0    0000008a     mrfi.obj (.text:spiBurstFifoAccess)
                  0000ce5a    00000086     nwk.obj (.text:nwk_nwkInit)
                  0000cee0    00000082     nwk_QMgmt.obj (.text:nwk_QfindSlot)
                  0000cf62    00000078     nwk_ioctl.obj (.text:nwk_radioControl)
                  0000cfda    0000006a     radio.obj (.text:createRandomAddress)
                  0000d044    00000068     nwk.obj (.text:nwk_isConnectionValid)
                  0000d0ac    0000005e     rts430_eabi.lib : copy_decompress_rle.obj (.text:__TI_decompress_rle_core)
                  0000d10a    0000005e                     : autoinit.obj (.text:_auto_init)
                  0000d168    00000058                     : div32u.obj (.text)
                  0000d1c0    00000054     nwk_ioctl.obj (.text:nwk_rawSend)
                  0000d214    00000050     main_datalog.obj (.text:main)
                  0000d264    00000050     nwk.obj (.text:nwk_getNextConnection)
                  0000d2b4    0000004e     radio.obj (.text:initAddr)
                  0000d302    0000004c     nwk_api.obj (.text:SMPL_Receive)
                  0000d34e    0000004c     mrfi.obj (.text:mrfiSpiCmdStrobe)
                  0000d39a    0000004c     rts430_eabi.lib : lsr16.obj (.text)
                  0000d3e6    00000048     mrfi.obj (.text:mrfiSpiInit)
                  0000d42e    00000048     mrfi.obj (.text:spiRegAccess)
                  0000d476    00000046     mrfi.obj (.text:MRFI_RxAddrIsFiltered)
                  0000d4bc    00000046     nwk.obj (.text:nwk_isLinkDuplicate)
                  0000d502    00000046     nwk_ping.obj (.text:smpl_send_ping_reply)
                  0000d548    00000044     mrfi.obj (.text:MRFI_Rssi)
                  0000d58c    00000042     nwk_api.obj (.text:SMPL_Init)
                  0000d5ce    00000040     nwk_freq.obj (.text:change_channel_cmd_is_valid)
                  0000d60e    00000040     main_datalog.obj (.text:dumpTime)
                  0000d64e    0000003e     nwk.obj (.text:initializeConnection)
                  0000d68c    0000003c     mrfi.obj (.text:MRFI_ReplyDelay)
                  0000d6c8    0000003c     nwk.obj (.text:nwk_putNumObjectIntoMsg)
                  0000d704    0000003a     nwk_freq.obj (.text:nwk_freqControl)
                  0000d73e    0000003a     nwk.obj (.text:nwk_isValidReply)
                  0000d778    0000003a     nwk_mgmt.obj (.text:nwk_processMgmt)
                  0000d7b2    00000038     init.obj (.text:init)
                  0000d7ea    00000036     mrfi.obj (.text:MRFI_WakeUp)
                  0000d820    00000034     mrfi.obj (.text:MRFI_SetRFPwr)
                  0000d854    00000034     mrfi.obj (.text:MRFI_SetRxAddrFilter)
                  0000d888    00000034     nwk_ioctl.obj (.text:nwk_deviceAddress)
                  0000d8bc    00000032     mrfi.obj (.text:MRFI_SetLogicalChannel)
                  0000d8ee    00000032     nwk_freq.obj (.text:handle_freq_cmd)
                  0000d920    00000032     nwk_QMgmt.obj (.text:nwk_QadjustOrder)
                  0000d952    00000032     nwk.obj (.text:nwk_getConnInfo)
                  0000d984    00000032     nwk_link.obj (.text:nwk_linkInit)
                  0000d9b6    00000032     nwk_freq.obj (.text:nwk_processFreq)
                  0000d9e8    00000030     mrfi.obj (.text:Mrfi_DelayUsecSem)
                  0000da18    00000030     nwk.obj (.text:map_lid2idx)
                  0000da48    00000030     nwk_ioctl.obj (.text:nwk_rawReceive)
                  0000da78    00000030     nwk_frame.obj (.text:nwk_sendFrame)
                  0000daa8    00000030     radio.obj (.text:radioRx)
                  0000dad8    00000030     uart.obj (.text:uart_init)
                  0000db08    0000002e     mrfi.obj (.text:Mrfi_CalculateRssi)
                  0000db36    0000002c     mrfi.obj (.text:Mrfi_RxModeOff)
                  0000db62    0000002c     rts430_eabi.lib : div16s.obj (.text)
                  0000db8e    0000002a     mrfi.obj (.text:Mrfi_DelayUsec)
                  0000dbb8    0000002a     nwk.obj (.text:nwk_checkConnInfo)
                  0000dbe2    00000028     nwk_globals.obj (.text:nwk_getAPAddress)
                  0000dc0a    00000028     nwk_ping.obj (.text:nwk_processPing)
                  0000dc32    00000026     mrfi.obj (.text:Mrfi_RandomBackoffDelay)
                  0000dc58    00000026     nwk_ioctl.obj (.text:nwk_connectionControl)
                  0000dc7e    00000026     nwk_globals.obj (.text:nwk_globalsInit)
                  0000dca4    00000026     nwk_join.obj (.text:nwk_joinInit)
                  0000dcca    00000026     nwk_link.obj (.text:nwk_processLink)
                  0000dcf0    00000026     rts430_eabi.lib : mult32.obj (.text)
                  0000dd16    00000024     mrfi.obj (.text:MRFI_Sleep)
                  0000dd3a    00000024     uart.obj (.text:USCI0RX_ISR)
                  0000dd5e    00000024     rts430_eabi.lib : memcmp.obj (.text:memcmp)
                  0000dd82    00000024     tick.obj (.text:timerA0_isr)
                  0000dda6    00000022     mrfi.obj (.text:MRFI_RxOn)
                  0000ddc8    00000020     bsp.obj (.text:BSP_Init)
                  0000dde8    00000020     bsp.obj (.text:BSP_InitBoard)
                  0000de08    00000020     mrfi.obj (.text:MRFI_EnableRxAddrFilter)
                  0000de28    00000020     nwk_frame.obj (.text:MRFI_RxCompleteISR)
                  0000de48    00000020     mrfi.obj (.text:MRFI_RxIdle)
                  0000de68    00000020     nwk_link.obj (.text:handleLinkRequest)
                  0000de88    00000020     rts430_eabi.lib : memmov.obj (.text:memmove)
                  0000dea8    00000020     nwk_frame.obj (.text:nwk_frameInit)
                  0000dec8    00000020     nwk_join.obj (.text:nwk_processJoin)
                  0000dee8    0000001e     bsp.obj (.text:BSP_Delay)
                  0000df06    0000001e     nwk_QMgmt.obj (.text:nwk_QInit)
                  0000df24    0000001c     mrfi.obj (.text:MRFI_GpioIsr)
                  0000df40    0000001c     mrfi.obj (.text:mrfiSpiReadReg)
                  0000df5c    0000001c     nwk_freq.obj (.text:nwk_setChannel)
                  0000df78    0000001c     nwk_globals.obj (.text:nwk_setMyAddress)
                  0000df94    0000001a     mrfi.obj (.text:BSP_GpioPort1Isr)
                  0000dfae    0000001a     rts430_eabi.lib : boot.obj (.text:_c_int00_noexit)
                  0000dfc8    0000001a     main_datalog.obj (.text:frameStart)
                  0000dfe2    00000018     backchannel.obj (.text:changeChannel)
                  0000dffa    00000018     init.obj (.text:initClock)
                  0000e012    00000018     mrfi.obj (.text:mrfiSpiWriteReg)
                  0000e02a    00000016     mrfi.obj (.text:MRFI_RandomByte)
                  0000e040    00000016     mrfi.obj (.text:Mrfi_RxModeOn)
                  0000e056    00000016     nwk_freq.obj (.text:nwk_freqInit)
                  0000e06c    00000016     rts430_eabi.lib : div16u.obj (.text)
                  0000e082    00000014                     : copy_zero_init.obj (.text:decompress:ZI:__TI_zero_init)
                  0000e096    00000014     init.obj (.text:init_Timer0_A0)
                  0000e0aa    00000014     nwk_api.obj (.text:ioctlPreInitAccessIsOK)
                  0000e0be    00000014     rts430_eabi.lib : memset.obj (.text:memset)
                  0000e0d2    00000014                     : mult16.obj (.text)
                  0000e0e6    00000012     bsp.obj (.text:BSP_InitLeds)
                  0000e0f8    00000012     nwk_freq.obj (.text:change_channel_cmd)
                  0000e10a    00000012     rts430_eabi.lib : copy_decompress_none.obj (.text:decompress:none:__TI_decompress_none)
                  0000e11c    00000012     tick.obj (.text:initTick)
                  0000e12e    00000012     rts430_eabi.lib : lsr32.obj (.text:l_lsr)
                  0000e140    00000012                     : memcpy.obj (.text:memcpy)
                  0000e152    00000012     nwk_globals.obj (.text:nwk_getMyAddress)
                  0000e164    00000012     nwk_link.obj (.text:nwk_setLinkToken)
                  0000e176    00000012     uart.obj (.text:uart_puts)
                  0000e188    00000010     rts430_eabi.lib : asr32.obj (.text:l_asr)
                  0000e198    00000010                     : epilog.obj (.text)
                  0000e1a8    0000000e     mrfi.obj (.text:MRFI_Receive)
                  0000e1b6    0000000e     radio.obj (.text:initRadioState)
                  0000e1c4    0000000e     mrfi.obj (.text:mrfiSpiWriteTxFifo)
                  0000e1d2    0000000e     nwk.obj (.text:nwk_getNumObjectFromMsg)
                  0000e1e0    0000000e     nwk_globals.obj (.text:nwk_setAPAddress)
                  0000e1ee    0000000c     mrfi.obj (.text:MRFI_PostKillSem)
                  0000e1fa    0000000c     nwk_ping.obj (.text:handlePingRequest)
                  0000e206    0000000c     mrfi.obj (.text:mrfiSpiReadRxFifo)
                  0000e212    0000000c     uart.obj (.text:uart_putc)
                  0000e21e    0000000a     bsp.obj (.text:BSP_InitButtons)
                  0000e228    0000000a     bsp.obj (.text:BSP_InitDrivers)
                  0000e232    0000000a     bsp.obj (.text:_system_pre_init)
                  0000e23c    0000000a     log.obj (.text:clearEventLog)
                  0000e246    0000000a     log.obj (.text:clearRssiLog)
                  0000e250    0000000a     tick.obj (.text:getLocalTime)
                  0000e25a    0000000a     log.obj (.text:initLog)
                  0000e264    0000000a     nwk_mgmt.obj (.text:nwk_mgmtInit)
                  0000e26e    0000000a     nwk_ping.obj (.text:nwk_pingInit)
                  0000e278    0000000a     tick.obj (.text:resetLocalTime)
                  0000e282    00000008     main_datalog.obj (.text:frameEnd)
                  0000e28a    00000008     nwk_freq.obj (.text:nwk_getChannel)
                  0000e292    00000008     radio.obj (.text:sRxCallback)
                  0000e29a    00000006     mrfi.obj (.text:MRFI_GetRadioState)
                  0000e2a0    00000006     radio.obj (.text:clearMessageWaiting)
                  0000e2a6    00000006     rts430_eabi.lib : copy_decompress_rle.obj (.text:decompress:rle24:__TI_decompress_rle24)
                  0000e2ac    00000006     radio.obj (.text:messageWaiting)
                  0000e2b2    00000006     nwk.obj (.text:nwk_freeConnection)
                  0000e2b8    00000006     nwk_globals.obj (.text:nwk_getBCastAddress)
                  0000e2be    00000006     nwk_globals.obj (.text:nwk_getFWVersion)
                  0000e2c4    00000006     nwk_frame.obj (.text:nwk_getMyRxType)
                  0000e2ca    00000006     nwk_globals.obj (.text:nwk_getProtocolVersion)
                  0000e2d0    00000006     tick.obj (.text:resetTick)
                  0000e2d6    00000006     uart.obj (.text:uart_set_rx_isr_ptr)
                  0000e2dc    00000004     rts430_eabi.lib : exit.obj (.text:abort)
                  0000e2e0    00000004     nwk_security.obj (.text:nwk_processSecurity)
                  0000e2e4    00000004     nwk_freq.obj (.text:send_ping_reply)
                  0000e2e8    00000002     nwk_security.obj (.text:nwk_securityInit)

.const     0    0000e2ea    000000af     
                  0000e2ea    00000050     main_datalog.obj (.const:.string)
                  0000e33a    0000003e     mrfi.obj (.const:mrfiRadioCfg)
                  0000e378    0000000c     nwk_frame.obj (.const:func)
                  0000e384    00000009     nwk_globals.obj (.const)
                  0000e38d    00000001     --HOLE-- [fill = 0]
                  0000e38e    00000004     mrfi.obj (.const:.string:mrfiBroadcastAddr)
                  0000e392    00000004     mrfi.obj (.const:.string:mrfiLogicalChanTable)
                  0000e396    00000003     mrfi.obj (.const:.string:mrfiRFPowerTable)

.cinit     0    0000e39a    00000020     
                  0000e39a    0000000e     (.cinit..data.load) [load image, compression = rle]
                  0000e3a8    00000006     (__TI_handler_table)
                  0000e3ae    00000004     (.cinit..bss.load) [load image, compression = zero_init]
                  0000e3b2    00000008     (__TI_cinit_table)

PORT2      0    0000ffe6    00000002     
                  0000ffe6    00000002     mrfi.obj (.int03)

USCIAB0RX 
*          0    0000ffee    00000002     
                  0000ffee    00000002     uart.obj (.int07)

TIMER0_A0 
*          0    0000fff2    00000002     
                  0000fff2    00000002     tick.obj (.int09)

.reset     0    0000fffe    00000002     
                  0000fffe    00000002     rts430_eabi.lib : boot.obj (.reset)


LINKER GENERATED COPY TABLES

__TI_cinit_table @ 0000e3b2 records: 2, size/record: 4, table size: 8
	.data: load addr=0000e39a, load size=0000000e bytes, run addr=000002e2, run size=00000059 bytes, compression=rle
	.bss: load addr=0000e3ae, load size=00000004 bytes, run addr=00000200, run size=000000e1 bytes, compression=zero_init


LINKER GENERATED HANDLER TABLE

__TI_handler_table @ 0000e3a8 records: 3, size/record: 2, table size: 6
	index: 0, handler: __TI_zero_init
	index: 1, handler: __TI_decompress_rle24
	index: 2, handler: __TI_decompress_none


GLOBAL SYMBOLS: SORTED ALPHABETICALLY BY Name 

address    name
--------   ----
0000004a   ADC10AE0
000001b0   ADC10CTL0
000001b2   ADC10CTL1
00000048   ADC10DTC0
00000049   ADC10DTC1
000001b4   ADC10MEM
000001bc   ADC10SA
00000057   BCSCTL1
00000058   BCSCTL2
00000053   BCSCTL3
0000dee8   BSP_Delay
0000df94   BSP_GpioPort1Isr
0000ddc8   BSP_Init
0000dde8   BSP_InitBoard
0000e21e   BSP_InitButtons
0000e228   BSP_InitDrivers
0000e0e6   BSP_InitLeds
0000e2dc   C$$EXIT
00000059   CACTL1
0000005a   CACTL2
000010fb   CALBC1_12MHZ
000010f9   CALBC1_16MHZ
000010ff   CALBC1_1MHZ
000010fd   CALBC1_8MHZ
000010fa   CALDCO_12MHZ
000010f8   CALDCO_16MHZ
000010fe   CALDCO_1MHZ
000010fc   CALDCO_8MHZ
0000005b   CAPD
00000056   DCOCTL
00000128   FCTL1
0000012a   FCTL2
0000012c   FCTL3
00000000   IE1
00000001   IE2
00000002   IFG1
00000003   IFG2
0000de08   MRFI_EnableRxAddrFilter
0000e29a   MRFI_GetRadioState
0000df24   MRFI_GpioIsr
0000c000   MRFI_Init
0000e1ee   MRFI_PostKillSem
0000e02a   MRFI_RandomByte
0000e1a8   MRFI_Receive
0000d68c   MRFI_ReplyDelay
0000d548   MRFI_Rssi
0000d476   MRFI_RxAddrIsFiltered
0000de28   MRFI_RxCompleteISR
0000de48   MRFI_RxIdle
0000dda6   MRFI_RxOn
0000d8bc   MRFI_SetLogicalChannel
0000d820   MRFI_SetRFPwr
0000d854   MRFI_SetRxAddrFilter
0000dd16   MRFI_Sleep
0000c6cc   MRFI_Transmit
0000d7ea   MRFI_WakeUp
00000022   P1DIR
00000025   P1IE
00000024   P1IES
00000023   P1IFG
00000020   P1IN
00000021   P1OUT
00000027   P1REN
00000026   P1SEL
00000041   P1SEL2
0000002a   P2DIR
0000002d   P2IE
0000002c   P2IES
0000002b   P2IFG
00000028   P2IN
00000029   P2OUT
0000002f   P2REN
0000002e   P2SEL
00000042   P2SEL2
0000001a   P3DIR
00000018   P3IN
00000019   P3OUT
00000010   P3REN
0000001b   P3SEL
00000043   P3SEL2
0000d58c   SMPL_Init
0000ca74   SMPL_Ioctl
0000d302   SMPL_Receive
00000172   TA0CCR0
00000174   TA0CCR1
00000176   TA0CCR2
00000162   TA0CCTL0
00000164   TA0CCTL1
00000166   TA0CCTL2
00000160   TA0CTL
0000012e   TA0IV
00000170   TA0R
00000192   TA1CCR0
00000194   TA1CCR1
00000196   TA1CCR2
00000182   TA1CCTL0
00000184   TA1CCTL1
00000186   TA1CCTL2
00000180   TA1CTL
0000011e   TA1IV
00000190   TA1R
0000cd32   TI_getRandomIntegerFromADC
0000cd5a   TI_getRandomIntegerFromVLO
0000005d   UCA0ABCTL
00000062   UCA0BR0
00000063   UCA0BR1
00000060   UCA0CTL0
00000061   UCA0CTL1
0000005f   UCA0IRRCTL
0000005e   UCA0IRTCTL
00000064   UCA0MCTL
00000066   UCA0RXBUF
00000065   UCA0STAT
00000067   UCA0TXBUF
0000006a   UCB0BR0
0000006b   UCB0BR1
00000068   UCB0CTL0
00000069   UCB0CTL1
0000006c   UCB0I2CIE
00000118   UCB0I2COA
0000011a   UCB0I2CSA
0000006e   UCB0RXBUF
0000006d   UCB0STAT
0000006f   UCB0TXBUF
0000dd3a   USCI0RX_ISR
00000120   WDTCTL
00000400   __STACK_END
00000050   __STACK_SIZE
0000e3b2   __TI_CINIT_Base
0000e3ba   __TI_CINIT_Limit
0000e3a8   __TI_Handler_Table_Base
0000e3ae   __TI_Handler_Table_Limit
UNDEFED    __TI_INITARRAY_Base
UNDEFED    __TI_INITARRAY_Limit
00000001   __TI_args_main
0000e10a   __TI_decompress_none
0000e2a6   __TI_decompress_rle24
00000001   __TI_exit
0000e082   __TI_zero_init
ffffffff   __binit__
ffffffff   __c_args__
0000db62   __mspabi_divi
0000e06c   __mspabi_divu
0000d168   __mspabi_divul
0000e1a4   __mspabi_func_epilog_1
0000e1a2   __mspabi_func_epilog_2
0000e1a0   __mspabi_func_epilog_3
0000e19e   __mspabi_func_epilog_4
0000e19c   __mspabi_func_epilog_5
0000e19a   __mspabi_func_epilog_6
0000e198   __mspabi_func_epilog_7
0000e0d2   __mspabi_mpyi
0000dcf0   __mspabi_mpyl
0000db62   __mspabi_remi
0000e06c   __mspabi_remu
0000d168   __mspabi_remul
0000e188   __mspabi_sral
0000d39a   __mspabi_srli
0000d3e0   __mspabi_srli_1
0000d3bc   __mspabi_srli_10
0000d3b8   __mspabi_srli_11
0000d3b4   __mspabi_srli_12
0000d3b0   __mspabi_srli_13
0000d3ac   __mspabi_srli_14
0000d3a8   __mspabi_srli_15
0000d3dc   __mspabi_srli_2
0000d3d8   __mspabi_srli_3
0000d3d4   __mspabi_srli_4
0000d3d0   __mspabi_srli_5
0000d3cc   __mspabi_srli_6
0000d3c8   __mspabi_srli_7
0000d3c4   __mspabi_srli_8
0000d3c0   __mspabi_srli_9
0000e12e   __mspabi_srll
0000d10a   _auto_init
0000dfae   _c_int00
0000dfae   _c_int00_noexit
0000fffe   _reset_vector
000003b0   _stack
0000e232   _system_pre_init
0000e2dc   abort
ffffffff   binit
0000dfe2   changeChannel
0000e23c   clearEventLog
0000e2a0   clearMessageWaiting
0000e246   clearRssiLog
0000cfda   createRandomAddress
0000d60e   dumpTime
0000e282   frameEnd
0000dfc8   frameStart
0000e250   getLocalTime
0000d7b2   init
0000d2b4   initAddr
0000dffa   initClock
0000e25a   initLog
0000e1b6   initRadioState
0000e11c   initTick
0000e096   init_Timer0_A0
000002c8   local_time
0000d214   main
0000dd5e   memcmp
0000e140   memcpy
0000de88   memmove
0000e0be   memset
0000e2ac   messageWaiting
0000e38e   mrfiBroadcastAddr
0000d34e   mrfiSpiCmdStrobe
0000d3e6   mrfiSpiInit
0000df40   mrfiSpiReadReg
0000e206   mrfiSpiReadRxFifo
0000e012   mrfiSpiWriteReg
0000e1c4   mrfiSpiWriteTxFifo
0000df06   nwk_QInit
0000d920   nwk_QadjustOrder
0000c494   nwk_QfindOldest
0000cee0   nwk_QfindSlot
0000c8be   nwk_allocateLocalRxPort
0000cc94   nwk_buildFrame
0000dbb8   nwk_checkConnInfo
0000dc58   nwk_connectionControl
0000d888   nwk_deviceAddress
0000dea8   nwk_frameInit
0000e2b2   nwk_freeConnection
0000d704   nwk_freqControl
0000e056   nwk_freqInit
0000dbe2   nwk_getAPAddress
0000e2b8   nwk_getBCastAddress
0000e28a   nwk_getChannel
0000d952   nwk_getConnInfo
0000e2be   nwk_getFWVersion
0000e152   nwk_getMyAddress
0000e2c4   nwk_getMyRxType
0000d264   nwk_getNextConnection
0000e1d2   nwk_getNumObjectFromMsg
0000e2ca   nwk_getProtocolVersion
0000dc7e   nwk_globalsInit
0000d044   nwk_isConnectionValid
0000d4bc   nwk_isLinkDuplicate
0000d73e   nwk_isValidReply
0000c368   nwk_join
0000dca4   nwk_joinInit
0000d984   nwk_linkInit
0000e264   nwk_mgmtInit
0000ce5a   nwk_nwkInit
0000e26e   nwk_pingInit
0000d9b6   nwk_processFreq
0000dec8   nwk_processJoin
0000dcca   nwk_processLink
0000d778   nwk_processMgmt
0000dc0a   nwk_processPing
0000e2e0   nwk_processSecurity
0000d6c8   nwk_putNumObjectIntoMsg
0000cf62   nwk_radioControl
0000da48   nwk_rawReceive
0000d1c0   nwk_rawSend
0000cb34   nwk_retrieveFrame
0000c5be   nwk_scanForChannels
0000e2e8   nwk_securityInit
0000da78   nwk_sendFrame
0000e1e0   nwk_setAPAddress
0000df5c   nwk_setChannel
0000e164   nwk_setLinkToken
0000df78   nwk_setMyAddress
0000daa8   radioRx
0000c7ce   receiveMessage
0000e278   resetLocalTime
0000e2d0   resetTick
0000e292   sRxCallback
000002c4   tick
000002cc   tick_period
0000dd82   timerA0_isr
000002c6   tock
0000dad8   uart_init
0000e212   uart_putc
0000e176   uart_puts
0000e212   uart_rx_isr
000002de   uart_rx_isr_ptr
0000e2d6   uart_set_rx_isr_ptr


GLOBAL SYMBOLS: SORTED BY Symbol Address 

address    name
--------   ----
00000000   IE1
00000001   IE2
00000001   __TI_args_main
00000001   __TI_exit
00000002   IFG1
00000003   IFG2
00000010   P3REN
00000018   P3IN
00000019   P3OUT
0000001a   P3DIR
0000001b   P3SEL
00000020   P1IN
00000021   P1OUT
00000022   P1DIR
00000023   P1IFG
00000024   P1IES
00000025   P1IE
00000026   P1SEL
00000027   P1REN
00000028   P2IN
00000029   P2OUT
0000002a   P2DIR
0000002b   P2IFG
0000002c   P2IES
0000002d   P2IE
0000002e   P2SEL
0000002f   P2REN
00000041   P1SEL2
00000042   P2SEL2
00000043   P3SEL2
00000048   ADC10DTC0
00000049   ADC10DTC1
0000004a   ADC10AE0
00000050   __STACK_SIZE
00000053   BCSCTL3
00000056   DCOCTL
00000057   BCSCTL1
00000058   BCSCTL2
00000059   CACTL1
0000005a   CACTL2
0000005b   CAPD
0000005d   UCA0ABCTL
0000005e   UCA0IRTCTL
0000005f   UCA0IRRCTL
00000060   UCA0CTL0
00000061   UCA0CTL1
00000062   UCA0BR0
00000063   UCA0BR1
00000064   UCA0MCTL
00000065   UCA0STAT
00000066   UCA0RXBUF
00000067   UCA0TXBUF
00000068   UCB0CTL0
00000069   UCB0CTL1
0000006a   UCB0BR0
0000006b   UCB0BR1
0000006c   UCB0I2CIE
0000006d   UCB0STAT
0000006e   UCB0RXBUF
0000006f   UCB0TXBUF
00000118   UCB0I2COA
0000011a   UCB0I2CSA
0000011e   TA1IV
00000120   WDTCTL
00000128   FCTL1
0000012a   FCTL2
0000012c   FCTL3
0000012e   TA0IV
00000160   TA0CTL
00000162   TA0CCTL0
00000164   TA0CCTL1
00000166   TA0CCTL2
00000170   TA0R
00000172   TA0CCR0
00000174   TA0CCR1
00000176   TA0CCR2
00000180   TA1CTL
00000182   TA1CCTL0
00000184   TA1CCTL1
00000186   TA1CCTL2
00000190   TA1R
00000192   TA1CCR0
00000194   TA1CCR1
00000196   TA1CCR2
000001b0   ADC10CTL0
000001b2   ADC10CTL1
000001b4   ADC10MEM
000001bc   ADC10SA
000002c4   tick
000002c6   tock
000002c8   local_time
000002cc   tick_period
000002de   uart_rx_isr_ptr
000003b0   _stack
00000400   __STACK_END
000010f8   CALDCO_16MHZ
000010f9   CALBC1_16MHZ
000010fa   CALDCO_12MHZ
000010fb   CALBC1_12MHZ
000010fc   CALDCO_8MHZ
000010fd   CALBC1_8MHZ
000010fe   CALDCO_1MHZ
000010ff   CALBC1_1MHZ
0000c000   MRFI_Init
0000c368   nwk_join
0000c494   nwk_QfindOldest
0000c5be   nwk_scanForChannels
0000c6cc   MRFI_Transmit
0000c7ce   receiveMessage
0000c8be   nwk_allocateLocalRxPort
0000ca74   SMPL_Ioctl
0000cb34   nwk_retrieveFrame
0000cc94   nwk_buildFrame
0000cd32   TI_getRandomIntegerFromADC
0000cd5a   TI_getRandomIntegerFromVLO
0000ce5a   nwk_nwkInit
0000cee0   nwk_QfindSlot
0000cf62   nwk_radioControl
0000cfda   createRandomAddress
0000d044   nwk_isConnectionValid
0000d10a   _auto_init
0000d168   __mspabi_divul
0000d168   __mspabi_remul
0000d1c0   nwk_rawSend
0000d214   main
0000d264   nwk_getNextConnection
0000d2b4   initAddr
0000d302   SMPL_Receive
0000d34e   mrfiSpiCmdStrobe
0000d39a   __mspabi_srli
0000d3a8   __mspabi_srli_15
0000d3ac   __mspabi_srli_14
0000d3b0   __mspabi_srli_13
0000d3b4   __mspabi_srli_12
0000d3b8   __mspabi_srli_11
0000d3bc   __mspabi_srli_10
0000d3c0   __mspabi_srli_9
0000d3c4   __mspabi_srli_8
0000d3c8   __mspabi_srli_7
0000d3cc   __mspabi_srli_6
0000d3d0   __mspabi_srli_5
0000d3d4   __mspabi_srli_4
0000d3d8   __mspabi_srli_3
0000d3dc   __mspabi_srli_2
0000d3e0   __mspabi_srli_1
0000d3e6   mrfiSpiInit
0000d476   MRFI_RxAddrIsFiltered
0000d4bc   nwk_isLinkDuplicate
0000d548   MRFI_Rssi
0000d58c   SMPL_Init
0000d60e   dumpTime
0000d68c   MRFI_ReplyDelay
0000d6c8   nwk_putNumObjectIntoMsg
0000d704   nwk_freqControl
0000d73e   nwk_isValidReply
0000d778   nwk_processMgmt
0000d7b2   init
0000d7ea   MRFI_WakeUp
0000d820   MRFI_SetRFPwr
0000d854   MRFI_SetRxAddrFilter
0000d888   nwk_deviceAddress
0000d8bc   MRFI_SetLogicalChannel
0000d920   nwk_QadjustOrder
0000d952   nwk_getConnInfo
0000d984   nwk_linkInit
0000d9b6   nwk_processFreq
0000da48   nwk_rawReceive
0000da78   nwk_sendFrame
0000daa8   radioRx
0000dad8   uart_init
0000db62   __mspabi_divi
0000db62   __mspabi_remi
0000dbb8   nwk_checkConnInfo
0000dbe2   nwk_getAPAddress
0000dc0a   nwk_processPing
0000dc58   nwk_connectionControl
0000dc7e   nwk_globalsInit
0000dca4   nwk_joinInit
0000dcca   nwk_processLink
0000dcf0   __mspabi_mpyl
0000dd16   MRFI_Sleep
0000dd3a   USCI0RX_ISR
0000dd5e   memcmp
0000dd82   timerA0_isr
0000dda6   MRFI_RxOn
0000ddc8   BSP_Init
0000dde8   BSP_InitBoard
0000de08   MRFI_EnableRxAddrFilter
0000de28   MRFI_RxCompleteISR
0000de48   MRFI_RxIdle
0000de88   memmove
0000dea8   nwk_frameInit
0000dec8   nwk_processJoin
0000dee8   BSP_Delay
0000df06   nwk_QInit
0000df24   MRFI_GpioIsr
0000df40   mrfiSpiReadReg
0000df5c   nwk_setChannel
0000df78   nwk_setMyAddress
0000df94   BSP_GpioPort1Isr
0000dfae   _c_int00
0000dfae   _c_int00_noexit
0000dfc8   frameStart
0000dfe2   changeChannel
0000dffa   initClock
0000e012   mrfiSpiWriteReg
0000e02a   MRFI_RandomByte
0000e056   nwk_freqInit
0000e06c   __mspabi_divu
0000e06c   __mspabi_remu
0000e082   __TI_zero_init
0000e096   init_Timer0_A0
0000e0be   memset
0000e0d2   __mspabi_mpyi
0000e0e6   BSP_InitLeds
0000e10a   __TI_decompress_none
0000e11c   initTick
0000e12e   __mspabi_srll
0000e140   memcpy
0000e152   nwk_getMyAddress
0000e164   nwk_setLinkToken
0000e176   uart_puts
0000e188   __mspabi_sral
0000e198   __mspabi_func_epilog_7
0000e19a   __mspabi_func_epilog_6
0000e19c   __mspabi_func_epilog_5
0000e19e   __mspabi_func_epilog_4
0000e1a0   __mspabi_func_epilog_3
0000e1a2   __mspabi_func_epilog_2
0000e1a4   __mspabi_func_epilog_1
0000e1a8   MRFI_Receive
0000e1b6   initRadioState
0000e1c4   mrfiSpiWriteTxFifo
0000e1d2   nwk_getNumObjectFromMsg
0000e1e0   nwk_setAPAddress
0000e1ee   MRFI_PostKillSem
0000e206   mrfiSpiReadRxFifo
0000e212   uart_putc
0000e212   uart_rx_isr
0000e21e   BSP_InitButtons
0000e228   BSP_InitDrivers
0000e232   _system_pre_init
0000e23c   clearEventLog
0000e246   clearRssiLog
0000e250   getLocalTime
0000e25a   initLog
0000e264   nwk_mgmtInit
0000e26e   nwk_pingInit
0000e278   resetLocalTime
0000e282   frameEnd
0000e28a   nwk_getChannel
0000e292   sRxCallback
0000e29a   MRFI_GetRadioState
0000e2a0   clearMessageWaiting
0000e2a6   __TI_decompress_rle24
0000e2ac   messageWaiting
0000e2b2   nwk_freeConnection
0000e2b8   nwk_getBCastAddress
0000e2be   nwk_getFWVersion
0000e2c4   nwk_getMyRxType
0000e2ca   nwk_getProtocolVersion
0000e2d0   resetTick
0000e2d6   uart_set_rx_isr_ptr
0000e2dc   C$$EXIT
0000e2dc   abort
0000e2e0   nwk_processSecurity
0000e2e8   nwk_securityInit
0000e38e   mrfiBroadcastAddr
0000e3a8   __TI_Handler_Table_Base
0000e3ae   __TI_Handler_Table_Limit
0000e3b2   __TI_CINIT_Base
0000e3ba   __TI_CINIT_Limit
0000fffe   _reset_vector
ffffffff   __binit__
ffffffff   __c_args__
ffffffff   binit
UNDEFED    __TI_INITARRAY_Base
UNDEFED    __TI_INITARRAY_Limit

[278 symbols]
