<?xml version="1.0"?>
<link_info>
   <banner>MSP430 Linker PC v4.1.2</banner>
   <copyright>Copyright (c) 2003-2012 Texas Instruments Incorporated</copyright>
   <link_time>0x527002b6</link_time>
   <output_file>SimpliciTI test.out</output_file>
   <entry_point>
      <name>_c_int00</name>
      <address>0xdfae</address>
   </entry_point>
   <input_file_list>
      <input_file id="fl-2">
         <path>.\components\bsp\</path>
         <kind>object</kind>
         <file>bsp.obj</file>
         <name>bsp.obj</name>
      </input_file>
      <input_file id="fl-3">
         <path>.\components\mrfi\</path>
         <kind>object</kind>
         <file>mrfi.obj</file>
         <name>mrfi.obj</name>
      </input_file>
      <input_file id="fl-4">
         <path>.\components\nwk\</path>
         <kind>object</kind>
         <file>nwk_globals.obj</file>
         <name>nwk_globals.obj</name>
      </input_file>
      <input_file id="fl-5">
         <path>.\components\nwk\</path>
         <kind>object</kind>
         <file>nwk_frame.obj</file>
         <name>nwk_frame.obj</name>
      </input_file>
      <input_file id="fl-6">
         <path>.\components\nwk\</path>
         <kind>object</kind>
         <file>nwk_api.obj</file>
         <name>nwk_api.obj</name>
      </input_file>
      <input_file id="fl-7">
         <path>.\components\nwk\</path>
         <kind>object</kind>
         <file>nwk_QMgmt.obj</file>
         <name>nwk_QMgmt.obj</name>
      </input_file>
      <input_file id="fl-8">
         <path>.\components\nwk\</path>
         <kind>object</kind>
         <file>nwk.obj</file>
         <name>nwk.obj</name>
      </input_file>
      <input_file id="fl-9">
         <path>.\components\nwk applications\</path>
         <kind>object</kind>
         <file>nwk_security.obj</file>
         <name>nwk_security.obj</name>
      </input_file>
      <input_file id="fl-a">
         <path>.\components\nwk applications\</path>
         <kind>object</kind>
         <file>nwk_ping.obj</file>
         <name>nwk_ping.obj</name>
      </input_file>
      <input_file id="fl-b">
         <path>.\components\nwk applications\</path>
         <kind>object</kind>
         <file>nwk_mgmt.obj</file>
         <name>nwk_mgmt.obj</name>
      </input_file>
      <input_file id="fl-c">
         <path>.\components\nwk applications\</path>
         <kind>object</kind>
         <file>nwk_link.obj</file>
         <name>nwk_link.obj</name>
      </input_file>
      <input_file id="fl-d">
         <path>.\components\nwk applications\</path>
         <kind>object</kind>
         <file>nwk_join.obj</file>
         <name>nwk_join.obj</name>
      </input_file>
      <input_file id="fl-e">
         <path>.\components\nwk applications\</path>
         <kind>object</kind>
         <file>nwk_ioctl.obj</file>
         <name>nwk_ioctl.obj</name>
      </input_file>
      <input_file id="fl-f">
         <path>.\components\nwk applications\</path>
         <kind>object</kind>
         <file>nwk_freq.obj</file>
         <name>nwk_freq.obj</name>
      </input_file>
      <input_file id="fl-10">
         <path>.\</path>
         <kind>object</kind>
         <file>vlo_rand.obj</file>
         <name>vlo_rand.obj</name>
      </input_file>
      <input_file id="fl-11">
         <path>.\</path>
         <kind>object</kind>
         <file>uart.obj</file>
         <name>uart.obj</name>
      </input_file>
      <input_file id="fl-12">
         <path>.\</path>
         <kind>object</kind>
         <file>trigger.obj</file>
         <name>trigger.obj</name>
      </input_file>
      <input_file id="fl-13">
         <path>.\</path>
         <kind>object</kind>
         <file>tick.obj</file>
         <name>tick.obj</name>
      </input_file>
      <input_file id="fl-14">
         <path>.\</path>
         <kind>object</kind>
         <file>radio.obj</file>
         <name>radio.obj</name>
      </input_file>
      <input_file id="fl-15">
         <path>.\</path>
         <kind>object</kind>
         <file>main_datalog.obj</file>
         <name>main_datalog.obj</name>
      </input_file>
      <input_file id="fl-16">
         <path>.\</path>
         <kind>object</kind>
         <file>log.obj</file>
         <name>log.obj</name>
      </input_file>
      <input_file id="fl-17">
         <path>.\</path>
         <kind>object</kind>
         <file>init.obj</file>
         <name>init.obj</name>
      </input_file>
      <input_file id="fl-18">
         <path>.\</path>
         <kind>object</kind>
         <file>backchannel.obj</file>
         <name>backchannel.obj</name>
      </input_file>
      <input_file id="fl-32">
         <path>C:\ti\ccsv5\tools\compiler\msp430_4.1.2\lib\</path>
         <kind>archive</kind>
         <file>rts430_eabi.lib</file>
         <name>asr32.obj</name>
      </input_file>
      <input_file id="fl-33">
         <path>C:\ti\ccsv5\tools\compiler\msp430_4.1.2\lib\</path>
         <kind>archive</kind>
         <file>rts430_eabi.lib</file>
         <name>boot.obj</name>
      </input_file>
      <input_file id="fl-34">
         <path>C:\ti\ccsv5\tools\compiler\msp430_4.1.2\lib\</path>
         <kind>archive</kind>
         <file>rts430_eabi.lib</file>
         <name>copy_decompress_none.obj</name>
      </input_file>
      <input_file id="fl-35">
         <path>C:\ti\ccsv5\tools\compiler\msp430_4.1.2\lib\</path>
         <kind>archive</kind>
         <file>rts430_eabi.lib</file>
         <name>copy_decompress_rle.obj</name>
      </input_file>
      <input_file id="fl-36">
         <path>C:\ti\ccsv5\tools\compiler\msp430_4.1.2\lib\</path>
         <kind>archive</kind>
         <file>rts430_eabi.lib</file>
         <name>copy_zero_init.obj</name>
      </input_file>
      <input_file id="fl-37">
         <path>C:\ti\ccsv5\tools\compiler\msp430_4.1.2\lib\</path>
         <kind>archive</kind>
         <file>rts430_eabi.lib</file>
         <name>div16s.obj</name>
      </input_file>
      <input_file id="fl-38">
         <path>C:\ti\ccsv5\tools\compiler\msp430_4.1.2\lib\</path>
         <kind>archive</kind>
         <file>rts430_eabi.lib</file>
         <name>div16u.obj</name>
      </input_file>
      <input_file id="fl-39">
         <path>C:\ti\ccsv5\tools\compiler\msp430_4.1.2\lib\</path>
         <kind>archive</kind>
         <file>rts430_eabi.lib</file>
         <name>div32u.obj</name>
      </input_file>
      <input_file id="fl-3a">
         <path>C:\ti\ccsv5\tools\compiler\msp430_4.1.2\lib\</path>
         <kind>archive</kind>
         <file>rts430_eabi.lib</file>
         <name>epilog.obj</name>
      </input_file>
      <input_file id="fl-3b">
         <path>C:\ti\ccsv5\tools\compiler\msp430_4.1.2\lib\</path>
         <kind>archive</kind>
         <file>rts430_eabi.lib</file>
         <name>exit.obj</name>
      </input_file>
      <input_file id="fl-3c">
         <path>C:\ti\ccsv5\tools\compiler\msp430_4.1.2\lib\</path>
         <kind>archive</kind>
         <file>rts430_eabi.lib</file>
         <name>_lock.obj</name>
      </input_file>
      <input_file id="fl-3d">
         <path>C:\ti\ccsv5\tools\compiler\msp430_4.1.2\lib\</path>
         <kind>archive</kind>
         <file>rts430_eabi.lib</file>
         <name>lsr16.obj</name>
      </input_file>
      <input_file id="fl-3e">
         <path>C:\ti\ccsv5\tools\compiler\msp430_4.1.2\lib\</path>
         <kind>archive</kind>
         <file>rts430_eabi.lib</file>
         <name>lsr32.obj</name>
      </input_file>
      <input_file id="fl-3f">
         <path>C:\ti\ccsv5\tools\compiler\msp430_4.1.2\lib\</path>
         <kind>archive</kind>
         <file>rts430_eabi.lib</file>
         <name>memcmp.obj</name>
      </input_file>
      <input_file id="fl-40">
         <path>C:\ti\ccsv5\tools\compiler\msp430_4.1.2\lib\</path>
         <kind>archive</kind>
         <file>rts430_eabi.lib</file>
         <name>memcpy.obj</name>
      </input_file>
      <input_file id="fl-41">
         <path>C:\ti\ccsv5\tools\compiler\msp430_4.1.2\lib\</path>
         <kind>archive</kind>
         <file>rts430_eabi.lib</file>
         <name>memmov.obj</name>
      </input_file>
      <input_file id="fl-42">
         <path>C:\ti\ccsv5\tools\compiler\msp430_4.1.2\lib\</path>
         <kind>archive</kind>
         <file>rts430_eabi.lib</file>
         <name>memset.obj</name>
      </input_file>
      <input_file id="fl-43">
         <path>C:\ti\ccsv5\tools\compiler\msp430_4.1.2\lib\</path>
         <kind>archive</kind>
         <file>rts430_eabi.lib</file>
         <name>mult16.obj</name>
      </input_file>
      <input_file id="fl-44">
         <path>C:\ti\ccsv5\tools\compiler\msp430_4.1.2\lib\</path>
         <kind>archive</kind>
         <file>rts430_eabi.lib</file>
         <name>mult32.obj</name>
      </input_file>
      <input_file id="fl-45">
         <path>C:\ti\ccsv5\tools\compiler\msp430_4.1.2\lib\</path>
         <kind>archive</kind>
         <file>rts430_eabi.lib</file>
         <name>args_main.obj</name>
      </input_file>
      <input_file id="fl-46">
         <path>C:\ti\ccsv5\tools\compiler\msp430_4.1.2\lib\</path>
         <kind>archive</kind>
         <file>rts430_eabi.lib</file>
         <name>autoinit.obj</name>
      </input_file>
   </input_file_list>
   <object_component_list>
      <object_component id="oc-51">
         <name>.stack</name>
         <uninitialized>true</uninitialized>
         <run_address>0x3b0</run_address>
         <size>0x2</size>
         <input_file_ref idref="fl-33"/>
      </object_component>
      <object_component id="oc-571">
         <name>.stack</name>
         <uninitialized>true</uninitialized>
         <run_address>0x3b0</run_address>
         <size>0x0</size>
      </object_component>
      <object_component id="oc-1ca">
         <name>.text:MRFI_Init</name>
         <load_address>0xc000</load_address>
         <run_address>0xc000</run_address>
         <size>0x1d0</size>
         <input_file_ref idref="fl-3"/>
      </object_component>
      <object_component id="oc-4f9">
         <name>.text:smpl_send_link_reply</name>
         <load_address>0xc1d0</load_address>
         <run_address>0xc1d0</run_address>
         <size>0x198</size>
         <input_file_ref idref="fl-c"/>
      </object_component>
      <object_component id="oc-1ed">
         <name>.text:nwk_join</name>
         <load_address>0xc368</load_address>
         <run_address>0xc368</run_address>
         <size>0x12c</size>
         <input_file_ref idref="fl-d"/>
      </object_component>
      <object_component id="oc-3a4">
         <name>.text:nwk_QfindOldest</name>
         <load_address>0xc494</load_address>
         <run_address>0xc494</run_address>
         <size>0x12a</size>
         <input_file_ref idref="fl-7"/>
      </object_component>
      <object_component id="oc-332">
         <name>.text:nwk_scanForChannels</name>
         <load_address>0xc5be</load_address>
         <run_address>0xc5be</run_address>
         <size>0x10e</size>
         <input_file_ref idref="fl-f"/>
      </object_component>
      <object_component id="oc-45b">
         <name>.text:MRFI_Transmit</name>
         <load_address>0xc6cc</load_address>
         <run_address>0xc6cc</run_address>
         <size>0x102</size>
         <input_file_ref idref="fl-3"/>
      </object_component>
      <object_component id="oc-c8">
         <name>.text:receiveMessage</name>
         <load_address>0xc7ce</load_address>
         <run_address>0xc7ce</run_address>
         <size>0xf0</size>
         <input_file_ref idref="fl-15"/>
      </object_component>
      <object_component id="oc-51f">
         <name>.text:nwk_allocateLocalRxPort</name>
         <load_address>0xc8be</load_address>
         <run_address>0xc8be</run_address>
         <size>0xde</size>
         <input_file_ref idref="fl-8"/>
      </object_component>
      <object_component id="oc-e5">
         <name>.text:Mrfi_SyncPinRxIsr</name>
         <load_address>0xc99c</load_address>
         <run_address>0xc99c</run_address>
         <size>0xd8</size>
         <input_file_ref idref="fl-3"/>
      </object_component>
      <object_component id="oc-12e">
         <name>.text:SMPL_Ioctl</name>
         <load_address>0xca74</load_address>
         <run_address>0xca74</run_address>
         <size>0xc0</size>
         <input_file_ref idref="fl-6"/>
      </object_component>
      <object_component id="oc-23f">
         <name>.text:nwk_retrieveFrame</name>
         <load_address>0xcb34</load_address>
         <run_address>0xcb34</run_address>
         <size>0xb2</size>
         <input_file_ref idref="fl-5"/>
      </object_component>
      <object_component id="oc-27c">
         <name>.text:dispatchFrame</name>
         <load_address>0xcbe6</load_address>
         <run_address>0xcbe6</run_address>
         <size>0xae</size>
         <input_file_ref idref="fl-5"/>
      </object_component>
      <object_component id="oc-38b">
         <name>.text:nwk_buildFrame</name>
         <load_address>0xcc94</load_address>
         <run_address>0xcc94</run_address>
         <size>0x9e</size>
         <input_file_ref idref="fl-5"/>
      </object_component>
      <object_component id="oc-29c">
         <name>.text</name>
         <load_address>0xcd32</load_address>
         <run_address>0xcd32</run_address>
         <size>0x9e</size>
         <input_file_ref idref="fl-10"/>
      </object_component>
      <object_component id="oc-259">
         <name>.text:spiBurstFifoAccess</name>
         <load_address>0xcdd0</load_address>
         <run_address>0xcdd0</run_address>
         <size>0x8a</size>
         <input_file_ref idref="fl-3"/>
      </object_component>
      <object_component id="oc-1cf">
         <name>.text:nwk_nwkInit</name>
         <load_address>0xce5a</load_address>
         <run_address>0xce5a</run_address>
         <size>0x86</size>
         <input_file_ref idref="fl-8"/>
      </object_component>
      <object_component id="oc-272">
         <name>.text:nwk_QfindSlot</name>
         <load_address>0xcee0</load_address>
         <run_address>0xcee0</run_address>
         <size>0x82</size>
         <input_file_ref idref="fl-7"/>
      </object_component>
      <object_component id="oc-21d">
         <name>.text:nwk_radioControl</name>
         <load_address>0xcf62</load_address>
         <run_address>0xcf62</run_address>
         <size>0x78</size>
         <input_file_ref idref="fl-e"/>
      </object_component>
      <object_component id="oc-1b2">
         <name>.text:createRandomAddress</name>
         <load_address>0xcfda</load_address>
         <run_address>0xcfda</run_address>
         <size>0x6a</size>
         <input_file_ref idref="fl-14"/>
      </object_component>
      <object_component id="oc-3ce">
         <name>.text:nwk_isConnectionValid</name>
         <load_address>0xd044</load_address>
         <run_address>0xd044</run_address>
         <size>0x68</size>
         <input_file_ref idref="fl-8"/>
      </object_component>
      <object_component id="oc-76">
         <name>.text:__TI_decompress_rle_core</name>
         <load_address>0xd0ac</load_address>
         <run_address>0xd0ac</run_address>
         <size>0x5e</size>
         <input_file_ref idref="fl-35"/>
      </object_component>
      <object_component id="oc-58">
         <name>.text:_auto_init</name>
         <load_address>0xd10a</load_address>
         <run_address>0xd10a</run_address>
         <size>0x5e</size>
         <input_file_ref idref="fl-46"/>
      </object_component>
      <object_component id="oc-2d6">
         <name>.text</name>
         <load_address>0xd168</load_address>
         <run_address>0xd168</run_address>
         <size>0x58</size>
         <input_file_ref idref="fl-39"/>
      </object_component>
      <object_component id="oc-222">
         <name>.text:nwk_rawSend</name>
         <load_address>0xd1c0</load_address>
         <run_address>0xd1c0</run_address>
         <size>0x54</size>
         <input_file_ref idref="fl-e"/>
      </object_component>
      <object_component id="oc-5c">
         <name>.text:main</name>
         <load_address>0xd214</load_address>
         <run_address>0xd214</run_address>
         <size>0x50</size>
         <input_file_ref idref="fl-15"/>
      </object_component>
      <object_component id="oc-51a">
         <name>.text:nwk_getNextConnection</name>
         <load_address>0xd264</load_address>
         <run_address>0xd264</run_address>
         <size>0x50</size>
         <input_file_ref idref="fl-8"/>
      </object_component>
      <object_component id="oc-ff">
         <name>.text:initAddr</name>
         <load_address>0xd2b4</load_address>
         <run_address>0xd2b4</run_address>
         <size>0x4e</size>
         <input_file_ref idref="fl-14"/>
      </object_component>
      <object_component id="oc-142">
         <name>.text:SMPL_Receive</name>
         <load_address>0xd302</load_address>
         <run_address>0xd302</run_address>
         <size>0x4c</size>
         <input_file_ref idref="fl-6"/>
      </object_component>
      <object_component id="oc-18e">
         <name>.text:mrfiSpiCmdStrobe</name>
         <load_address>0xd34e</load_address>
         <run_address>0xd34e</run_address>
         <size>0x4c</size>
         <input_file_ref idref="fl-3"/>
      </object_component>
      <object_component id="oc-2da">
         <name>.text</name>
         <load_address>0xd39a</load_address>
         <run_address>0xd39a</run_address>
         <size>0x4c</size>
         <input_file_ref idref="fl-3d"/>
      </object_component>
      <object_component id="oc-2ae">
         <name>.text:mrfiSpiInit</name>
         <load_address>0xd3e6</load_address>
         <run_address>0xd3e6</run_address>
         <size>0x48</size>
         <input_file_ref idref="fl-3"/>
      </object_component>
      <object_component id="oc-253">
         <name>.text:spiRegAccess</name>
         <load_address>0xd42e</load_address>
         <run_address>0xd42e</run_address>
         <size>0x48</size>
         <input_file_ref idref="fl-3"/>
      </object_component>
      <object_component id="oc-17f">
         <name>.text:MRFI_RxAddrIsFiltered</name>
         <load_address>0xd476</load_address>
         <run_address>0xd476</run_address>
         <size>0x46</size>
         <input_file_ref idref="fl-3"/>
      </object_component>
      <object_component id="oc-515">
         <name>.text:nwk_isLinkDuplicate</name>
         <load_address>0xd4bc</load_address>
         <run_address>0xd4bc</run_address>
         <size>0x46</size>
         <input_file_ref idref="fl-8"/>
      </object_component>
      <object_component id="oc-4f3">
         <name>.text:smpl_send_ping_reply</name>
         <load_address>0xd502</load_address>
         <run_address>0xd502</run_address>
         <size>0x46</size>
         <input_file_ref idref="fl-a"/>
      </object_component>
      <object_component id="oc-385">
         <name>.text:MRFI_Rssi</name>
         <load_address>0xd548</load_address>
         <run_address>0xd548</run_address>
         <size>0x44</size>
         <input_file_ref idref="fl-3"/>
      </object_component>
      <object_component id="oc-11d">
         <name>.text:SMPL_Init</name>
         <load_address>0xd58c</load_address>
         <run_address>0xd58c</run_address>
         <size>0x42</size>
         <input_file_ref idref="fl-6"/>
      </object_component>
      <object_component id="oc-4ff">
         <name>.text:change_channel_cmd_is_valid</name>
         <load_address>0xd5ce</load_address>
         <run_address>0xd5ce</run_address>
         <size>0x40</size>
         <input_file_ref idref="fl-f"/>
      </object_component>
      <object_component id="oc-14c">
         <name>.text:dumpTime</name>
         <load_address>0xd60e</load_address>
         <run_address>0xd60e</run_address>
         <size>0x40</size>
         <input_file_ref idref="fl-15"/>
      </object_component>
      <object_component id="oc-52f">
         <name>.text:initializeConnection</name>
         <load_address>0xd64e</load_address>
         <run_address>0xd64e</run_address>
         <size>0x3e</size>
         <input_file_ref idref="fl-8"/>
      </object_component>
      <object_component id="oc-343">
         <name>.text:MRFI_ReplyDelay</name>
         <load_address>0xd68c</load_address>
         <run_address>0xd68c</run_address>
         <size>0x3c</size>
         <input_file_ref idref="fl-3"/>
      </object_component>
      <object_component id="oc-339">
         <name>.text:nwk_putNumObjectIntoMsg</name>
         <load_address>0xd6c8</load_address>
         <run_address>0xd6c8</run_address>
         <size>0x3c</size>
         <input_file_ref idref="fl-8"/>
      </object_component>
      <object_component id="oc-22c">
         <name>.text:nwk_freqControl</name>
         <load_address>0xd704</load_address>
         <run_address>0xd704</run_address>
         <size>0x3a</size>
         <input_file_ref idref="fl-f"/>
      </object_component>
      <object_component id="oc-4cb">
         <name>.text:nwk_isValidReply</name>
         <load_address>0xd73e</load_address>
         <run_address>0xd73e</run_address>
         <size>0x3a</size>
         <input_file_ref idref="fl-8"/>
      </object_component>
      <object_component id="oc-48c">
         <name>.text:nwk_processMgmt</name>
         <load_address>0xd778</load_address>
         <run_address>0xd778</run_address>
         <size>0x3a</size>
         <input_file_ref idref="fl-b"/>
      </object_component>
      <object_component id="oc-ae">
         <name>.text:init</name>
         <load_address>0xd7b2</load_address>
         <run_address>0xd7b2</run_address>
         <size>0x38</size>
         <input_file_ref idref="fl-17"/>
      </object_component>
      <object_component id="oc-1d4">
         <name>.text:MRFI_WakeUp</name>
         <load_address>0xd7ea</load_address>
         <run_address>0xd7ea</run_address>
         <size>0x36</size>
         <input_file_ref idref="fl-3"/>
      </object_component>
      <object_component id="oc-2c4">
         <name>.text:MRFI_SetRFPwr</name>
         <load_address>0xd820</load_address>
         <run_address>0xd820</run_address>
         <size>0x34</size>
         <input_file_ref idref="fl-3"/>
      </object_component>
      <object_component id="oc-1e3">
         <name>.text:MRFI_SetRxAddrFilter</name>
         <load_address>0xd854</load_address>
         <run_address>0xd854</run_address>
         <size>0x34</size>
         <input_file_ref idref="fl-3"/>
      </object_component>
      <object_component id="oc-218">
         <name>.text:nwk_deviceAddress</name>
         <load_address>0xd888</load_address>
         <run_address>0xd888</run_address>
         <size>0x34</size>
         <input_file_ref idref="fl-e"/>
      </object_component>
      <object_component id="oc-2bf">
         <name>.text:MRFI_SetLogicalChannel</name>
         <load_address>0xd8bc</load_address>
         <run_address>0xd8bc</run_address>
         <size>0x32</size>
         <input_file_ref idref="fl-3"/>
      </object_component>
      <object_component id="oc-4de">
         <name>.text:handle_freq_cmd</name>
         <load_address>0xd8ee</load_address>
         <run_address>0xd8ee</run_address>
         <size>0x32</size>
         <input_file_ref idref="fl-f"/>
      </object_component>
      <object_component id="oc-3a9">
         <name>.text:nwk_QadjustOrder</name>
         <load_address>0xd920</load_address>
         <run_address>0xd920</run_address>
         <size>0x32</size>
         <input_file_ref idref="fl-7"/>
      </object_component>
      <object_component id="oc-235">
         <name>.text:nwk_getConnInfo</name>
         <load_address>0xd952</load_address>
         <run_address>0xd952</run_address>
         <size>0x32</size>
         <input_file_ref idref="fl-8"/>
      </object_component>
      <object_component id="oc-308">
         <name>.text:nwk_linkInit</name>
         <load_address>0xd984</load_address>
         <run_address>0xd984</run_address>
         <size>0x32</size>
         <input_file_ref idref="fl-c"/>
      </object_component>
      <object_component id="oc-487">
         <name>.text:nwk_processFreq</name>
         <load_address>0xd9b6</load_address>
         <run_address>0xd9b6</run_address>
         <size>0x32</size>
         <input_file_ref idref="fl-f"/>
      </object_component>
      <object_component id="oc-43f">
         <name>.text:Mrfi_DelayUsecSem</name>
         <load_address>0xd9e8</load_address>
         <run_address>0xd9e8</run_address>
         <size>0x30</size>
         <input_file_ref idref="fl-3"/>
      </object_component>
      <object_component id="oc-39d">
         <name>.text:map_lid2idx</name>
         <load_address>0xda18</load_address>
         <run_address>0xda18</run_address>
         <size>0x30</size>
         <input_file_ref idref="fl-8"/>
      </object_component>
      <object_component id="oc-227">
         <name>.text:nwk_rawReceive</name>
         <load_address>0xda48</load_address>
         <run_address>0xda48</run_address>
         <size>0x30</size>
         <input_file_ref idref="fl-e"/>
      </object_component>
      <object_component id="oc-390">
         <name>.text:nwk_sendFrame</name>
         <load_address>0xda78</load_address>
         <run_address>0xda78</run_address>
         <size>0x30</size>
         <input_file_ref idref="fl-5"/>
      </object_component>
      <object_component id="oc-be">
         <name>.text:radioRx</name>
         <load_address>0xdaa8</load_address>
         <run_address>0xdaa8</run_address>
         <size>0x30</size>
         <input_file_ref idref="fl-14"/>
      </object_component>
      <object_component id="oc-9f">
         <name>.text:uart_init</name>
         <load_address>0xdad8</load_address>
         <run_address>0xdad8</run_address>
         <size>0x30</size>
         <input_file_ref idref="fl-11"/>
      </object_component>
      <object_component id="oc-184">
         <name>.text:Mrfi_CalculateRssi</name>
         <load_address>0xdb08</load_address>
         <run_address>0xdb08</run_address>
         <size>0x2e</size>
         <input_file_ref idref="fl-3"/>
      </object_component>
      <object_component id="oc-2c9">
         <name>.text:Mrfi_RxModeOff</name>
         <load_address>0xdb36</load_address>
         <run_address>0xdb36</run_address>
         <size>0x2c</size>
         <input_file_ref idref="fl-3"/>
      </object_component>
      <object_component id="oc-26d">
         <name>.text</name>
         <load_address>0xdb62</load_address>
         <run_address>0xdb62</run_address>
         <size>0x2c</size>
         <input_file_ref idref="fl-37"/>
      </object_component>
      <object_component id="oc-2b3">
         <name>.text:Mrfi_DelayUsec</name>
         <load_address>0xdb8e</load_address>
         <run_address>0xdb8e</run_address>
         <size>0x2a</size>
         <input_file_ref idref="fl-3"/>
      </object_component>
      <object_component id="oc-23a">
         <name>.text:nwk_checkConnInfo</name>
         <load_address>0xdbb8</load_address>
         <run_address>0xdbb8</run_address>
         <size>0x2a</size>
         <input_file_ref idref="fl-8"/>
      </object_component>
      <object_component id="oc-42d">
         <name>.text:nwk_getAPAddress</name>
         <load_address>0xdbe2</load_address>
         <run_address>0xdbe2</run_address>
         <size>0x28</size>
         <input_file_ref idref="fl-4"/>
      </object_component>
      <object_component id="oc-473">
         <name>.text:nwk_processPing</name>
         <load_address>0xdc0a</load_address>
         <run_address>0xdc0a</run_address>
         <size>0x28</size>
         <input_file_ref idref="fl-a"/>
      </object_component>
      <object_component id="oc-4c3">
         <name>.text:Mrfi_RandomBackoffDelay</name>
         <load_address>0xdc32</load_address>
         <run_address>0xdc32</run_address>
         <size>0x26</size>
         <input_file_ref idref="fl-3"/>
      </object_component>
      <object_component id="oc-213">
         <name>.text:nwk_connectionControl</name>
         <load_address>0xdc58</load_address>
         <run_address>0xdc58</run_address>
         <size>0x26</size>
         <input_file_ref idref="fl-e"/>
      </object_component>
      <object_component id="oc-2e5">
         <name>.text:nwk_globalsInit</name>
         <load_address>0xdc7e</load_address>
         <run_address>0xdc7e</run_address>
         <size>0x26</size>
         <input_file_ref idref="fl-4"/>
      </object_component>
      <object_component id="oc-2fe">
         <name>.text:nwk_joinInit</name>
         <load_address>0xdca4</load_address>
         <run_address>0xdca4</run_address>
         <size>0x26</size>
         <input_file_ref idref="fl-d"/>
      </object_component>
      <object_component id="oc-478">
         <name>.text:nwk_processLink</name>
         <load_address>0xdcca</load_address>
         <run_address>0xdcca</run_address>
         <size>0x26</size>
         <input_file_ref idref="fl-c"/>
      </object_component>
      <object_component id="oc-2d2">
         <name>.text</name>
         <load_address>0xdcf0</load_address>
         <run_address>0xdcf0</run_address>
         <size>0x26</size>
         <input_file_ref idref="fl-44"/>
      </object_component>
      <object_component id="oc-34d">
         <name>.text:MRFI_Sleep</name>
         <load_address>0xdd16</load_address>
         <run_address>0xdd16</run_address>
         <size>0x24</size>
         <input_file_ref idref="fl-3"/>
      </object_component>
      <object_component id="oc-45">
         <name>.text:USCI0RX_ISR</name>
         <load_address>0xdd3a</load_address>
         <run_address>0xdd3a</run_address>
         <size>0x24</size>
         <input_file_ref idref="fl-11"/>
      </object_component>
      <object_component id="oc-3c8">
         <name>.text:memcmp</name>
         <load_address>0xdd5e</load_address>
         <run_address>0xdd5e</run_address>
         <size>0x24</size>
         <input_file_ref idref="fl-3f"/>
      </object_component>
      <object_component id="oc-4b">
         <name>.text:timerA0_isr</name>
         <load_address>0xdd82</load_address>
         <run_address>0xdd82</run_address>
         <size>0x24</size>
         <input_file_ref idref="fl-13"/>
      </object_component>
      <object_component id="oc-33e">
         <name>.text:MRFI_RxOn</name>
         <load_address>0xdda6</load_address>
         <run_address>0xdda6</run_address>
         <size>0x22</size>
         <input_file_ref idref="fl-3"/>
      </object_component>
      <object_component id="oc-fa">
         <name>.text:BSP_Init</name>
         <load_address>0xddc8</load_address>
         <run_address>0xddc8</run_address>
         <size>0x20</size>
         <input_file_ref idref="fl-2"/>
      </object_component>
      <object_component id="oc-1a7">
         <name>.text:BSP_InitBoard</name>
         <load_address>0xdde8</load_address>
         <run_address>0xdde8</run_address>
         <size>0x20</size>
         <input_file_ref idref="fl-2"/>
      </object_component>
      <object_component id="oc-1e8">
         <name>.text:MRFI_EnableRxAddrFilter</name>
         <load_address>0xde08</load_address>
         <run_address>0xde08</run_address>
         <size>0x20</size>
         <input_file_ref idref="fl-3"/>
      </object_component>
      <object_component id="oc-189">
         <name>.text:MRFI_RxCompleteISR</name>
         <load_address>0xde28</load_address>
         <run_address>0xde28</run_address>
         <size>0x20</size>
         <input_file_ref idref="fl-5"/>
      </object_component>
      <object_component id="oc-348">
         <name>.text:MRFI_RxIdle</name>
         <load_address>0xde48</load_address>
         <run_address>0xde48</run_address>
         <size>0x20</size>
         <input_file_ref idref="fl-3"/>
      </object_component>
      <object_component id="oc-4d6">
         <name>.text:handleLinkRequest</name>
         <load_address>0xde68</load_address>
         <run_address>0xde68</run_address>
         <size>0x20</size>
         <input_file_ref idref="fl-c"/>
      </object_component>
      <object_component id="oc-439">
         <name>.text:memmove</name>
         <load_address>0xde88</load_address>
         <run_address>0xde88</run_address>
         <size>0x20</size>
         <input_file_ref idref="fl-41"/>
      </object_component>
      <object_component id="oc-2ea">
         <name>.text:nwk_frameInit</name>
         <load_address>0xdea8</load_address>
         <run_address>0xdea8</run_address>
         <size>0x20</size>
         <input_file_ref idref="fl-5"/>
      </object_component>
      <object_component id="oc-47d">
         <name>.text:nwk_processJoin</name>
         <load_address>0xdec8</load_address>
         <run_address>0xdec8</run_address>
         <size>0x20</size>
         <input_file_ref idref="fl-d"/>
      </object_component>
      <object_component id="oc-3df">
         <name>.text:BSP_Delay</name>
         <load_address>0xdee8</load_address>
         <run_address>0xdee8</run_address>
         <size>0x1e</size>
         <input_file_ref idref="fl-2"/>
      </object_component>
      <object_component id="oc-2ef">
         <name>.text:nwk_QInit</name>
         <load_address>0xdf06</load_address>
         <run_address>0xdf06</run_address>
         <size>0x1e</size>
         <input_file_ref idref="fl-7"/>
      </object_component>
      <object_component id="oc-81">
         <name>.text:MRFI_GpioIsr</name>
         <load_address>0xdf24</load_address>
         <run_address>0xdf24</run_address>
         <size>0x1c</size>
         <input_file_ref idref="fl-3"/>
      </object_component>
      <object_component id="oc-16f">
         <name>.text:mrfiSpiReadReg</name>
         <load_address>0xdf40</load_address>
         <run_address>0xdf40</run_address>
         <size>0x1c</size>
         <input_file_ref idref="fl-3"/>
      </object_component>
      <object_component id="oc-1d9">
         <name>.text:nwk_setChannel</name>
         <load_address>0xdf5c</load_address>
         <run_address>0xdf5c</run_address>
         <size>0x1c</size>
         <input_file_ref idref="fl-f"/>
      </object_component>
      <object_component id="oc-37f">
         <name>.text:nwk_setMyAddress</name>
         <load_address>0xdf78</load_address>
         <run_address>0xdf78</run_address>
         <size>0x1c</size>
         <input_file_ref idref="fl-4"/>
      </object_component>
      <object_component id="oc-3f">
         <name>.text:BSP_GpioPort1Isr</name>
         <load_address>0xdf94</load_address>
         <run_address>0xdf94</run_address>
         <size>0x1a</size>
         <input_file_ref idref="fl-3"/>
      </object_component>
      <object_component id="oc-2e">
         <name>.text:_c_int00_noexit</name>
         <load_address>0xdfae</load_address>
         <run_address>0xdfae</run_address>
         <size>0x1a</size>
         <input_file_ref idref="fl-33"/>
      </object_component>
      <object_component id="oc-147">
         <name>.text:frameStart</name>
         <load_address>0xdfc8</load_address>
         <run_address>0xdfc8</run_address>
         <size>0x1a</size>
         <input_file_ref idref="fl-15"/>
      </object_component>
      <object_component id="oc-b9">
         <name>.text:changeChannel</name>
         <load_address>0xdfe2</load_address>
         <run_address>0xdfe2</run_address>
         <size>0x18</size>
         <input_file_ref idref="fl-18"/>
      </object_component>
      <object_component id="oc-104">
         <name>.text:initClock</name>
         <load_address>0xdffa</load_address>
         <run_address>0xdffa</run_address>
         <size>0x18</size>
         <input_file_ref idref="fl-17"/>
      </object_component>
      <object_component id="oc-2b8">
         <name>.text:mrfiSpiWriteReg</name>
         <load_address>0xe012</load_address>
         <run_address>0xe012</run_address>
         <size>0x18</size>
         <input_file_ref idref="fl-3"/>
      </object_component>
      <object_component id="oc-401">
         <name>.text:MRFI_RandomByte</name>
         <load_address>0xe02a</load_address>
         <run_address>0xe02a</run_address>
         <size>0x16</size>
         <input_file_ref idref="fl-3"/>
      </object_component>
      <object_component id="oc-3ea">
         <name>.text:Mrfi_RxModeOn</name>
         <load_address>0xe040</load_address>
         <run_address>0xe040</run_address>
         <size>0x16</size>
         <input_file_ref idref="fl-3"/>
      </object_component>
      <object_component id="oc-2f4">
         <name>.text:nwk_freqInit</name>
         <load_address>0xe056</load_address>
         <run_address>0xe056</run_address>
         <size>0x16</size>
         <input_file_ref idref="fl-f"/>
      </object_component>
      <object_component id="oc-3bc">
         <name>.text</name>
         <load_address>0xe06c</load_address>
         <run_address>0xe06c</run_address>
         <size>0x16</size>
         <input_file_ref idref="fl-38"/>
      </object_component>
      <object_component id="oc-37">
         <name>.text:decompress:ZI:__TI_zero_init</name>
         <load_address>0xe082</load_address>
         <run_address>0xe082</run_address>
         <size>0x14</size>
         <input_file_ref idref="fl-36"/>
      </object_component>
      <object_component id="oc-10e">
         <name>.text:init_Timer0_A0</name>
         <load_address>0xe096</load_address>
         <run_address>0xe096</run_address>
         <size>0x14</size>
         <input_file_ref idref="fl-17"/>
      </object_component>
      <object_component id="oc-204">
         <name>.text:ioctlPreInitAccessIsOK</name>
         <load_address>0xe0aa</load_address>
         <run_address>0xe0aa</run_address>
         <size>0x14</size>
         <input_file_ref idref="fl-6"/>
      </object_component>
      <object_component id="oc-17b">
         <name>.text:memset</name>
         <load_address>0xe0be</load_address>
         <run_address>0xe0be</run_address>
         <size>0x14</size>
         <input_file_ref idref="fl-42"/>
      </object_component>
      <object_component id="oc-2de">
         <name>.text</name>
         <load_address>0xe0d2</load_address>
         <run_address>0xe0d2</run_address>
         <size>0x14</size>
         <input_file_ref idref="fl-43"/>
      </object_component>
      <object_component id="oc-291">
         <name>.text:BSP_InitLeds</name>
         <load_address>0xe0e6</load_address>
         <run_address>0xe0e6</run_address>
         <size>0x12</size>
         <input_file_ref idref="fl-2"/>
      </object_component>
      <object_component id="oc-504">
         <name>.text:change_channel_cmd</name>
         <load_address>0xe0f8</load_address>
         <run_address>0xe0f8</run_address>
         <size>0x12</size>
         <input_file_ref idref="fl-f"/>
      </object_component>
      <object_component id="oc-33">
         <name>.text:decompress:none:__TI_decompress_none</name>
         <load_address>0xe10a</load_address>
         <run_address>0xe10a</run_address>
         <size>0x12</size>
         <input_file_ref idref="fl-34"/>
      </object_component>
      <object_component id="oc-122">
         <name>.text:initTick</name>
         <load_address>0xe11c</load_address>
         <run_address>0xe11c</run_address>
         <size>0x12</size>
         <input_file_ref idref="fl-13"/>
      </object_component>
      <object_component id="oc-246">
         <name>.text:l_lsr</name>
         <load_address>0xe12e</load_address>
         <run_address>0xe12e</run_address>
         <size>0x12</size>
         <input_file_ref idref="fl-3e"/>
      </object_component>
      <object_component id="oc-66">
         <name>.text:memcpy</name>
         <load_address>0xe140</load_address>
         <run_address>0xe140</run_address>
         <size>0x12</size>
         <input_file_ref idref="fl-40"/>
      </object_component>
      <object_component id="oc-1de">
         <name>.text:nwk_getMyAddress</name>
         <load_address>0xe152</load_address>
         <run_address>0xe152</run_address>
         <size>0x12</size>
         <input_file_ref idref="fl-4"/>
      </object_component>
      <object_component id="oc-352">
         <name>.text:nwk_setLinkToken</name>
         <load_address>0xe164</load_address>
         <run_address>0xe164</run_address>
         <size>0x12</size>
         <input_file_ref idref="fl-c"/>
      </object_component>
      <object_component id="oc-b4">
         <name>.text:uart_puts</name>
         <load_address>0xe176</load_address>
         <run_address>0xe176</run_address>
         <size>0x12</size>
         <input_file_ref idref="fl-11"/>
      </object_component>
      <object_component id="oc-2ce">
         <name>.text:l_asr</name>
         <load_address>0xe188</load_address>
         <run_address>0xe188</run_address>
         <size>0x10</size>
         <input_file_ref idref="fl-32"/>
      </object_component>
      <object_component id="oc-9a">
         <name>.text</name>
         <load_address>0xe198</load_address>
         <run_address>0xe198</run_address>
         <size>0x10</size>
         <input_file_ref idref="fl-3a"/>
      </object_component>
      <object_component id="oc-277">
         <name>.text:MRFI_Receive</name>
         <load_address>0xe1a8</load_address>
         <run_address>0xe1a8</run_address>
         <size>0xe</size>
         <input_file_ref idref="fl-3"/>
      </object_component>
      <object_component id="oc-113">
         <name>.text:initRadioState</name>
         <load_address>0xe1b6</load_address>
         <run_address>0xe1b6</run_address>
         <size>0xe</size>
         <input_file_ref idref="fl-14"/>
      </object_component>
      <object_component id="oc-4be">
         <name>.text:mrfiSpiWriteTxFifo</name>
         <load_address>0xe1c4</load_address>
         <run_address>0xe1c4</run_address>
         <size>0xe</size>
         <input_file_ref idref="fl-3"/>
      </object_component>
      <object_component id="oc-510">
         <name>.text:nwk_getNumObjectFromMsg</name>
         <load_address>0xe1d2</load_address>
         <run_address>0xe1d2</run_address>
         <size>0xe</size>
         <input_file_ref idref="fl-8"/>
      </object_component>
      <object_component id="oc-357">
         <name>.text:nwk_setAPAddress</name>
         <load_address>0xe1e0</load_address>
         <run_address>0xe1e0</run_address>
         <size>0xe</size>
         <input_file_ref idref="fl-4"/>
      </object_component>
      <object_component id="oc-493">
         <name>.text:MRFI_PostKillSem</name>
         <load_address>0xe1ee</load_address>
         <run_address>0xe1ee</run_address>
         <size>0xc</size>
         <input_file_ref idref="fl-3"/>
      </object_component>
      <object_component id="oc-4d0">
         <name>.text:handlePingRequest</name>
         <load_address>0xe1fa</load_address>
         <run_address>0xe1fa</run_address>
         <size>0xc</size>
         <input_file_ref idref="fl-a"/>
      </object_component>
      <object_component id="oc-174">
         <name>.text:mrfiSpiReadRxFifo</name>
         <load_address>0xe206</load_address>
         <run_address>0xe206</run_address>
         <size>0xc</size>
         <input_file_ref idref="fl-3"/>
      </object_component>
      <object_component id="oc-a4">
         <name>.text:uart_putc</name>
         <load_address>0xe212</load_address>
         <run_address>0xe212</run_address>
         <size>0xc</size>
         <input_file_ref idref="fl-11"/>
      </object_component>
      <object_component id="oc-296">
         <name>.text:BSP_InitButtons</name>
         <load_address>0xe21e</load_address>
         <run_address>0xe21e</run_address>
         <size>0xa</size>
         <input_file_ref idref="fl-2"/>
      </object_component>
      <object_component id="oc-1ac">
         <name>.text:BSP_InitDrivers</name>
         <load_address>0xe228</load_address>
         <run_address>0xe228</run_address>
         <size>0xa</size>
         <input_file_ref idref="fl-2"/>
      </object_component>
      <object_component id="oc-53">
         <name>.text:_system_pre_init</name>
         <load_address>0xe232</load_address>
         <run_address>0xe232</run_address>
         <size>0xa</size>
         <input_file_ref idref="fl-2"/>
      </object_component>
      <object_component id="oc-1ba">
         <name>.text:clearEventLog</name>
         <load_address>0xe23c</load_address>
         <run_address>0xe23c</run_address>
         <size>0xa</size>
         <input_file_ref idref="fl-16"/>
      </object_component>
      <object_component id="oc-1bf">
         <name>.text:clearRssiLog</name>
         <load_address>0xe246</load_address>
         <run_address>0xe246</run_address>
         <size>0xa</size>
         <input_file_ref idref="fl-16"/>
      </object_component>
      <object_component id="oc-13d">
         <name>.text:getLocalTime</name>
         <load_address>0xe250</load_address>
         <run_address>0xe250</run_address>
         <size>0xa</size>
         <input_file_ref idref="fl-13"/>
      </object_component>
      <object_component id="oc-109">
         <name>.text:initLog</name>
         <load_address>0xe25a</load_address>
         <run_address>0xe25a</run_address>
         <size>0xa</size>
         <input_file_ref idref="fl-16"/>
      </object_component>
      <object_component id="oc-303">
         <name>.text:nwk_mgmtInit</name>
         <load_address>0xe264</load_address>
         <run_address>0xe264</run_address>
         <size>0xa</size>
         <input_file_ref idref="fl-b"/>
      </object_component>
      <object_component id="oc-2f9">
         <name>.text:nwk_pingInit</name>
         <load_address>0xe26e</load_address>
         <run_address>0xe26e</run_address>
         <size>0xa</size>
         <input_file_ref idref="fl-a"/>
      </object_component>
      <object_component id="oc-1fe">
         <name>.text:resetLocalTime</name>
         <load_address>0xe278</load_address>
         <run_address>0xe278</run_address>
         <size>0xa</size>
         <input_file_ref idref="fl-13"/>
      </object_component>
      <object_component id="oc-151">
         <name>.text:frameEnd</name>
         <load_address>0xe282</load_address>
         <run_address>0xe282</run_address>
         <size>0x8</size>
         <input_file_ref idref="fl-15"/>
      </object_component>
      <object_component id="oc-397">
         <name>.text:nwk_getChannel</name>
         <load_address>0xe28a</load_address>
         <run_address>0xe28a</run_address>
         <size>0x8</size>
         <input_file_ref idref="fl-f"/>
      </object_component>
      <object_component id="oc-118">
         <name>.text:sRxCallback</name>
         <load_address>0xe292</load_address>
         <run_address>0xe292</run_address>
         <size>0x8</size>
         <input_file_ref idref="fl-14"/>
      </object_component>
      <object_component id="oc-32d">
         <name>.text:MRFI_GetRadioState</name>
         <load_address>0xe29a</load_address>
         <run_address>0xe29a</run_address>
         <size>0x6</size>
         <input_file_ref idref="fl-3"/>
      </object_component>
      <object_component id="oc-156">
         <name>.text:clearMessageWaiting</name>
         <load_address>0xe2a0</load_address>
         <run_address>0xe2a0</run_address>
         <size>0x6</size>
         <input_file_ref idref="fl-14"/>
      </object_component>
      <object_component id="oc-3b">
         <name>.text:decompress:rle24:__TI_decompress_rle24</name>
         <load_address>0xe2a6</load_address>
         <run_address>0xe2a6</run_address>
         <size>0x6</size>
         <input_file_ref idref="fl-35"/>
      </object_component>
      <object_component id="oc-c3">
         <name>.text:messageWaiting</name>
         <load_address>0xe2ac</load_address>
         <run_address>0xe2ac</run_address>
         <size>0x6</size>
         <input_file_ref idref="fl-14"/>
      </object_component>
      <object_component id="oc-378">
         <name>.text:nwk_freeConnection</name>
         <load_address>0xe2b2</load_address>
         <run_address>0xe2b2</run_address>
         <size>0x6</size>
         <input_file_ref idref="fl-8"/>
      </object_component>
      <object_component id="oc-312">
         <name>.text:nwk_getBCastAddress</name>
         <load_address>0xe2b8</load_address>
         <run_address>0xe2b8</run_address>
         <size>0x6</size>
         <input_file_ref idref="fl-4"/>
      </object_component>
      <object_component id="oc-20e">
         <name>.text:nwk_getFWVersion</name>
         <load_address>0xe2be</load_address>
         <run_address>0xe2be</run_address>
         <size>0x6</size>
         <input_file_ref idref="fl-4"/>
      </object_component>
      <object_component id="oc-524">
         <name>.text:nwk_getMyRxType</name>
         <load_address>0xe2c4</load_address>
         <run_address>0xe2c4</run_address>
         <size>0x6</size>
         <input_file_ref idref="fl-5"/>
      </object_component>
      <object_component id="oc-209">
         <name>.text:nwk_getProtocolVersion</name>
         <load_address>0xe2ca</load_address>
         <run_address>0xe2ca</run_address>
         <size>0x6</size>
         <input_file_ref idref="fl-4"/>
      </object_component>
      <object_component id="oc-1f9">
         <name>.text:resetTick</name>
         <load_address>0xe2d0</load_address>
         <run_address>0xe2d0</run_address>
         <size>0x6</size>
         <input_file_ref idref="fl-13"/>
      </object_component>
      <object_component id="oc-a9">
         <name>.text:uart_set_rx_isr_ptr</name>
         <load_address>0xe2d6</load_address>
         <run_address>0xe2d6</run_address>
         <size>0x6</size>
         <input_file_ref idref="fl-11"/>
      </object_component>
      <object_component id="oc-61">
         <name>.text:abort</name>
         <load_address>0xe2dc</load_address>
         <run_address>0xe2dc</run_address>
         <size>0x4</size>
         <input_file_ref idref="fl-3b"/>
      </object_component>
      <object_component id="oc-482">
         <name>.text:nwk_processSecurity</name>
         <load_address>0xe2e0</load_address>
         <run_address>0xe2e0</run_address>
         <size>0x4</size>
         <input_file_ref idref="fl-9"/>
      </object_component>
      <object_component id="oc-509">
         <name>.text:send_ping_reply</name>
         <load_address>0xe2e4</load_address>
         <run_address>0xe2e4</run_address>
         <size>0x4</size>
         <input_file_ref idref="fl-f"/>
      </object_component>
      <object_component id="oc-30d">
         <name>.text:nwk_securityInit</name>
         <load_address>0xe2e8</load_address>
         <run_address>0xe2e8</run_address>
         <size>0x2</size>
         <input_file_ref idref="fl-9"/>
      </object_component>
      <object_component id="oc-570">
         <name>.cinit..data.load</name>
         <load_address>0xe39a</load_address>
         <run_address>0xe39a</run_address>
         <size>0xe</size>
      </object_component>
      <object_component id="oc-56d">
         <name>__TI_handler_table</name>
         <load_address>0xe3a8</load_address>
         <run_address>0xe3a8</run_address>
         <size>0x6</size>
      </object_component>
      <object_component id="oc-56f">
         <name>.cinit..bss.load</name>
         <load_address>0xe3ae</load_address>
         <run_address>0xe3ae</run_address>
         <size>0x4</size>
      </object_component>
      <object_component id="oc-56e">
         <name>__TI_cinit_table</name>
         <load_address>0xe3b2</load_address>
         <run_address>0xe3b2</run_address>
         <size>0x8</size>
      </object_component>
      <object_component id="oc-b3">
         <name>.const:.string</name>
         <load_address>0xe2ea</load_address>
         <run_address>0xe2ea</run_address>
         <size>0x50</size>
         <input_file_ref idref="fl-15"/>
      </object_component>
      <object_component id="oc-2bd">
         <name>.const:mrfiRadioCfg</name>
         <load_address>0xe33a</load_address>
         <run_address>0xe33a</run_address>
         <size>0x3e</size>
         <input_file_ref idref="fl-3"/>
      </object_component>
      <object_component id="oc-3cc">
         <name>.const:func</name>
         <load_address>0xe378</load_address>
         <run_address>0xe378</run_address>
         <size>0xc</size>
         <input_file_ref idref="fl-5"/>
      </object_component>
      <object_component id="oc-327">
         <name>.const</name>
         <load_address>0xe384</load_address>
         <run_address>0xe384</run_address>
         <size>0x9</size>
         <input_file_ref idref="fl-4"/>
      </object_component>
      <object_component id="oc-26a">
         <name>.const:.string:mrfiBroadcastAddr</name>
         <load_address>0xe38e</load_address>
         <run_address>0xe38e</run_address>
         <size>0x4</size>
         <input_file_ref idref="fl-3"/>
      </object_component>
      <object_component id="oc-3e8">
         <name>.const:.string:mrfiLogicalChanTable</name>
         <load_address>0xe392</load_address>
         <run_address>0xe392</run_address>
         <size>0x4</size>
         <input_file_ref idref="fl-3"/>
      </object_component>
      <object_component id="oc-3f0">
         <name>.const:.string:mrfiRFPowerTable</name>
         <load_address>0xe396</load_address>
         <run_address>0xe396</run_address>
         <size>0x3</size>
         <input_file_ref idref="fl-3"/>
      </object_component>
      <object_component id="oc-40">
         <name>.int03</name>
         <load_address>0xffe6</load_address>
         <run_address>0xffe6</run_address>
         <size>0x2</size>
         <input_file_ref idref="fl-3"/>
      </object_component>
      <object_component id="oc-46">
         <name>.int07</name>
         <load_address>0xffee</load_address>
         <run_address>0xffee</run_address>
         <size>0x2</size>
         <input_file_ref idref="fl-11"/>
      </object_component>
      <object_component id="oc-4c">
         <name>.int09</name>
         <load_address>0xfff2</load_address>
         <run_address>0xfff2</run_address>
         <size>0x2</size>
         <input_file_ref idref="fl-13"/>
      </object_component>
      <object_component id="oc-2f">
         <name>.reset</name>
         <load_address>0xfffe</load_address>
         <run_address>0xfffe</run_address>
         <size>0x2</size>
         <input_file_ref idref="fl-33"/>
      </object_component>
      <object_component id="oc-87">
         <name>.bss</name>
         <uninitialized>true</uninitialized>
         <run_address>0x2de</run_address>
         <size>0x2</size>
         <input_file_ref idref="fl-11"/>
      </object_component>
      <object_component id="oc-8a">
         <name>.bss</name>
         <uninitialized>true</uninitialized>
         <run_address>0x2c4</run_address>
         <size>0xa</size>
         <input_file_ref idref="fl-13"/>
      </object_component>
      <object_component id="oc-139">
         <name>.bss</name>
         <uninitialized>true</uninitialized>
         <run_address>0x2d6</run_address>
         <size>0x6</size>
         <input_file_ref idref="fl-14"/>
      </object_component>
      <object_component id="oc-179">
         <name>.bss</name>
         <uninitialized>true</uninitialized>
         <run_address>0x2ac</run_address>
         <size>0x18</size>
         <input_file_ref idref="fl-3"/>
      </object_component>
      <object_component id="oc-2a8">
         <name>.bss</name>
         <uninitialized>true</uninitialized>
         <run_address>0x268</run_address>
         <size>0x44</size>
         <input_file_ref idref="fl-16"/>
      </object_component>
      <object_component id="oc-31f">
         <name>.bss</name>
         <uninitialized>true</uninitialized>
         <run_address>0x2e0</run_address>
         <size>0x1</size>
         <input_file_ref idref="fl-f"/>
      </object_component>
      <object_component id="oc-325">
         <name>.bss</name>
         <uninitialized>true</uninitialized>
         <run_address>0x2ce</run_address>
         <size>0x8</size>
         <input_file_ref idref="fl-4"/>
      </object_component>
      <object_component id="oc-3c1">
         <name>.bss</name>
         <uninitialized>true</uninitialized>
         <run_address>0x200</run_address>
         <size>0x68</size>
         <input_file_ref idref="fl-7"/>
      </object_component>
      <object_component id="oc-414">
         <name>.bss</name>
         <uninitialized>true</uninitialized>
         <run_address>0x2dc</run_address>
         <size>0x2</size>
         <input_file_ref idref="fl-c"/>
      </object_component>
      <object_component id="oc-16d">
         <name>.data</name>
         <load_address>0x308</load_address>
         <run_address>0x308</run_address>
         <size>0x9</size>
         <input_file_ref idref="fl-3"/>
      </object_component>
      <object_component id="oc-1c8">
         <name>.data</name>
         <load_address>0x334</load_address>
         <run_address>0x334</run_address>
         <size>0x1</size>
         <input_file_ref idref="fl-6"/>
      </object_component>
      <object_component id="oc-268">
         <name>.data:mrfiRxFilterAddr</name>
         <load_address>0x32a</load_address>
         <run_address>0x32a</run_address>
         <size>0x4</size>
         <input_file_ref idref="fl-3"/>
      </object_component>
      <object_component id="oc-28e">
         <name>.data</name>
         <load_address>0x332</load_address>
         <run_address>0x332</run_address>
         <size>0x1</size>
         <input_file_ref idref="fl-2"/>
      </object_component>
      <object_component id="oc-2e3">
         <name>.data</name>
         <load_address>0x2e2</load_address>
         <run_address>0x2e2</run_address>
         <size>0x26</size>
         <input_file_ref idref="fl-8"/>
      </object_component>
      <object_component id="oc-323">
         <name>.data</name>
         <load_address>0x338</load_address>
         <run_address>0x338</run_address>
         <size>0x1</size>
         <input_file_ref idref="fl-4"/>
      </object_component>
      <object_component id="oc-337">
         <name>.data</name>
         <load_address>0x31a</load_address>
         <run_address>0x31a</run_address>
         <size>0x7</size>
         <input_file_ref idref="fl-d"/>
      </object_component>
      <object_component id="oc-3c6">
         <name>.data</name>
         <load_address>0x312</load_address>
         <run_address>0x312</run_address>
         <size>0x8</size>
         <input_file_ref idref="fl-5"/>
      </object_component>
      <object_component id="oc-408">
         <name>.data</name>
         <load_address>0x336</load_address>
         <run_address>0x336</run_address>
         <size>0x1</size>
         <input_file_ref idref="fl-f"/>
      </object_component>
      <object_component id="oc-40b">
         <name>.data</name>
         <load_address>0x33a</load_address>
         <run_address>0x33a</run_address>
         <size>0x1</size>
         <input_file_ref idref="fl-a"/>
      </object_component>
      <object_component id="oc-40f">
         <name>.data</name>
         <load_address>0x32e</load_address>
         <run_address>0x32e</run_address>
         <size>0x3</size>
         <input_file_ref idref="fl-b"/>
      </object_component>
      <object_component id="oc-412">
         <name>.data</name>
         <load_address>0x322</load_address>
         <run_address>0x322</run_address>
         <size>0x7</size>
         <input_file_ref idref="fl-c"/>
      </object_component>
      <object_component id="oc-30">
         <name>.debug_info</name>
         <load_address>0x0</load_address>
         <run_address>0x0</run_address>
         <size>0x129</size>
         <input_file_ref idref="fl-33"/>
      </object_component>
      <object_component id="oc-34">
         <name>.debug_info</name>
         <load_address>0x129</load_address>
         <run_address>0x129</run_address>
         <size>0x159</size>
         <input_file_ref idref="fl-34"/>
      </object_component>
      <object_component id="oc-38">
         <name>.debug_info</name>
         <load_address>0x282</load_address>
         <run_address>0x282</run_address>
         <size>0x193</size>
         <input_file_ref idref="fl-36"/>
      </object_component>
      <object_component id="oc-3c">
         <name>.debug_info</name>
         <load_address>0x415</load_address>
         <run_address>0x415</run_address>
         <size>0x16a</size>
         <input_file_ref idref="fl-35"/>
      </object_component>
      <object_component id="oc-41">
         <name>.debug_info</name>
         <load_address>0x57f</load_address>
         <run_address>0x57f</run_address>
         <size>0x1f7</size>
         <input_file_ref idref="fl-3"/>
      </object_component>
      <object_component id="oc-47">
         <name>.debug_info</name>
         <load_address>0x776</load_address>
         <run_address>0x776</run_address>
         <size>0x10f</size>
         <input_file_ref idref="fl-11"/>
      </object_component>
      <object_component id="oc-4d">
         <name>.debug_info</name>
         <load_address>0x885</load_address>
         <run_address>0x885</run_address>
         <size>0x108</size>
         <input_file_ref idref="fl-13"/>
      </object_component>
      <object_component id="oc-52">
         <name>.debug_info</name>
         <load_address>0x98d</load_address>
         <run_address>0x98d</run_address>
         <size>0xaa</size>
         <input_file_ref idref="fl-33"/>
      </object_component>
      <object_component id="oc-54">
         <name>.debug_info</name>
         <load_address>0xa37</load_address>
         <run_address>0xa37</run_address>
         <size>0x1c9</size>
         <input_file_ref idref="fl-2"/>
      </object_component>
      <object_component id="oc-59">
         <name>.debug_info</name>
         <load_address>0xc00</load_address>
         <run_address>0xc00</run_address>
         <size>0x1aa</size>
         <input_file_ref idref="fl-46"/>
      </object_component>
      <object_component id="oc-5d">
         <name>.debug_info</name>
         <load_address>0xdaa</load_address>
         <run_address>0xdaa</run_address>
         <size>0x22e</size>
         <input_file_ref idref="fl-15"/>
      </object_component>
      <object_component id="oc-62">
         <name>.debug_info</name>
         <load_address>0xfd8</load_address>
         <run_address>0xfd8</run_address>
         <size>0x121</size>
         <input_file_ref idref="fl-3b"/>
      </object_component>
      <object_component id="oc-67">
         <name>.debug_info</name>
         <load_address>0x10f9</load_address>
         <run_address>0x10f9</run_address>
         <size>0x160</size>
         <input_file_ref idref="fl-40"/>
      </object_component>
      <object_component id="oc-6b">
         <name>.debug_info</name>
         <load_address>0x1259</load_address>
         <run_address>0x1259</run_address>
         <size>0x46</size>
         <input_file_ref idref="fl-34"/>
      </object_component>
      <object_component id="oc-71">
         <name>.debug_info</name>
         <load_address>0x129f</load_address>
         <run_address>0x129f</run_address>
         <size>0x46</size>
         <input_file_ref idref="fl-36"/>
      </object_component>
      <object_component id="oc-77">
         <name>.debug_info</name>
         <load_address>0x12e5</load_address>
         <run_address>0x12e5</run_address>
         <size>0x312</size>
         <input_file_ref idref="fl-35"/>
      </object_component>
      <object_component id="oc-7b">
         <name>.debug_info</name>
         <load_address>0x15f7</load_address>
         <run_address>0x15f7</run_address>
         <size>0x124</size>
         <input_file_ref idref="fl-35"/>
      </object_component>
      <object_component id="oc-7c">
         <name>.debug_info</name>
         <load_address>0x171b</load_address>
         <run_address>0x171b</run_address>
         <size>0x39</size>
         <input_file_ref idref="fl-35"/>
      </object_component>
      <object_component id="oc-82">
         <name>.debug_info</name>
         <load_address>0x1754</load_address>
         <run_address>0x1754</run_address>
         <size>0x1c6</size>
         <input_file_ref idref="fl-3"/>
      </object_component>
      <object_component id="oc-88">
         <name>.debug_info</name>
         <load_address>0x191a</load_address>
         <run_address>0x191a</run_address>
         <size>0xe5</size>
         <input_file_ref idref="fl-11"/>
      </object_component>
      <object_component id="oc-8b">
         <name>.debug_info</name>
         <load_address>0x19ff</load_address>
         <run_address>0x19ff</run_address>
         <size>0x134</size>
         <input_file_ref idref="fl-13"/>
      </object_component>
      <object_component id="oc-8f">
         <name>.debug_info</name>
         <load_address>0x1b33</load_address>
         <run_address>0x1b33</run_address>
         <size>0x89</size>
         <input_file_ref idref="fl-33"/>
      </object_component>
      <object_component id="oc-95">
         <name>.debug_info</name>
         <load_address>0x1bbc</load_address>
         <run_address>0x1bbc</run_address>
         <size>0x84</size>
         <input_file_ref idref="fl-2"/>
      </object_component>
      <object_component id="oc-9b">
         <name>.debug_info</name>
         <load_address>0x1c40</load_address>
         <run_address>0x1c40</run_address>
         <size>0xe2</size>
         <input_file_ref idref="fl-3a"/>
      </object_component>
      <object_component id="oc-a0">
         <name>.debug_info</name>
         <load_address>0x1d22</load_address>
         <run_address>0x1d22</run_address>
         <size>0x11d</size>
         <input_file_ref idref="fl-11"/>
      </object_component>
      <object_component id="oc-a5">
         <name>.debug_info</name>
         <load_address>0x1e3f</load_address>
         <run_address>0x1e3f</run_address>
         <size>0x179</size>
         <input_file_ref idref="fl-11"/>
      </object_component>
      <object_component id="oc-aa">
         <name>.debug_info</name>
         <load_address>0x1fb8</load_address>
         <run_address>0x1fb8</run_address>
         <size>0x145</size>
         <input_file_ref idref="fl-11"/>
      </object_component>
      <object_component id="oc-af">
         <name>.debug_info</name>
         <load_address>0x20fd</load_address>
         <run_address>0x20fd</run_address>
         <size>0x1bc</size>
         <input_file_ref idref="fl-17"/>
      </object_component>
      <object_component id="oc-b5">
         <name>.debug_info</name>
         <load_address>0x22b9</load_address>
         <run_address>0x22b9</run_address>
         <size>0x19a</size>
         <input_file_ref idref="fl-11"/>
      </object_component>
      <object_component id="oc-ba">
         <name>.debug_info</name>
         <load_address>0x2453</load_address>
         <run_address>0x2453</run_address>
         <size>0x1d8</size>
         <input_file_ref idref="fl-18"/>
      </object_component>
      <object_component id="oc-bf">
         <name>.debug_info</name>
         <load_address>0x262b</load_address>
         <run_address>0x262b</run_address>
         <size>0x124</size>
         <input_file_ref idref="fl-14"/>
      </object_component>
      <object_component id="oc-c4">
         <name>.debug_info</name>
         <load_address>0x274f</load_address>
         <run_address>0x274f</run_address>
         <size>0x114</size>
         <input_file_ref idref="fl-14"/>
      </object_component>
      <object_component id="oc-c9">
         <name>.debug_info</name>
         <load_address>0x2863</load_address>
         <run_address>0x2863</run_address>
         <size>0x4c2</size>
         <input_file_ref idref="fl-15"/>
      </object_component>
      <object_component id="oc-d0">
         <name>.debug_info</name>
         <load_address>0x2d25</load_address>
         <run_address>0x2d25</run_address>
         <size>0x112</size>
         <input_file_ref idref="fl-40"/>
      </object_component>
      <object_component id="oc-d1">
         <name>.debug_info</name>
         <load_address>0x2e37</load_address>
         <run_address>0x2e37</run_address>
         <size>0x2c</size>
         <input_file_ref idref="fl-35"/>
      </object_component>
      <object_component id="oc-d6">
         <name>.debug_info</name>
         <load_address>0x2e63</load_address>
         <run_address>0x2e63</run_address>
         <size>0x46</size>
         <input_file_ref idref="fl-34"/>
      </object_component>
      <object_component id="oc-db">
         <name>.debug_info</name>
         <load_address>0x2ea9</load_address>
         <run_address>0x2ea9</run_address>
         <size>0x15a</size>
         <input_file_ref idref="fl-34"/>
      </object_component>
      <object_component id="oc-dc">
         <name>.debug_info</name>
         <load_address>0x3003</load_address>
         <run_address>0x3003</run_address>
         <size>0x11a</size>
         <input_file_ref idref="fl-36"/>
      </object_component>
      <object_component id="oc-de">
         <name>.debug_info</name>
         <load_address>0x311d</load_address>
         <run_address>0x311d</run_address>
         <size>0x84</size>
         <input_file_ref idref="fl-35"/>
      </object_component>
      <object_component id="oc-e6">
         <name>.debug_info</name>
         <load_address>0x31a1</load_address>
         <run_address>0x31a1</run_address>
         <size>0x51f</size>
         <input_file_ref idref="fl-3"/>
      </object_component>
      <object_component id="oc-ed">
         <name>.debug_info</name>
         <load_address>0x36c0</load_address>
         <run_address>0x36c0</run_address>
         <size>0x24e</size>
         <input_file_ref idref="fl-11"/>
      </object_component>
      <object_component id="oc-f0">
         <name>.debug_info</name>
         <load_address>0x390e</load_address>
         <run_address>0x390e</run_address>
         <size>0x1d6</size>
         <input_file_ref idref="fl-13"/>
      </object_component>
      <object_component id="oc-f4">
         <name>.debug_info</name>
         <load_address>0x3ae4</load_address>
         <run_address>0x3ae4</run_address>
         <size>0x90</size>
         <input_file_ref idref="fl-11"/>
      </object_component>
      <object_component id="oc-fb">
         <name>.debug_info</name>
         <load_address>0x3b74</load_address>
         <run_address>0x3b74</run_address>
         <size>0x235</size>
         <input_file_ref idref="fl-2"/>
      </object_component>
      <object_component id="oc-100">
         <name>.debug_info</name>
         <load_address>0x3da9</load_address>
         <run_address>0x3da9</run_address>
         <size>0x160</size>
         <input_file_ref idref="fl-14"/>
      </object_component>
      <object_component id="oc-105">
         <name>.debug_info</name>
         <load_address>0x3f09</load_address>
         <run_address>0x3f09</run_address>
         <size>0x103</size>
         <input_file_ref idref="fl-17"/>
      </object_component>
      <object_component id="oc-10a">
         <name>.debug_info</name>
         <load_address>0x400c</load_address>
         <run_address>0x400c</run_address>
         <size>0x123</size>
         <input_file_ref idref="fl-16"/>
      </object_component>
      <object_component id="oc-10f">
         <name>.debug_info</name>
         <load_address>0x412f</load_address>
         <run_address>0x412f</run_address>
         <size>0x10d</size>
         <input_file_ref idref="fl-17"/>
      </object_component>
      <object_component id="oc-114">
         <name>.debug_info</name>
         <load_address>0x423c</load_address>
         <run_address>0x423c</run_address>
         <size>0x12a</size>
         <input_file_ref idref="fl-14"/>
      </object_component>
      <object_component id="oc-119">
         <name>.debug_info</name>
         <load_address>0x4366</load_address>
         <run_address>0x4366</run_address>
         <size>0x12b</size>
         <input_file_ref idref="fl-14"/>
      </object_component>
      <object_component id="oc-11e">
         <name>.debug_info</name>
         <load_address>0x4491</load_address>
         <run_address>0x4491</run_address>
         <size>0x283</size>
         <input_file_ref idref="fl-6"/>
      </object_component>
      <object_component id="oc-123">
         <name>.debug_info</name>
         <load_address>0x4714</load_address>
         <run_address>0x4714</run_address>
         <size>0x150</size>
         <input_file_ref idref="fl-13"/>
      </object_component>
      <object_component id="oc-128">
         <name>.debug_info</name>
         <load_address>0x4864</load_address>
         <run_address>0x4864</run_address>
         <size>0x6d</size>
         <input_file_ref idref="fl-2"/>
      </object_component>
      <object_component id="oc-12f">
         <name>.debug_info</name>
         <load_address>0x48d1</load_address>
         <run_address>0x48d1</run_address>
         <size>0x30a</size>
         <input_file_ref idref="fl-6"/>
      </object_component>
      <object_component id="oc-134">
         <name>.debug_info</name>
         <load_address>0x4bdb</load_address>
         <run_address>0x4bdb</run_address>
         <size>0x692</size>
         <input_file_ref idref="fl-14"/>
      </object_component>
      <object_component id="oc-13a">
         <name>.debug_info</name>
         <load_address>0x526d</load_address>
         <run_address>0x526d</run_address>
         <size>0x129</size>
         <input_file_ref idref="fl-14"/>
      </object_component>
      <object_component id="oc-13e">
         <name>.debug_info</name>
         <load_address>0x5396</load_address>
         <run_address>0x5396</run_address>
         <size>0x10d</size>
         <input_file_ref idref="fl-13"/>
      </object_component>
      <object_component id="oc-143">
         <name>.debug_info</name>
         <load_address>0x54a3</load_address>
         <run_address>0x54a3</run_address>
         <size>0x27b</size>
         <input_file_ref idref="fl-6"/>
      </object_component>
      <object_component id="oc-148">
         <name>.debug_info</name>
         <load_address>0x571e</load_address>
         <run_address>0x571e</run_address>
         <size>0x15d</size>
         <input_file_ref idref="fl-15"/>
      </object_component>
      <object_component id="oc-14d">
         <name>.debug_info</name>
         <load_address>0x587b</load_address>
         <run_address>0x587b</run_address>
         <size>0x1d6</size>
         <input_file_ref idref="fl-15"/>
      </object_component>
      <object_component id="oc-152">
         <name>.debug_info</name>
         <load_address>0x5a51</load_address>
         <run_address>0x5a51</run_address>
         <size>0x129</size>
         <input_file_ref idref="fl-15"/>
      </object_component>
      <object_component id="oc-157">
         <name>.debug_info</name>
         <load_address>0x5b7a</load_address>
         <run_address>0x5b7a</run_address>
         <size>0x11a</size>
         <input_file_ref idref="fl-14"/>
      </object_component>
      <object_component id="oc-15c">
         <name>.debug_info</name>
         <load_address>0x5c94</load_address>
         <run_address>0x5c94</run_address>
         <size>0x692</size>
         <input_file_ref idref="fl-9"/>
      </object_component>
      <object_component id="oc-161">
         <name>.debug_info</name>
         <load_address>0x6326</load_address>
         <run_address>0x6326</run_address>
         <size>0x3ae</size>
         <input_file_ref idref="fl-15"/>
      </object_component>
      <object_component id="oc-164">
         <name>.debug_info</name>
         <load_address>0x66d4</load_address>
         <run_address>0x66d4</run_address>
         <size>0x90</size>
         <input_file_ref idref="fl-40"/>
      </object_component>
      <object_component id="oc-16e">
         <name>.debug_info</name>
         <load_address>0x6764</load_address>
         <run_address>0x6764</run_address>
         <size>0x21e</size>
         <input_file_ref idref="fl-3"/>
      </object_component>
      <object_component id="oc-170">
         <name>.debug_info</name>
         <load_address>0x6982</load_address>
         <run_address>0x6982</run_address>
         <size>0x280</size>
         <input_file_ref idref="fl-3"/>
      </object_component>
      <object_component id="oc-175">
         <name>.debug_info</name>
         <load_address>0x6c02</load_address>
         <run_address>0x6c02</run_address>
         <size>0x211</size>
         <input_file_ref idref="fl-3"/>
      </object_component>
      <object_component id="oc-17a">
         <name>.debug_info</name>
         <load_address>0x6e13</load_address>
         <run_address>0x6e13</run_address>
         <size>0x113</size>
         <input_file_ref idref="fl-3"/>
      </object_component>
      <object_component id="oc-17c">
         <name>.debug_info</name>
         <load_address>0x6f26</load_address>
         <run_address>0x6f26</run_address>
         <size>0x1b5</size>
         <input_file_ref idref="fl-42"/>
      </object_component>
      <object_component id="oc-180">
         <name>.debug_info</name>
         <load_address>0x70db</load_address>
         <run_address>0x70db</run_address>
         <size>0x329</size>
         <input_file_ref idref="fl-3"/>
      </object_component>
      <object_component id="oc-185">
         <name>.debug_info</name>
         <load_address>0x7404</load_address>
         <run_address>0x7404</run_address>
         <size>0x214</size>
[...]
         <object_component_ref idref="oc-2ef"/>
      </symbol>
      <symbol id="sm-4b2">
         <name>nwk_QfindOldest</name>
         <value>0xc494</value>
         <object_component_ref idref="oc-3a4"/>
      </symbol>
      <symbol id="sm-575">
         <name>nwk_getNextConnection</name>
         <value>0xd264</value>
         <object_component_ref idref="oc-51a"/>
      </symbol>
      <symbol id="sm-576">
         <name>nwk_freeConnection</name>
         <value>0xe2b2</value>
         <object_component_ref idref="oc-378"/>
      </symbol>
      <symbol id="sm-577">
         <name>nwk_checkConnInfo</name>
         <value>0xdbb8</value>
         <object_component_ref idref="oc-23a"/>
      </symbol>
      <symbol id="sm-578">
         <name>nwk_isLinkDuplicate</name>
         <value>0xd4bc</value>
         <object_component_ref idref="oc-515"/>
      </symbol>
      <symbol id="sm-579">
         <name>nwk_isConnectionValid</name>
         <value>0xd044</value>
         <object_component_ref idref="oc-3ce"/>
      </symbol>
      <symbol id="sm-57a">
         <name>nwk_isValidReply</name>
         <value>0xd73e</value>
         <object_component_ref idref="oc-4cb"/>
      </symbol>
      <symbol id="sm-57b">
         <name>nwk_putNumObjectIntoMsg</name>
         <value>0xd6c8</value>
         <object_component_ref idref="oc-339"/>
      </symbol>
      <symbol id="sm-57c">
         <name>nwk_allocateLocalRxPort</name>
         <value>0xc8be</value>
         <object_component_ref idref="oc-51f"/>
      </symbol>
      <symbol id="sm-57d">
         <name>nwk_nwkInit</name>
         <value>0xce5a</value>
         <object_component_ref idref="oc-1cf"/>
      </symbol>
      <symbol id="sm-57e">
         <name>nwk_getConnInfo</name>
         <value>0xd952</value>
         <object_component_ref idref="oc-235"/>
      </symbol>
      <symbol id="sm-57f">
         <name>nwk_getNumObjectFromMsg</name>
         <value>0xe1d2</value>
         <object_component_ref idref="oc-510"/>
      </symbol>
      <symbol id="sm-59f">
         <name>nwk_securityInit</name>
         <value>0xe2e8</value>
         <object_component_ref idref="oc-30d"/>
      </symbol>
      <symbol id="sm-5a0">
         <name>nwk_processSecurity</name>
         <value>0xe2e0</value>
         <object_component_ref idref="oc-482"/>
      </symbol>
      <symbol id="sm-5c8">
         <name>nwk_processPing</name>
         <value>0xdc0a</value>
         <object_component_ref idref="oc-473"/>
      </symbol>
      <symbol id="sm-5c9">
         <name>nwk_pingInit</name>
         <value>0xe26e</value>
         <object_component_ref idref="oc-2f9"/>
      </symbol>
      <symbol id="sm-5e3">
         <name>nwk_mgmtInit</name>
         <value>0xe264</value>
         <object_component_ref idref="oc-303"/>
      </symbol>
      <symbol id="sm-5e4">
         <name>nwk_processMgmt</name>
         <value>0xd778</value>
         <object_component_ref idref="oc-48c"/>
      </symbol>
      <symbol id="sm-62c">
         <name>nwk_linkInit</name>
         <value>0xd984</value>
         <object_component_ref idref="oc-308"/>
      </symbol>
      <symbol id="sm-62d">
         <name>nwk_setLinkToken</name>
         <value>0xe164</value>
         <object_component_ref idref="oc-352"/>
      </symbol>
      <symbol id="sm-62e">
         <name>nwk_processLink</name>
         <value>0xdcca</value>
         <object_component_ref idref="oc-478"/>
      </symbol>
      <symbol id="sm-676">
         <name>nwk_processJoin</name>
         <value>0xdec8</value>
         <object_component_ref idref="oc-47d"/>
      </symbol>
      <symbol id="sm-677">
         <name>nwk_joinInit</name>
         <value>0xdca4</value>
         <object_component_ref idref="oc-2fe"/>
      </symbol>
      <symbol id="sm-678">
         <name>nwk_join</name>
         <value>0xc368</value>
         <object_component_ref idref="oc-1ed"/>
      </symbol>
      <symbol id="sm-6ac">
         <name>nwk_radioControl</name>
         <value>0xcf62</value>
         <object_component_ref idref="oc-21d"/>
      </symbol>
      <symbol id="sm-6ad">
         <name>nwk_rawSend</name>
         <value>0xd1c0</value>
         <object_component_ref idref="oc-222"/>
      </symbol>
      <symbol id="sm-6ae">
         <name>nwk_rawReceive</name>
         <value>0xda48</value>
         <object_component_ref idref="oc-227"/>
      </symbol>
      <symbol id="sm-6af">
         <name>nwk_connectionControl</name>
         <value>0xdc58</value>
         <object_component_ref idref="oc-213"/>
      </symbol>
      <symbol id="sm-6b0">
         <name>nwk_deviceAddress</name>
         <value>0xd888</value>
         <object_component_ref idref="oc-218"/>
      </symbol>
      <symbol id="sm-739">
         <name>nwk_getChannel</name>
         <value>0xe28a</value>
         <object_component_ref idref="oc-397"/>
      </symbol>
      <symbol id="sm-73a">
         <name>nwk_setChannel</name>
         <value>0xdf5c</value>
         <object_component_ref idref="oc-1d9"/>
      </symbol>
      <symbol id="sm-73b">
         <name>nwk_freqControl</name>
         <value>0xd704</value>
         <object_component_ref idref="oc-22c"/>
      </symbol>
      <symbol id="sm-73c">
         <name>nwk_freqInit</name>
         <value>0xe056</value>
         <object_component_ref idref="oc-2f4"/>
      </symbol>
      <symbol id="sm-73d">
         <name>nwk_scanForChannels</name>
         <value>0xc5be</value>
         <object_component_ref idref="oc-332"/>
      </symbol>
      <symbol id="sm-73e">
         <name>nwk_processFreq</name>
         <value>0xd9b6</value>
         <object_component_ref idref="oc-487"/>
      </symbol>
      <symbol id="sm-74c">
         <name>TI_getRandomIntegerFromVLO</name>
         <value>0xcd5a</value>
         <object_component_ref idref="oc-29c"/>
      </symbol>
      <symbol id="sm-74d">
         <name>TI_getRandomIntegerFromADC</name>
         <value>0xcd32</value>
         <object_component_ref idref="oc-29c"/>
      </symbol>
      <symbol id="sm-784">
         <name>USCI0RX_ISR</name>
         <value>0xdd3a</value>
         <object_component_ref idref="oc-45"/>
      </symbol>
      <symbol id="sm-785">
         <name>uart_rx_isr_ptr</name>
         <value>0x2de</value>
         <object_component_ref idref="oc-87"/>
      </symbol>
      <symbol id="sm-786">
         <name>uart_puts</name>
         <value>0xe176</value>
         <object_component_ref idref="oc-b4"/>
      </symbol>
      <symbol id="sm-787">
         <name>uart_putc</name>
         <value>0xe212</value>
         <object_component_ref idref="oc-a4"/>
      </symbol>
      <symbol id="sm-788">
         <name>uart_set_rx_isr_ptr</name>
         <value>0xe2d6</value>
         <object_component_ref idref="oc-a9"/>
      </symbol>
      <symbol id="sm-789">
         <name>uart_init</name>
         <value>0xdad8</value>
         <object_component_ref idref="oc-9f"/>
      </symbol>
      <symbol id="sm-7bd">
         <name>tick</name>
         <value>0x2c4</value>
         <object_component_ref idref="oc-8a"/>
      </symbol>
      <symbol id="sm-7be">
         <name>resetLocalTime</name>
         <value>0xe278</value>
         <object_component_ref idref="oc-1fe"/>
      </symbol>
      <symbol id="sm-7bf">
         <name>local_time</name>
         <value>0x2c8</value>
         <object_component_ref idref="oc-8a"/>
      </symbol>
      <symbol id="sm-7c0">
         <name>getLocalTime</name>
         <value>0xe250</value>
         <object_component_ref idref="oc-13d"/>
      </symbol>
      <symbol id="sm-7c1">
         <name>timerA0_isr</name>
         <value>0xdd82</value>
         <object_component_ref idref="oc-4b"/>
      </symbol>
      <symbol id="sm-7c2">
         <name>resetTick</name>
         <value>0xe2d0</value>
         <object_component_ref idref="oc-1f9"/>
      </symbol>
      <symbol id="sm-7c3">
         <name>tock</name>
         <value>0x2c6</value>
         <object_component_ref idref="oc-8a"/>
      </symbol>
      <symbol id="sm-7c4">
         <name>tick_period</name>
         <value>0x2cc</value>
         <object_component_ref idref="oc-8a"/>
      </symbol>
      <symbol id="sm-7c5">
         <name>initTick</name>
         <value>0xe11c</value>
         <object_component_ref idref="oc-122"/>
      </symbol>
      <symbol id="sm-80d">
         <name>initAddr</name>
         <value>0xd2b4</value>
         <object_component_ref idref="oc-ff"/>
      </symbol>
      <symbol id="sm-80e">
         <name>clearMessageWaiting</name>
         <value>0xe2a0</value>
         <object_component_ref idref="oc-156"/>
      </symbol>
      <symbol id="sm-80f">
         <name>sRxCallback</name>
         <value>0xe292</value>
         <object_component_ref idref="oc-118"/>
      </symbol>
      <symbol id="sm-810">
         <name>messageWaiting</name>
         <value>0xe2ac</value>
         <object_component_ref idref="oc-c3"/>
      </symbol>
      <symbol id="sm-811">
         <name>radioRx</name>
         <value>0xdaa8</value>
         <object_component_ref idref="oc-be"/>
      </symbol>
      <symbol id="sm-812">
         <name>createRandomAddress</name>
         <value>0xcfda</value>
         <object_component_ref idref="oc-1b2"/>
      </symbol>
      <symbol id="sm-813">
         <name>initRadioState</name>
         <value>0xe1b6</value>
         <object_component_ref idref="oc-113"/>
      </symbol>
      <symbol id="sm-871">
         <name>frameStart</name>
         <value>0xdfc8</value>
         <object_component_ref idref="oc-147"/>
      </symbol>
      <symbol id="sm-872">
         <name>main</name>
         <value>0xd214</value>
         <object_component_ref idref="oc-5c"/>
      </symbol>
      <symbol id="sm-873">
         <name>dumpTime</name>
         <value>0xd60e</value>
         <object_component_ref idref="oc-14c"/>
      </symbol>
      <symbol id="sm-874">
         <name>frameEnd</name>
         <value>0xe282</value>
         <object_component_ref idref="oc-151"/>
      </symbol>
      <symbol id="sm-875">
         <name>receiveMessage</name>
         <value>0xc7ce</value>
         <object_component_ref idref="oc-c8"/>
      </symbol>
      <symbol id="sm-89b">
         <name>initLog</name>
         <value>0xe25a</value>
         <object_component_ref idref="oc-109"/>
      </symbol>
      <symbol id="sm-89c">
         <name>clearEventLog</name>
         <value>0xe23c</value>
         <object_component_ref idref="oc-1ba"/>
      </symbol>
      <symbol id="sm-89d">
         <name>clearRssiLog</name>
         <value>0xe246</value>
         <object_component_ref idref="oc-1bf"/>
      </symbol>
      <symbol id="sm-8b1">
         <name>init</name>
         <value>0xd7b2</value>
         <object_component_ref idref="oc-ae"/>
      </symbol>
      <symbol id="sm-8b2">
         <name>init_Timer0_A0</name>
         <value>0xe096</value>
         <object_component_ref idref="oc-10e"/>
      </symbol>
      <symbol id="sm-8b3">
         <name>initClock</name>
         <value>0xdffa</value>
         <object_component_ref idref="oc-104"/>
      </symbol>
      <symbol id="sm-8be">
         <name>changeChannel</name>
         <value>0xdfe2</value>
         <object_component_ref idref="oc-b9"/>
      </symbol>
      <symbol id="sm-8c7">
         <name>__mspabi_sral</name>
         <value>0xe188</value>
         <object_component_ref idref="oc-2ce"/>
      </symbol>
      <symbol id="sm-8d9">
         <name>_c_int00_noexit</name>
         <value>0xdfae</value>
         <object_component_ref idref="oc-2e"/>
      </symbol>
      <symbol id="sm-8da">
         <name>_c_int00</name>
         <value>0xdfae</value>
         <object_component_ref idref="oc-2e"/>
      </symbol>
      <symbol id="sm-8db">
         <name>_stack</name>
         <value>0x3b0</value>
         <object_component_ref idref="oc-51"/>
      </symbol>
      <symbol id="sm-8dc">
         <name>_reset_vector</name>
         <value>0xfffe</value>
         <object_component_ref idref="oc-2f"/>
      </symbol>
      <symbol id="sm-8f0">
         <name>__TI_decompress_none</name>
         <value>0xe10a</value>
         <object_component_ref idref="oc-33"/>
      </symbol>
      <symbol id="sm-918">
         <name>__TI_decompress_rle24</name>
         <value>0xe2a6</value>
         <object_component_ref idref="oc-3b"/>
      </symbol>
      <symbol id="sm-929">
         <name>__TI_zero_init</name>
         <value>0xe082</value>
         <object_component_ref idref="oc-37"/>
      </symbol>
      <symbol id="sm-934">
         <name>__mspabi_remi</name>
         <value>0xdb62</value>
         <object_component_ref idref="oc-26d"/>
      </symbol>
      <symbol id="sm-935">
         <name>__mspabi_divi</name>
         <value>0xdb62</value>
         <object_component_ref idref="oc-26d"/>
      </symbol>
      <symbol id="sm-93e">
         <name>__mspabi_remu</name>
         <value>0xe06c</value>
         <object_component_ref idref="oc-3bc"/>
      </symbol>
      <symbol id="sm-93f">
         <name>__mspabi_divu</name>
         <value>0xe06c</value>
         <object_component_ref idref="oc-3bc"/>
      </symbol>
      <symbol id="sm-94c">
         <name>__mspabi_remul</name>
         <value>0xd168</value>
         <object_component_ref idref="oc-2d6"/>
      </symbol>
      <symbol id="sm-94d">
         <name>__mspabi_divul</name>
         <value>0xd168</value>
         <object_component_ref idref="oc-2d6"/>
      </symbol>
      <symbol id="sm-954">
         <name>__mspabi_func_epilog_2</name>
         <value>0xe1a2</value>
         <object_component_ref idref="oc-9a"/>
      </symbol>
      <symbol id="sm-955">
         <name>__mspabi_func_epilog_3</name>
         <value>0xe1a0</value>
         <object_component_ref idref="oc-9a"/>
      </symbol>
      <symbol id="sm-956">
         <name>__mspabi_func_epilog_1</name>
         <value>0xe1a4</value>
         <object_component_ref idref="oc-9a"/>
      </symbol>
      <symbol id="sm-957">
         <name>__mspabi_func_epilog_6</name>
         <value>0xe19a</value>
         <object_component_ref idref="oc-9a"/>
      </symbol>
      <symbol id="sm-958">
         <name>__mspabi_func_epilog_7</name>
         <value>0xe198</value>
         <object_component_ref idref="oc-9a"/>
      </symbol>
      <symbol id="sm-959">
         <name>__mspabi_func_epilog_4</name>
         <value>0xe19e</value>
         <object_component_ref idref="oc-9a"/>
      </symbol>
      <symbol id="sm-95a">
         <name>__mspabi_func_epilog_5</name>
         <value>0xe19c</value>
         <object_component_ref idref="oc-9a"/>
      </symbol>
      <symbol id="sm-962">
         <name>C$$EXIT</name>
         <value>0xe2dc</value>
         <object_component_ref idref="oc-61"/>
      </symbol>
      <symbol id="sm-963">
         <name>abort</name>
         <value>0xe2dc</value>
         <object_component_ref idref="oc-61"/>
      </symbol>
      <symbol id="sm-96b">
         <name>__mspabi_srli_8</name>
         <value>0xd3c4</value>
         <object_component_ref idref="oc-2da"/>
      </symbol>
      <symbol id="sm-96c">
         <name>__mspabi_srli_9</name>
         <value>0xd3c0</value>
         <object_component_ref idref="oc-2da"/>
      </symbol>
      <symbol id="sm-96d">
         <name>__mspabi_srli_6</name>
         <value>0xd3cc</value>
         <object_component_ref idref="oc-2da"/>
      </symbol>
      <symbol id="sm-96e">
         <name>__mspabi_srli_7</name>
         <value>0xd3c8</value>
         <object_component_ref idref="oc-2da"/>
      </symbol>
      <symbol id="sm-96f">
         <name>__mspabi_srli_4</name>
         <value>0xd3d4</value>
         <object_component_ref idref="oc-2da"/>
      </symbol>
      <symbol id="sm-970">
         <name>__mspabi_srli_5</name>
         <value>0xd3d0</value>
         <object_component_ref idref="oc-2da"/>
      </symbol>
      <symbol id="sm-971">
         <name>__mspabi_srli_2</name>
         <value>0xd3dc</value>
         <object_component_ref idref="oc-2da"/>
      </symbol>
      <symbol id="sm-972">
         <name>__mspabi_srli_3</name>
         <value>0xd3d8</value>
         <object_component_ref idref="oc-2da"/>
      </symbol>
      <symbol id="sm-973">
         <name>__mspabi_srli_1</name>
         <value>0xd3e0</value>
         <object_component_ref idref="oc-2da"/>
      </symbol>
      <symbol id="sm-974">
         <name>__mspabi_srli</name>
         <value>0xd39a</value>
         <object_component_ref idref="oc-2da"/>
      </symbol>
      <symbol id="sm-975">
         <name>__mspabi_srli_15</name>
         <value>0xd3a8</value>
         <object_component_ref idref="oc-2da"/>
      </symbol>
      <symbol id="sm-976">
         <name>__mspabi_srli_14</name>
         <value>0xd3ac</value>
         <object_component_ref idref="oc-2da"/>
      </symbol>
      <symbol id="sm-977">
         <name>__mspabi_srli_13</name>
         <value>0xd3b0</value>
         <object_component_ref idref="oc-2da"/>
      </symbol>
      <symbol id="sm-978">
         <name>__mspabi_srli_12</name>
         <value>0xd3b4</value>
         <object_component_ref idref="oc-2da"/>
      </symbol>
      <symbol id="sm-979">
         <name>__mspabi_srli_11</name>
         <value>0xd3b8</value>
         <object_component_ref idref="oc-2da"/>
      </symbol>
      <symbol id="sm-97a">
         <name>__mspabi_srli_10</name>
         <value>0xd3bc</value>
         <object_component_ref idref="oc-2da"/>
      </symbol>
      <symbol id="sm-983">
         <name>__mspabi_srll</name>
         <value>0xe12e</value>
         <object_component_ref idref="oc-246"/>
      </symbol>
      <symbol id="sm-990">
         <name>memcmp</name>
         <value>0xdd5e</value>
         <object_component_ref idref="oc-3c8"/>
      </symbol>
      <symbol id="sm-9a1">
         <name>memcpy</name>
         <value>0xe140</value>
         <object_component_ref idref="oc-66"/>
      </symbol>
      <symbol id="sm-9ae">
         <name>memmove</name>
         <value>0xde88</value>
         <object_component_ref idref="oc-439"/>
      </symbol>
      <symbol id="sm-9ba">
         <name>memset</name>
         <value>0xe0be</value>
         <object_component_ref idref="oc-17b"/>
      </symbol>
      <symbol id="sm-9c3">
         <name>__mspabi_mpyi</name>
         <value>0xe0d2</value>
         <object_component_ref idref="oc-2de"/>
      </symbol>
      <symbol id="sm-9cc">
         <name>__mspabi_mpyl</name>
         <value>0xdcf0</value>
         <object_component_ref idref="oc-2d2"/>
      </symbol>
      <symbol id="sm-9d9">
         <name>_auto_init</name>
         <value>0xd10a</value>
         <object_component_ref idref="oc-58"/>
      </symbol>
      <symbol id="sm-9da">
         <name>__TI_exit</name>
         <value>0x1</value>
      </symbol>
      <symbol id="sm-9db">
         <name>__TI_args_main</name>
         <value>0x1</value>
      </symbol>
      <symbol id="sm-9dc">
         <name>__TI_INITARRAY_Base</name>
         <value>0x0</value>
      </symbol>
      <symbol id="sm-9dd">
         <name>__TI_INITARRAY_Limit</name>
         <value>0x0</value>
      </symbol>
      <symbol id="sm-9e0">
         <name>uart_rx_isr</name>
         <value>0xe212</value>
      </symbol>
   </symbol_table>
</link_info>
