******************************************************************************
                  MSP430 Linker PC v4.2.1                      
******************************************************************************
>> Linked Wed Mar 05 12:35:46 2014

OUTPUT FILE NAME:   <SimpliciTI test.out>
ENTRY POINT SYMBOL: "_c_int00"  address: 0000e390


MEMORY CONFIGURATION

         name            origin    length      used     unused   attr    fill
----------------------  --------  ---------  --------  --------  ----  --------
  SFR                   00000000   00000010  00000000  00000010  RWIX
  PERIPHERALS_8BIT      00000010   000000f0  00000000  000000f0  RWIX
  PERIPHERALS_16BIT     00000100   00000100  00000000  00000100  RWIX
  RAM                   00000200   00000200  00000182  0000007e  RWIX
  INFOD                 00001000   00000040  00000000  00000040  RWIX
  INFOC                 00001040   00000040  00000000  00000040  RWIX
  INFOB                 00001080   00000040  00000000  00000040  RWIX
  INFOA                 000010c0   00000040  00000000  00000040  RWIX
  FLASH                 0000c000   00003fe0  0000277f  00001861  RWIX
  INT00                 0000ffe0   00000002  00000000  00000002  RWIX
  INT01                 0000ffe2   00000002  00000000  00000002  RWIX
  INT02                 0000ffe4   00000002  00000002  00000000  RWIX
  INT03                 0000ffe6   00000002  00000002  00000000  RWIX
  INT04                 0000ffe8   00000002  00000000  00000002  RWIX
  INT05                 0000ffea   00000002  00000002  00000000  RWIX
  INT06                 0000ffec   00000002  00000002  00000000  RWIX
  INT07                 0000ffee   00000002  00000002  00000000  RWIX
  INT08                 0000fff0   00000002  00000002  00000000  RWIX
  INT09                 0000fff2   00000002  00000002  00000000  RWIX
  INT10                 0000fff4   00000002  00000002  00000000  RWIX
  INT11                 0000fff6   00000002  00000002  00000000  RWIX
  INT12                 0000fff8   00000002  00000002  00000000  RWIX
  INT13                 0000fffa   00000002  00000002  00000000  RWIX
  INT14                 0000fffc   00000002  00000002  00000000  RWIX
  RESET                 0000fffe   00000002  00000002  00000000  RWIX


SECTION ALLOCATION MAP

 output                                  attributes/
section   page    origin      length       input sections
--------  ----  ----------  ----------   ----------------
.init_array 
*          0    0000c000    00000000     UNINITIALIZED

.bss       0    00000200    000000e1     UNINITIALIZED
                  00000200    00000034     (.common:sInFrameQ)
                  00000234    00000034     (.common:sOutFrameQ)
                  00000268    00000028     (.common:rssiLog)
                  00000290    00000018     (.common:eventLog)
                  000002a8    00000018     (.common:mrfiIncomingPacket)
                  000002c0    00000004     (.common:local_time)
                  000002c4    00000004     (.common:sAPAddress)
                  000002c8    00000004     (.common:sMyRAMAddress)
                  000002cc    00000002     (.common:messageQueued)
                  000002ce    00000002     (.common:radioAsleep)
                  000002d0    00000002     (.common:radioIdle)
                  000002d2    00000002     (.common:sServiceLinkID)
                  000002d4    00000002     (.common:tick)
                  000002d6    00000002     (.common:tick_period)
                  000002d8    00000002     (.common:tock)
                  000002da    00000002     (.common:uart_rx_isr_ptr)
                  000002dc    00000001     (.common:eventLogEntries)
                  000002dd    00000001     (.common:eventLogOverflow)
                  000002de    00000001     (.common:rssiLogEntries)
                  000002df    00000001     (.common:rssiLogOverflow)
                  000002e0    00000001     (.common:sCurLogicalChan)

.TI.noinit 
*          0    00000200    00000000     UNINITIALIZED

.data      0    000002e2    00000051     UNINITIALIZED
                  000002e2    00000026     nwk.obj (.data)
                  00000308    00000009     mrfi.obj (.data)
                  00000311    00000001     bsp.obj (.data)
                  00000312    00000008     nwk_frame.obj (.data)
                  0000031a    00000007     nwk_join.obj (.data)
                  00000321    00000001     nwk_api.obj (.data)
                  00000322    00000007     nwk_link.obj (.data)
                  00000329    00000001     nwk_freq.obj (.data)
                  0000032a    00000004     mrfi.obj (.data:mrfiRxFilterAddr)
                  0000032e    00000003     nwk_mgmt.obj (.data)
                  00000331    00000001     nwk_globals.obj (.data)
                  00000332    00000001     nwk_ping.obj (.data)

.TI.persistent 
*          0    000002e2    00000000     UNINITIALIZED

.stack     0    000003b0    00000050     UNINITIALIZED
                  000003b0    00000002     rts430_eabi.lib : boot.obj (.stack)
                  000003b2    0000004e     --HOLE--

.text      0    0000c000    00002700     
                  0000c000    000001d0     mrfi.obj (.text:MRFI_Init)
                  0000c1d0    00000198     nwk_link.obj (.text:smpl_send_link_reply)
                  0000c368    0000012c     nwk_join.obj (.text:nwk_join)
                  0000c494    0000012a     nwk_QMgmt.obj (.text:nwk_QfindOldest)
                  0000c5be    0000010e     nwk_freq.obj (.text:nwk_scanForChannels)
                  0000c6cc    00000102     mrfi.obj (.text:MRFI_Transmit)
                  0000c7ce    000000de     nwk.obj (.text:nwk_allocateLocalRxPort)
                  0000c8ac    000000d8     mrfi.obj (.text:Mrfi_SyncPinRxIsr)
                  0000c984    000000d4     main_sleep_wake.obj (.text:main)
                  0000ca58    000000c0     nwk_api.obj (.text:SMPL_Ioctl)
                  0000cb18    000000b2     nwk_frame.obj (.text:nwk_retrieveFrame)
                  0000cbca    000000ae     nwk_frame.obj (.text:dispatchFrame)
                  0000cc78    000000ae     log.obj (.text:pushRssiLog)
                  0000cd26    0000009e     nwk_frame.obj (.text:nwk_buildFrame)
                  0000cdc4    0000009e     vlo_rand.obj (.text)
                  0000ce62    0000008c     mrfi.obj (.text:spiBurstFifoAccess)
                  0000ceee    00000086     nwk.obj (.text:nwk_nwkInit)
                  0000cf74    00000082     nwk_QMgmt.obj (.text:nwk_QfindSlot)
                  0000cff6    0000007e     nwk_api.obj (.text:SMPL_SendOpt)
                  0000d074    00000078     nwk_ioctl.obj (.text:nwk_radioControl)
                  0000d0ec    0000006a     radio.obj (.text:createRandomAddress)
                  0000d156    00000068     nwk.obj (.text:nwk_isConnectionValid)
                  0000d1be    0000005e     rts430_eabi.lib : copy_decompress_rle.obj (.text:__TI_decompress_rle_core)
                  0000d21c    0000005e                     : autoinit.obj (.text:_auto_init)
                  0000d27a    00000058                     : div32u.obj (.text)
                  0000d2d2    00000054     nwk_ioctl.obj (.text:nwk_rawSend)
                  0000d326    00000050     main_sleep_wake.obj (.text:hear)
                  0000d376    00000050     radio.obj (.text:my_SMPL_Receive)
                  0000d3c6    00000050     nwk.obj (.text:nwk_getNextConnection)
                  0000d416    0000004e     radio.obj (.text:initAddr)
                  0000d464    0000004e     mrfi.obj (.text:mrfiSpiCmdStrobe)
                  0000d4b2    0000004c     nwk_api.obj (.text:SMPL_Receive)
                  0000d4fe    0000004c     backchannel.obj (.text:dumpRssiLog)
                  0000d54a    0000004c     log.obj (.text:popRssiLog)
                  0000d596    0000004c     rts430_eabi.lib : lsr16.obj (.text)
                  0000d5e2    00000048     mrfi.obj (.text:mrfiSpiInit)
                  0000d62a    00000048     log.obj (.text:pushEventLog)
                  0000d672    00000048     mrfi.obj (.text:spiRegAccess)
                  0000d6ba    00000046     mrfi.obj (.text:MRFI_RxAddrIsFiltered)
                  0000d700    00000046     nwk.obj (.text:nwk_isLinkDuplicate)
                  0000d746    00000046     nwk_ping.obj (.text:smpl_send_ping_reply)
                  0000d78c    00000044     mrfi.obj (.text:MRFI_Rssi)
                  0000d7d0    00000044     backchannel.obj (.text:dumpEventLog)
                  0000d814    00000044     init.obj (.text:isBeacon)
                  0000d858    00000042     nwk_api.obj (.text:SMPL_Init)
                  0000d89a    00000040     nwk_freq.obj (.text:change_channel_cmd_is_valid)
                  0000d8da    0000003e     nwk.obj (.text:initializeConnection)
                  0000d918    0000003e     log.obj (.text:popEventLog)
                  0000d956    0000003c     mrfi.obj (.text:MRFI_ReplyDelay)
                  0000d992    0000003c     nwk.obj (.text:nwk_putNumObjectIntoMsg)
                  0000d9ce    0000003a     nwk_freq.obj (.text:nwk_freqControl)
                  0000da08    0000003a     nwk.obj (.text:nwk_isValidReply)
                  0000da42    0000003a     nwk_mgmt.obj (.text:nwk_processMgmt)
                  0000da7c    00000038     log.obj (.text:addrIsEqual)
                  0000dab4    00000038     init.obj (.text:init)
                  0000daec    00000036     mrfi.obj (.text:MRFI_WakeUp)
                  0000db22    00000034     mrfi.obj (.text:MRFI_SetRFPwr)
                  0000db56    00000034     mrfi.obj (.text:MRFI_SetRxAddrFilter)
                  0000db8a    00000034     nwk_ioctl.obj (.text:nwk_deviceAddress)
                  0000dbbe    00000032     mrfi.obj (.text:MRFI_SetLogicalChannel)
                  0000dbf0    00000032     nwk_freq.obj (.text:handle_freq_cmd)
                  0000dc22    00000032     nwk_QMgmt.obj (.text:nwk_QadjustOrder)
                  0000dc54    00000032     nwk.obj (.text:nwk_getConnInfo)
                  0000dc86    00000032     nwk_link.obj (.text:nwk_linkInit)
                  0000dcb8    00000032     nwk_freq.obj (.text:nwk_processFreq)
                  0000dcea    00000032     radio.obj (.text:radioTx)
                  0000dd1c    00000030     mrfi.obj (.text:Mrfi_DelayUsecSem)
                  0000dd4c    00000030     nwk.obj (.text:map_lid2idx)
                  0000dd7c    00000030     nwk_ioctl.obj (.text:nwk_rawReceive)
                  0000ddac    00000030     nwk_frame.obj (.text:nwk_sendFrame)
                  0000dddc    00000030     radio.obj (.text:radioRx)
                  0000de0c    0000002e     mrfi.obj (.text:Mrfi_CalculateRssi)
                  0000de3a    0000002c     mrfi.obj (.text:Mrfi_RxModeOff)
                  0000de66    0000002c     rts430_eabi.lib : div16s.obj (.text)
                  0000de92    0000002a     mrfi.obj (.text:Mrfi_DelayUsec)
                  0000debc    0000002a     backchannel.obj (.text:formatRssiLogMsg)
                  0000dee6    0000002a     nwk.obj (.text:nwk_checkConnInfo)
                  0000df10    00000028     radio.obj (.text:getRSSI)
                  0000df38    00000028     nwk_globals.obj (.text:nwk_getAPAddress)
                  0000df60    00000028     nwk_ping.obj (.text:nwk_processPing)
                  0000df88    00000028     main_sleep_wake.obj (.text:shout)
                  0000dfb0    00000026     mrfi.obj (.text:Mrfi_RandomBackoffDelay)
                  0000dfd6    00000026     radio.obj (.text:clearRxBuf)
                  0000dffc    00000026     nwk_ioctl.obj (.text:nwk_connectionControl)
                  0000e022    00000026     nwk_globals.obj (.text:nwk_globalsInit)
                  0000e048    00000026     nwk_join.obj (.text:nwk_joinInit)
                  0000e06e    00000026     nwk_link.obj (.text:nwk_processLink)
                  0000e094    00000026     rts430_eabi.lib : mult32.obj (.text)
                  0000e0ba    00000024     mrfi.obj (.text:MRFI_Sleep)
                  0000e0de    00000024     uart.obj (.text:USCI0RX_ISR)
                  0000e102    00000024     tick.obj (.text:timerA0_isr)
                  0000e126    00000022     mrfi.obj (.text:MRFI_EnableRxAddrFilter)
                  0000e148    00000022     mrfi.obj (.text:MRFI_RxOn)
                  0000e16a    00000022     rts430_eabi.lib : memcmp.obj (.text:memcmp)
                  0000e18c    00000020     bsp.obj (.text:BSP_Init)
                  0000e1ac    00000020     bsp.obj (.text:BSP_InitBoard)
                  0000e1cc    00000020     nwk_frame.obj (.text:MRFI_RxCompleteISR)
                  0000e1ec    00000020     mrfi.obj (.text:MRFI_RxIdle)
                  0000e20c    00000020     backchannel.obj (.text:checkin)
                  0000e22c    00000020     nwk_link.obj (.text:handleLinkRequest)
                  0000e24c    00000020     rts430_eabi.lib : memmov.obj (.text:memmove)
                  0000e26c    00000020     nwk_frame.obj (.text:nwk_frameInit)
                  0000e28c    00000020     nwk_join.obj (.text:nwk_processJoin)
                  0000e2ac    0000001e     bsp.obj (.text:BSP_Delay)
                  0000e2ca    0000001e     mrfi.obj (.text:mrfiSpiReadReg)
                  0000e2e8    0000001e     nwk_QMgmt.obj (.text:nwk_QInit)
                  0000e306    0000001c     mrfi.obj (.text:MRFI_GpioIsr)
                  0000e322    0000001c     backchannel.obj (.text:formatEventLogMsg)
                  0000e33e    0000001c     nwk_freq.obj (.text:nwk_setChannel)
                  0000e35a    0000001c     nwk_globals.obj (.text:nwk_setMyAddress)
                  0000e376    0000001a     mrfi.obj (.text:BSP_GpioPort1Isr)
                  0000e390    0000001a     rts430_eabi.lib : boot.obj (.text:_c_int00_noexit)
                  0000e3aa    0000001a     mrfi.obj (.text:mrfiSpiWriteReg)
                  0000e3c4    00000018     backchannel.obj (.text:changeChannel)
                  0000e3dc    00000018     radio.obj (.text:getSender)
                  0000e3f4    00000018     init.obj (.text:initClock)
                  0000e40c    00000018     backchannel.obj (.text:sendOverflowLogMessage)
                  0000e424    00000016     mrfi.obj (.text:MRFI_RandomByte)
                  0000e43a    00000016     mrfi.obj (.text:Mrfi_RxModeOn)
                  0000e450    00000016     nwk_freq.obj (.text:nwk_freqInit)
                  0000e466    00000016     rts430_eabi.lib : div16u.obj (.text)
                  0000e47c    00000014     radio.obj (.text:broadcastMessage)
                  0000e490    00000014     rts430_eabi.lib : copy_zero_init.obj (.text:decompress:ZI:__TI_zero_init)
                  0000e4a4    00000014     init.obj (.text:init_Timer0_A0)
                  0000e4b8    00000014     nwk_api.obj (.text:ioctlPreInitAccessIsOK)
                  0000e4cc    00000014     rts430_eabi.lib : memset.obj (.text:memset)
                  0000e4e0    00000014                     : mult16.obj (.text)
                  0000e4f4    00000012     bsp.obj (.text:BSP_InitLeds)
                  0000e506    00000012     nwk_freq.obj (.text:change_channel_cmd)
                  0000e518    00000012     rts430_eabi.lib : copy_decompress_none.obj (.text:decompress:none:__TI_decompress_none)
                  0000e52a    00000012     tick.obj (.text:initTick)
                  0000e53c    00000012     rts430_eabi.lib : memcpy.obj (.text:memcpy)
                  0000e54e    00000012     nwk_globals.obj (.text:nwk_getMyAddress)
                  0000e560    00000012     nwk_link.obj (.text:nwk_setLinkToken)
                  0000e572    00000010     rts430_eabi.lib : asr32.obj (.text:l_asr)
                  0000e582    00000010                     : epilog.obj (.text)
                  0000e592    0000000e     mrfi.obj (.text:MRFI_Receive)
                  0000e5a0    0000000e     radio.obj (.text:initRadioState)
                  0000e5ae    0000000e     main_sleep_wake.obj (.text:listen)
                  0000e5bc    0000000e     mrfi.obj (.text:mrfiSpiWriteTxFifo)
                  0000e5ca    0000000e     nwk.obj (.text:nwk_getNumObjectFromMsg)
                  0000e5d8    0000000e     nwk_globals.obj (.text:nwk_setAPAddress)
                  0000e5e6    0000000e     main_sleep_wake.obj (.text:sleep)
                  0000e5f4    0000000c     mrfi.obj (.text:MRFI_PostKillSem)
                  0000e600    0000000c     nwk_ping.obj (.text:handlePingRequest)
                  0000e60c    0000000c     mrfi.obj (.text:mrfiSpiReadRxFifo)
                  0000e618    0000000a     bsp.obj (.text:BSP_InitButtons)
                  0000e622    0000000a     bsp.obj (.text:BSP_InitDrivers)
                  0000e62c    0000000a     bsp.obj (.text:_system_pre_init)
                  0000e636    0000000a     log.obj (.text:clearEventLog)
                  0000e640    0000000a     log.obj (.text:clearRssiLog)
                  0000e64a    0000000a     tick.obj (.text:getLocalTime)
                  0000e654    0000000a     log.obj (.text:initLog)
                  0000e65e    0000000a     nwk_mgmt.obj (.text:nwk_mgmtInit)
                  0000e668    0000000a     nwk_ping.obj (.text:nwk_pingInit)
                  0000e672    0000000a     tick.obj (.text:resetLocalTime)
                  0000e67c    00000008     nwk_api.obj (.text:SMPL_Send)
                  0000e684    00000008     tick.obj (.text:getTick)
                  0000e68c    00000008     main_sleep_wake.obj (.text:next_state)
                  0000e694    00000008     nwk_freq.obj (.text:nwk_getChannel)
                  0000e69c    00000008     radio.obj (.text:sRxCallback)
                  0000e6a4    00000006     mrfi.obj (.text:MRFI_GetRadioState)
                  0000e6aa    00000006     rts430_eabi.lib : isr_trap.obj (.text:__TI_ISR_TRAP)
                  0000e6b0    00000006     radio.obj (.text:clearMessageWaiting)
                  0000e6b6    00000006     rts430_eabi.lib : copy_decompress_rle.obj (.text:decompress:rle24:__TI_decompress_rle24)
                  0000e6bc    00000006     log.obj (.text:eventOverflow)
                  0000e6c2    00000006     radio.obj (.text:messageWaiting)
                  0000e6c8    00000006     nwk.obj (.text:nwk_freeConnection)
                  0000e6ce    00000006     nwk_globals.obj (.text:nwk_getBCastAddress)
                  0000e6d4    00000006     nwk_globals.obj (.text:nwk_getFWVersion)
                  0000e6da    00000006     nwk_frame.obj (.text:nwk_getMyRxType)
                  0000e6e0    00000006     nwk_globals.obj (.text:nwk_getProtocolVersion)
                  0000e6e6    00000006     tick.obj (.text:resetTick)
                  0000e6ec    00000006     log.obj (.text:rssiOverflow)
                  0000e6f2    00000004     rts430_eabi.lib : exit.obj (.text:abort)
                  0000e6f6    00000004     nwk_security.obj (.text:nwk_processSecurity)
                  0000e6fa    00000004     nwk_freq.obj (.text:send_ping_reply)
                  0000e6fe    00000002     nwk_security.obj (.text:nwk_securityInit)

.const     0    0000e700    0000005f     
                  0000e700    0000003e     mrfi.obj (.const:mrfiRadioCfg)
                  0000e73e    0000000c     nwk_frame.obj (.const:func)
                  0000e74a    00000009     nwk_globals.obj (.const)
                  0000e753    00000001     --HOLE-- [fill = 0]
                  0000e754    00000004     mrfi.obj (.const:.string:mrfiBroadcastAddr)
                  0000e758    00000004     mrfi.obj (.const:.string:mrfiLogicalChanTable)
                  0000e75c    00000003     mrfi.obj (.const:.string:mrfiRFPowerTable)

.cinit     0    0000e760    00000020     
                  0000e760    0000000e     (.cinit..data.load) [load image, compression = rle]
                  0000e76e    00000006     (__TI_handler_table)
                  0000e774    00000004     (.cinit..bss.load) [load image, compression = zero_init]
                  0000e778    00000008     (__TI_cinit_table)

PORT1      0    0000ffe4    00000002     
                  0000ffe4    00000002     rts430_eabi.lib : int02.obj (.int02)

PORT2      0    0000ffe6    00000002     
                  0000ffe6    00000002     mrfi.obj (.int03)

ADC10      0    0000ffea    00000002     
                  0000ffea    00000002     rts430_eabi.lib : int05.obj (.int05)

USCIAB0TX 
*          0    0000ffec    00000002     
                  0000ffec    00000002     rts430_eabi.lib : int06.obj (.int06)

USCIAB0RX 
*          0    0000ffee    00000002     
                  0000ffee    00000002     uart.obj (.int07)

TIMER0_A1 
*          0    0000fff0    00000002     
                  0000fff0    00000002     rts430_eabi.lib : int08.obj (.int08)

TIMER0_A0 
*          0    0000fff2    00000002     
                  0000fff2    00000002     tick.obj (.int09)

WDT        0    0000fff4    00000002     
                  0000fff4    00000002     rts430_eabi.lib : int10.obj (.int10)

COMPARATORA 
*          0    0000fff6    00000002     
                  0000fff6    00000002     rts430_eabi.lib : int11.obj (.int11)

TIMER1_A1 
*          0    0000fff8    00000002     
                  0000fff8    00000002     rts430_eabi.lib : int12.obj (.int12)

TIMER1_A0 
*          0    0000fffa    00000002     
                  0000fffa    00000002     rts430_eabi.lib : int13.obj (.int13)

NMI        0    0000fffc    00000002     
                  0000fffc    00000002     rts430_eabi.lib : int14.obj (.int14)

.reset     0    0000fffe    00000002     
                  0000fffe    00000002     rts430_eabi.lib : boot.obj (.reset)


LINKER GENERATED COPY TABLES

__TI_cinit_table @ 0000e778 records: 2, size/record: 4, table size: 8
	.data: load addr=0000e760, load size=0000000e bytes, run addr=000002e2, run size=00000051 bytes, compression=rle
	.bss: load addr=0000e774, load size=00000004 bytes, run addr=00000200, run size=000000e1 bytes, compression=zero_init


LINKER GENERATED HANDLER TABLE

__TI_handler_table @ 0000e76e records: 3, size/record: 2, table size: 6
	index: 0, handler: __TI_zero_init
	index: 1, handler: __TI_decompress_rle24
	index: 2, handler: __TI_decompress_none


GLOBAL SYMBOLS: SORTED ALPHABETICALLY BY Name 

address    name
--------   ----
0000004a   ADC10AE0
000001b0   ADC10CTL0
000001b2   ADC10CTL1
00000048   ADC10DTC0
00000049   ADC10DTC1
000001b4   ADC10MEM
000001bc   ADC10SA
00000057   BCSCTL1
00000058   BCSCTL2
00000053   BCSCTL3
0000e2ac   BSP_Delay
0000e376   BSP_GpioPort1Isr
0000e18c   BSP_Init
0000e1ac   BSP_InitBoard
0000e618   BSP_InitButtons
0000e622   BSP_InitDrivers
0000e4f4   BSP_InitLeds
0000e6f2   C$$EXIT
00000059   CACTL1
0000005a   CACTL2
000010fb   CALBC1_12MHZ
000010f9   CALBC1_16MHZ
000010ff   CALBC1_1MHZ
000010fd   CALBC1_8MHZ
000010fa   CALDCO_12MHZ
000010f8   CALDCO_16MHZ
000010fe   CALDCO_1MHZ
000010fc   CALDCO_8MHZ
0000005b   CAPD
00000056   DCOCTL
00000128   FCTL1
0000012a   FCTL2
0000012c   FCTL3
00000000   IE1
00000001   IE2
00000002   IFG1
00000003   IFG2
0000e126   MRFI_EnableRxAddrFilter
0000e6a4   MRFI_GetRadioState
0000e306   MRFI_GpioIsr
0000c000   MRFI_Init
0000e5f4   MRFI_PostKillSem
0000e424   MRFI_RandomByte
0000e592   MRFI_Receive
0000d956   MRFI_ReplyDelay
0000d78c   MRFI_Rssi
0000d6ba   MRFI_RxAddrIsFiltered
0000e1cc   MRFI_RxCompleteISR
0000e1ec   MRFI_RxIdle
0000e148   MRFI_RxOn
0000dbbe   MRFI_SetLogicalChannel
0000db22   MRFI_SetRFPwr
0000db56   MRFI_SetRxAddrFilter
0000e0ba   MRFI_Sleep
0000c6cc   MRFI_Transmit
0000daec   MRFI_WakeUp
00000022   P1DIR
00000025   P1IE
00000024   P1IES
00000023   P1IFG
00000020   P1IN
00000021   P1OUT
00000027   P1REN
00000026   P1SEL
00000041   P1SEL2
0000002a   P2DIR
0000002d   P2IE
0000002c   P2IES
0000002b   P2IFG
00000028   P2IN
00000029   P2OUT
0000002f   P2REN
0000002e   P2SEL
00000042   P2SEL2
0000001a   P3DIR
00000018   P3IN
00000019   P3OUT
00000010   P3REN
0000001b   P3SEL
00000043   P3SEL2
0000d858   SMPL_Init
0000ca58   SMPL_Ioctl
0000d4b2   SMPL_Receive
0000e67c   SMPL_Send
0000cff6   SMPL_SendOpt
00000172   TA0CCR0
00000174   TA0CCR1
00000176   TA0CCR2
00000162   TA0CCTL0
00000164   TA0CCTL1
00000166   TA0CCTL2
00000160   TA0CTL
0000012e   TA0IV
00000170   TA0R
00000192   TA1CCR0
00000194   TA1CCR1
00000196   TA1CCR2
00000182   TA1CCTL0
00000184   TA1CCTL1
00000186   TA1CCTL2
00000180   TA1CTL
0000011e   TA1IV
00000190   TA1R
0000cdc4   TI_getRandomIntegerFromADC
0000cdec   TI_getRandomIntegerFromVLO
0000005d   UCA0ABCTL
00000062   UCA0BR0
00000063   UCA0BR1
00000060   UCA0CTL0
00000061   UCA0CTL1
0000005f   UCA0IRRCTL
0000005e   UCA0IRTCTL
00000064   UCA0MCTL
00000066   UCA0RXBUF
00000065   UCA0STAT
00000067   UCA0TXBUF
0000006a   UCB0BR0
0000006b   UCB0BR1
00000068   UCB0CTL0
00000069   UCB0CTL1
0000006c   UCB0I2CIE
00000118   UCB0I2COA
0000011a   UCB0I2CSA
0000006e   UCB0RXBUF
0000006d   UCB0STAT
0000006f   UCB0TXBUF
0000e0de   USCI0RX_ISR
00000120   WDTCTL
00000400   __STACK_END
00000050   __STACK_SIZE
0000e778   __TI_CINIT_Base
0000e780   __TI_CINIT_Limit
0000e76e   __TI_Handler_Table_Base
0000e774   __TI_Handler_Table_Limit
UNDEFED    __TI_INITARRAY_Base
UNDEFED    __TI_INITARRAY_Limit
0000e6aa   __TI_ISR_TRAP
00000001   __TI_args_main
0000e518   __TI_decompress_none
0000e6b6   __TI_decompress_rle24
00000001   __TI_exit
0000ffe4   __TI_int02
0000ffe6   __TI_int03
0000ffea   __TI_int05
0000ffec   __TI_int06
0000ffee   __TI_int07
0000fff0   __TI_int08
0000fff2   __TI_int09
0000fff4   __TI_int10
0000fff6   __TI_int11
0000fff8   __TI_int12
0000fffa   __TI_int13
0000fffc   __TI_int14
0000e490   __TI_zero_init
ffffffff   __binit__
ffffffff   __c_args__
0000de66   __mspabi_divi
0000e466   __mspabi_divu
0000d27a   __mspabi_divul
0000e58e   __mspabi_func_epilog_1
0000e58c   __mspabi_func_epilog_2
0000e58a   __mspabi_func_epilog_3
0000e588   __mspabi_func_epilog_4
0000e586   __mspabi_func_epilog_5
0000e584   __mspabi_func_epilog_6
0000e582   __mspabi_func_epilog_7
0000e4e0   __mspabi_mpyi
0000e094   __mspabi_mpyl
0000de66   __mspabi_remi
0000e466   __mspabi_remu
0000d27a   __mspabi_remul
0000e572   __mspabi_sral
0000d596   __mspabi_srli
0000d5dc   __mspabi_srli_1
0000d5b8   __mspabi_srli_10
0000d5b4   __mspabi_srli_11
0000d5b0   __mspabi_srli_12
0000d5ac   __mspabi_srli_13
0000d5a8   __mspabi_srli_14
0000d5a4   __mspabi_srli_15
0000d5d8   __mspabi_srli_2
0000d5d4   __mspabi_srli_3
0000d5d0   __mspabi_srli_4
0000d5cc   __mspabi_srli_5
0000d5c8   __mspabi_srli_6
0000d5c4   __mspabi_srli_7
0000d5c0   __mspabi_srli_8
0000d5bc   __mspabi_srli_9
0000d21c   _auto_init
0000e390   _c_int00
0000e390   _c_int00_noexit
0000fffe   _reset_vector
000003b0   _stack
0000e62c   _system_pre_init
0000e6f2   abort
0000da7c   addrIsEqual
ffffffff   binit
0000e47c   broadcastMessage
0000e3c4   changeChannel
0000e20c   checkin
0000e636   clearEventLog
0000e6b0   clearMessageWaiting
0000e640   clearRssiLog
0000dfd6   clearRxBuf
0000d0ec   createRandomAddress
0000d7d0   dumpEventLog
0000d4fe   dumpRssiLog
0000e6bc   eventOverflow
0000e322   formatEventLogMsg
0000debc   formatRssiLogMsg
0000e64a   getLocalTime
0000df10   getRSSI
0000e3dc   getSender
0000e684   getTick
0000d326   hear
0000dab4   init
0000d416   initAddr
0000e3f4   initClock
0000e654   initLog
0000e5a0   initRadioState
0000e52a   initTick
0000e4a4   init_Timer0_A0
0000d814   isBeacon
0000e5ae   listen
000002c0   local_time
0000c984   main
0000e16a   memcmp
0000e53c   memcpy
0000e24c   memmove
0000e4cc   memset
0000e6c2   messageWaiting
0000e754   mrfiBroadcastAddr
0000d464   mrfiSpiCmdStrobe
0000d5e2   mrfiSpiInit
0000e2ca   mrfiSpiReadReg
0000e60c   mrfiSpiReadRxFifo
0000e3aa   mrfiSpiWriteReg
0000e5bc   mrfiSpiWriteTxFifo
0000d376   my_SMPL_Receive
0000e68c   next_state
0000e2e8   nwk_QInit
0000dc22   nwk_QadjustOrder
0000c494   nwk_QfindOldest
0000cf74   nwk_QfindSlot
0000c7ce   nwk_allocateLocalRxPort
0000cd26   nwk_buildFrame
0000dee6   nwk_checkConnInfo
0000dffc   nwk_connectionControl
0000db8a   nwk_deviceAddress
0000e26c   nwk_frameInit
0000e6c8   nwk_freeConnection
0000d9ce   nwk_freqControl
0000e450   nwk_freqInit
0000df38   nwk_getAPAddress
0000e6ce   nwk_getBCastAddress
0000e694   nwk_getChannel
0000dc54   nwk_getConnInfo
0000e6d4   nwk_getFWVersion
0000e54e   nwk_getMyAddress
0000e6da   nwk_getMyRxType
0000d3c6   nwk_getNextConnection
0000e5ca   nwk_getNumObjectFromMsg
0000e6e0   nwk_getProtocolVersion
0000e022   nwk_globalsInit
0000d156   nwk_isConnectionValid
0000d700   nwk_isLinkDuplicate
0000da08   nwk_isValidReply
0000c368   nwk_join
0000e048   nwk_joinInit
0000dc86   nwk_linkInit
0000e65e   nwk_mgmtInit
0000ceee   nwk_nwkInit
0000e668   nwk_pingInit
0000dcb8   nwk_processFreq
0000e28c   nwk_processJoin
0000e06e   nwk_processLink
0000da42   nwk_processMgmt
0000df60   nwk_processPing
0000e6f6   nwk_processSecurity
0000d992   nwk_putNumObjectIntoMsg
0000d074   nwk_radioControl
0000dd7c   nwk_rawReceive
0000d2d2   nwk_rawSend
0000cb18   nwk_retrieveFrame
0000c5be   nwk_scanForChannels
0000e6fe   nwk_securityInit
0000ddac   nwk_sendFrame
0000e5d8   nwk_setAPAddress
0000e33e   nwk_setChannel
0000e560   nwk_setLinkToken
0000e35a   nwk_setMyAddress
0000d918   popEventLog
0000d54a   popRssiLog
0000d62a   pushEventLog
0000cc78   pushRssiLog
0000dddc   radioRx
0000dcea   radioTx
0000e672   resetLocalTime
0000e6e6   resetTick
0000e6ec   rssiOverflow
0000e69c   sRxCallback
0000e40c   sendOverflowLogMessage
0000df88   shout
0000e5e6   sleep
000002d4   tick
000002d6   tick_period
0000e102   timerA0_isr
000002d8   tock
000002da   uart_rx_isr_ptr


GLOBAL SYMBOLS: SORTED BY Symbol Address 

address    name
--------   ----
00000000   IE1
00000001   IE2
00000001   __TI_args_main
00000001   __TI_exit
00000002   IFG1
00000003   IFG2
00000010   P3REN
00000018   P3IN
00000019   P3OUT
0000001a   P3DIR
0000001b   P3SEL
00000020   P1IN
00000021   P1OUT
00000022   P1DIR
00000023   P1IFG
00000024   P1IES
00000025   P1IE
00000026   P1SEL
00000027   P1REN
00000028   P2IN
00000029   P2OUT
0000002a   P2DIR
0000002b   P2IFG
0000002c   P2IES
0000002d   P2IE
0000002e   P2SEL
0000002f   P2REN
00000041   P1SEL2
00000042   P2SEL2
00000043   P3SEL2
00000048   ADC10DTC0
00000049   ADC10DTC1
0000004a   ADC10AE0
00000050   __STACK_SIZE
00000053   BCSCTL3
00000056   DCOCTL
00000057   BCSCTL1
00000058   BCSCTL2
00000059   CACTL1
0000005a   CACTL2
0000005b   CAPD
0000005d   UCA0ABCTL
0000005e   UCA0IRTCTL
0000005f   UCA0IRRCTL
00000060   UCA0CTL0
00000061   UCA0CTL1
00000062   UCA0BR0
00000063   UCA0BR1
00000064   UCA0MCTL
00000065   UCA0STAT
00000066   UCA0RXBUF
00000067   UCA0TXBUF
00000068   UCB0CTL0
00000069   UCB0CTL1
0000006a   UCB0BR0
0000006b   UCB0BR1
0000006c   UCB0I2CIE
0000006d   UCB0STAT
0000006e   UCB0RXBUF
0000006f   UCB0TXBUF
00000118   UCB0I2COA
0000011a   UCB0I2CSA
0000011e   TA1IV
00000120   WDTCTL
00000128   FCTL1
0000012a   FCTL2
0000012c   FCTL3
0000012e   TA0IV
00000160   TA0CTL
00000162   TA0CCTL0
00000164   TA0CCTL1
00000166   TA0CCTL2
00000170   TA0R
00000172   TA0CCR0
00000174   TA0CCR1
00000176   TA0CCR2
00000180   TA1CTL
00000182   TA1CCTL0
00000184   TA1CCTL1
00000186   TA1CCTL2
00000190   TA1R
00000192   TA1CCR0
00000194   TA1CCR1
00000196   TA1CCR2
000001b0   ADC10CTL0
000001b2   ADC10CTL1
000001b4   ADC10MEM
000001bc   ADC10SA
000002c0   local_time
000002d4   tick
000002d6   tick_period
000002d8   tock
000002da   uart_rx_isr_ptr
000003b0   _stack
00000400   __STACK_END
000010f8   CALDCO_16MHZ
000010f9   CALBC1_16MHZ
000010fa   CALDCO_12MHZ
000010fb   CALBC1_12MHZ
000010fc   CALDCO_8MHZ
000010fd   CALBC1_8MHZ
000010fe   CALDCO_1MHZ
000010ff   CALBC1_1MHZ
0000c000   MRFI_Init
0000c368   nwk_join
0000c494   nwk_QfindOldest
0000c5be   nwk_scanForChannels
0000c6cc   MRFI_Transmit
0000c7ce   nwk_allocateLocalRxPort
0000c984   main
0000ca58   SMPL_Ioctl
0000cb18   nwk_retrieveFrame
0000cc78   pushRssiLog
0000cd26   nwk_buildFrame
0000cdc4   TI_getRandomIntegerFromADC
0000cdec   TI_getRandomIntegerFromVLO
0000ceee   nwk_nwkInit
0000cf74   nwk_QfindSlot
0000cff6   SMPL_SendOpt
0000d074   nwk_radioControl
0000d0ec   createRandomAddress
0000d156   nwk_isConnectionValid
0000d21c   _auto_init
0000d27a   __mspabi_divul
0000d27a   __mspabi_remul
0000d2d2   nwk_rawSend
0000d326   hear
0000d376   my_SMPL_Receive
0000d3c6   nwk_getNextConnection
0000d416   initAddr
0000d464   mrfiSpiCmdStrobe
0000d4b2   SMPL_Receive
0000d4fe   dumpRssiLog
0000d54a   popRssiLog
0000d596   __mspabi_srli
0000d5a4   __mspabi_srli_15
0000d5a8   __mspabi_srli_14
0000d5ac   __mspabi_srli_13
0000d5b0   __mspabi_srli_12
0000d5b4   __mspabi_srli_11
0000d5b8   __mspabi_srli_10
0000d5bc   __mspabi_srli_9
0000d5c0   __mspabi_srli_8
0000d5c4   __mspabi_srli_7
0000d5c8   __mspabi_srli_6
0000d5cc   __mspabi_srli_5
0000d5d0   __mspabi_srli_4
0000d5d4   __mspabi_srli_3
0000d5d8   __mspabi_srli_2
0000d5dc   __mspabi_srli_1
0000d5e2   mrfiSpiInit
0000d62a   pushEventLog
0000d6ba   MRFI_RxAddrIsFiltered
0000d700   nwk_isLinkDuplicate
0000d78c   MRFI_Rssi
0000d7d0   dumpEventLog
0000d814   isBeacon
0000d858   SMPL_Init
0000d918   popEventLog
0000d956   MRFI_ReplyDelay
0000d992   nwk_putNumObjectIntoMsg
0000d9ce   nwk_freqControl
0000da08   nwk_isValidReply
0000da42   nwk_processMgmt
0000da7c   addrIsEqual
0000dab4   init
0000daec   MRFI_WakeUp
0000db22   MRFI_SetRFPwr
0000db56   MRFI_SetRxAddrFilter
0000db8a   nwk_deviceAddress
0000dbbe   MRFI_SetLogicalChannel
0000dc22   nwk_QadjustOrder
0000dc54   nwk_getConnInfo
0000dc86   nwk_linkInit
0000dcb8   nwk_processFreq
0000dcea   radioTx
0000dd7c   nwk_rawReceive
0000ddac   nwk_sendFrame
0000dddc   radioRx
0000de66   __mspabi_divi
0000de66   __mspabi_remi
0000debc   formatRssiLogMsg
0000dee6   nwk_checkConnInfo
0000df10   getRSSI
0000df38   nwk_getAPAddress
0000df60   nwk_processPing
0000df88   shout
0000dfd6   clearRxBuf
0000dffc   nwk_connectionControl
0000e022   nwk_globalsInit
0000e048   nwk_joinInit
0000e06e   nwk_processLink
0000e094   __mspabi_mpyl
0000e0ba   MRFI_Sleep
0000e0de   USCI0RX_ISR
0000e102   timerA0_isr
0000e126   MRFI_EnableRxAddrFilter
0000e148   MRFI_RxOn
0000e16a   memcmp
0000e18c   BSP_Init
0000e1ac   BSP_InitBoard
0000e1cc   MRFI_RxCompleteISR
0000e1ec   MRFI_RxIdle
0000e20c   checkin
0000e24c   memmove
0000e26c   nwk_frameInit
0000e28c   nwk_processJoin
0000e2ac   BSP_Delay
0000e2ca   mrfiSpiReadReg
0000e2e8   nwk_QInit
0000e306   MRFI_GpioIsr
0000e322   formatEventLogMsg
0000e33e   nwk_setChannel
0000e35a   nwk_setMyAddress
0000e376   BSP_GpioPort1Isr
0000e390   _c_int00
0000e390   _c_int00_noexit
0000e3aa   mrfiSpiWriteReg
0000e3c4   changeChannel
0000e3dc   getSender
0000e3f4   initClock
0000e40c   sendOverflowLogMessage
0000e424   MRFI_RandomByte
0000e450   nwk_freqInit
0000e466   __mspabi_divu
0000e466   __mspabi_remu
0000e47c   broadcastMessage
0000e490   __TI_zero_init
0000e4a4   init_Timer0_A0
0000e4cc   memset
0000e4e0   __mspabi_mpyi
0000e4f4   BSP_InitLeds
0000e518   __TI_decompress_none
0000e52a   initTick
0000e53c   memcpy
0000e54e   nwk_getMyAddress
0000e560   nwk_setLinkToken
0000e572   __mspabi_sral
0000e582   __mspabi_func_epilog_7
0000e584   __mspabi_func_epilog_6
0000e586   __mspabi_func_epilog_5
0000e588   __mspabi_func_epilog_4
0000e58a   __mspabi_func_epilog_3
0000e58c   __mspabi_func_epilog_2
0000e58e   __mspabi_func_epilog_1
0000e592   MRFI_Receive
0000e5a0   initRadioState
0000e5ae   listen
0000e5bc   mrfiSpiWriteTxFifo
0000e5ca   nwk_getNumObjectFromMsg
0000e5d8   nwk_setAPAddress
0000e5e6   sleep
0000e5f4   MRFI_PostKillSem
0000e60c   mrfiSpiReadRxFifo
0000e618   BSP_InitButtons
0000e622   BSP_InitDrivers
0000e62c   _system_pre_init
0000e636   clearEventLog
0000e640   clearRssiLog
0000e64a   getLocalTime
0000e654   initLog
0000e65e   nwk_mgmtInit
0000e668   nwk_pingInit
0000e672   resetLocalTime
0000e67c   SMPL_Send
0000e684   getTick
0000e68c   next_state
0000e694   nwk_getChannel
0000e69c   sRxCallback
0000e6a4   MRFI_GetRadioState
0000e6aa   __TI_ISR_TRAP
0000e6b0   clearMessageWaiting
0000e6b6   __TI_decompress_rle24
0000e6bc   eventOverflow
0000e6c2   messageWaiting
0000e6c8   nwk_freeConnection
0000e6ce   nwk_getBCastAddress
0000e6d4   nwk_getFWVersion
0000e6da   nwk_getMyRxType
0000e6e0   nwk_getProtocolVersion
0000e6e6   resetTick
0000e6ec   rssiOverflow
0000e6f2   C$$EXIT
0000e6f2   abort
0000e6f6   nwk_processSecurity
0000e6fe   nwk_securityInit
0000e754   mrfiBroadcastAddr
0000e76e   __TI_Handler_Table_Base
0000e774   __TI_Handler_Table_Limit
0000e778   __TI_CINIT_Base
0000e780   __TI_CINIT_Limit
0000ffe4   __TI_int02
0000ffe6   __TI_int03
0000ffea   __TI_int05
0000ffec   __TI_int06
0000ffee   __TI_int07
0000fff0   __TI_int08
0000fff2   __TI_int09
0000fff4   __TI_int10
0000fff6   __TI_int11
0000fff8   __TI_int12
0000fffa   __TI_int13
0000fffc   __TI_int14
0000fffe   _reset_vector
ffffffff   __binit__
ffffffff   __c_args__
ffffffff   binit
UNDEFED    __TI_INITARRAY_Base
UNDEFED    __TI_INITARRAY_Limit

[309 symbols]
