******************************************************************************
                  MSP430 Linker PC v4.1.2                      
******************************************************************************
>> Linked Mon Oct 28 06:13:22 2013

OUTPUT FILE NAME:   <SimpliciTI test.out>
ENTRY POINT SYMBOL: "_c_int00"  address: 0000e38a


MEMORY CONFIGURATION

         name            origin    length      used     unused   attr    fill
----------------------  --------  ---------  --------  --------  ----  --------
  SFR                   00000000   00000010  00000000  00000010  RWIX
  PERIPHERALS_8BIT      00000010   000000f0  00000000  000000f0  RWIX
  PERIPHERALS_16BIT     00000100   00000100  00000000  00000100  RWIX
  RAM                   00000200   00000200  0000018a  00000076  RWIX
  INFOD                 00001000   00000040  00000000  00000040  RWIX
  INFOC                 00001040   00000040  00000000  00000040  RWIX
  INFOB                 00001080   00000040  00000000  00000040  RWIX
  INFOA                 000010c0   00000040  00000000  00000040  RWIX
  FLASH                 0000c000   00003fe0  00002771  0000186f  RWIX
  INT00                 0000ffe0   00000002  00000000  00000002  RWIX
  INT01                 0000ffe2   00000002  00000000  00000002  RWIX
  INT02                 0000ffe4   00000002  00000000  00000002  RWIX
  INT03                 0000ffe6   00000002  00000002  00000000  RWIX
  INT04                 0000ffe8   00000002  00000000  00000002  RWIX
  INT05                 0000ffea   00000002  00000000  00000002  RWIX
  INT06                 0000ffec   00000002  00000000  00000002  RWIX
  INT07                 0000ffee   00000002  00000002  00000000  RWIX
  INT08                 0000fff0   00000002  00000000  00000002  RWIX
  INT09                 0000fff2   00000002  00000002  00000000  RWIX
  INT10                 0000fff4   00000002  00000000  00000002  RWIX
  INT11                 0000fff6   00000002  00000000  00000002  RWIX
  INT12                 0000fff8   00000002  00000000  00000002  RWIX
  INT13                 0000fffa   00000002  00000000  00000002  RWIX
  INT14                 0000fffc   00000002  00000000  00000002  RWIX
  RESET                 0000fffe   00000002  00000002  00000000  RWIX


SECTION ALLOCATION MAP

 output                                  attributes/
section   page    origin      length       input sections
--------  ----  ----------  ----------   ----------------
.init_array 
*          0    0000c000    00000000     UNINITIALIZED

.bss       0    00000200    000000e1     UNINITIALIZED
                  00000200    00000068     nwk_QMgmt.obj (.bss)
                  00000268    00000044     log.obj (.bss)
                  000002ac    00000018     mrfi.obj (.bss)
                  000002c4    0000000a     tick.obj (.bss)
                  000002ce    00000008     nwk_globals.obj (.bss)
                  000002d6    00000006     radio.obj (.bss)
                  000002dc    00000002     nwk_link.obj (.bss)
                  000002de    00000002     uart.obj (.bss)
                  000002e0    00000001     nwk_freq.obj (.bss)

.TI.noinit 
*          0    00000200    00000000     UNINITIALIZED

.data      0    000002e2    00000059     
                  000002e2    00000026     nwk.obj (.data)
                  00000308    00000009     mrfi.obj (.data)
                  00000311    00000001     --HOLE--
                  00000312    00000008     nwk_frame.obj (.data)
                  0000031a    00000007     nwk_join.obj (.data)
                  00000321    00000001     --HOLE--
                  00000322    00000007     nwk_link.obj (.data)
                  00000329    00000001     --HOLE--
                  0000032a    00000004     mrfi.obj (.data:mrfiRxFilterAddr)
                  0000032e    00000003     nwk_mgmt.obj (.data)
                  00000331    00000001     --HOLE--
                  00000332    00000001     bsp.obj (.data)
                  00000333    00000001     --HOLE--
                  00000334    00000001     nwk_api.obj (.data)
                  00000335    00000001     --HOLE--
                  00000336    00000001     nwk_freq.obj (.data)
                  00000337    00000001     --HOLE--
                  00000338    00000001     nwk_globals.obj (.data)
                  00000339    00000001     --HOLE--
                  0000033a    00000001     nwk_ping.obj (.data)

.TI.persistent 
*          0    000002e2    00000000     UNINITIALIZED

.stack     0    000003b0    00000050     UNINITIALIZED
                  000003b0    00000002     rts430_eabi.lib : boot.obj (.stack)
                  000003b2    0000004e     --HOLE--

.text      0    0000c000    000026f2     
                  0000c000    000001d0     mrfi.obj (.text:MRFI_Init)
                  0000c1d0    00000198     nwk_link.obj (.text:smpl_send_link_reply)
                  0000c368    0000012c     nwk_join.obj (.text:nwk_join)
                  0000c494    0000012a     nwk_QMgmt.obj (.text:nwk_QfindOldest)
                  0000c5be    0000010e     nwk_freq.obj (.text:nwk_scanForChannels)
                  0000c6cc    00000102     mrfi.obj (.text:MRFI_Transmit)
                  0000c7ce    000000de     nwk.obj (.text:nwk_allocateLocalRxPort)
                  0000c8ac    000000d8     mrfi.obj (.text:Mrfi_SyncPinRxIsr)
                  0000c984    000000d4     main_sleep_wake.obj (.text:main)
                  0000ca58    000000c0     nwk_api.obj (.text:SMPL_Ioctl)
                  0000cb18    000000b2     nwk_frame.obj (.text:nwk_retrieveFrame)
                  0000cbca    000000ae     nwk_frame.obj (.text:dispatchFrame)
                  0000cc78    000000ae     log.obj (.text:pushRssiLog)
                  0000cd26    0000009e     nwk_frame.obj (.text:nwk_buildFrame)
                  0000cdc4    0000009e     vlo_rand.obj (.text)
                  0000ce62    0000008a     mrfi.obj (.text:spiBurstFifoAccess)
                  0000ceec    00000086     nwk.obj (.text:nwk_nwkInit)
                  0000cf72    00000082     nwk_QMgmt.obj (.text:nwk_QfindSlot)
                  0000cff4    0000007e     nwk_api.obj (.text:SMPL_SendOpt)
                  0000d072    00000078     nwk_ioctl.obj (.text:nwk_radioControl)
                  0000d0ea    0000006a     radio.obj (.text:createRandomAddress)
                  0000d154    00000068     nwk.obj (.text:nwk_isConnectionValid)
                  0000d1bc    0000005e     rts430_eabi.lib : copy_decompress_rle.obj (.text:__TI_decompress_rle_core)
                  0000d21a    0000005e                     : autoinit.obj (.text:_auto_init)
                  0000d278    00000058                     : div32u.obj (.text)
                  0000d2d0    00000054     nwk_ioctl.obj (.text:nwk_rawSend)
                  0000d324    00000050     main_sleep_wake.obj (.text:hear)
                  0000d374    00000050     radio.obj (.text:my_SMPL_Receive)
                  0000d3c4    00000050     nwk.obj (.text:nwk_getNextConnection)
                  0000d414    0000004e     radio.obj (.text:initAddr)
                  0000d462    0000004c     nwk_api.obj (.text:SMPL_Receive)
                  0000d4ae    0000004c     backchannel.obj (.text:dumpRssiLog)
                  0000d4fa    0000004c     mrfi.obj (.text:mrfiSpiCmdStrobe)
                  0000d546    0000004c     log.obj (.text:popRssiLog)
                  0000d592    0000004c     rts430_eabi.lib : lsr16.obj (.text)
                  0000d5de    00000048     mrfi.obj (.text:mrfiSpiInit)
                  0000d626    00000048     log.obj (.text:pushEventLog)
                  0000d66e    00000048     mrfi.obj (.text:spiRegAccess)
                  0000d6b6    00000046     mrfi.obj (.text:MRFI_RxAddrIsFiltered)
                  0000d6fc    00000046     nwk.obj (.text:nwk_isLinkDuplicate)
                  0000d742    00000046     nwk_ping.obj (.text:smpl_send_ping_reply)
                  0000d788    00000044     mrfi.obj (.text:MRFI_Rssi)
                  0000d7cc    00000044     backchannel.obj (.text:dumpEventLog)
                  0000d810    00000044     init.obj (.text:isBeacon)
                  0000d854    00000042     nwk_api.obj (.text:SMPL_Init)
                  0000d896    00000040     nwk_freq.obj (.text:change_channel_cmd_is_valid)
                  0000d8d6    0000003e     nwk.obj (.text:initializeConnection)
                  0000d914    0000003e     log.obj (.text:popEventLog)
                  0000d952    0000003c     mrfi.obj (.text:MRFI_ReplyDelay)
                  0000d98e    0000003c     nwk.obj (.text:nwk_putNumObjectIntoMsg)
                  0000d9ca    0000003a     nwk_freq.obj (.text:nwk_freqControl)
                  0000da04    0000003a     nwk.obj (.text:nwk_isValidReply)
                  0000da3e    0000003a     nwk_mgmt.obj (.text:nwk_processMgmt)
                  0000da78    00000038     log.obj (.text:addrIsEqual)
                  0000dab0    00000038     init.obj (.text:init)
                  0000dae8    00000036     mrfi.obj (.text:MRFI_WakeUp)
                  0000db1e    00000034     mrfi.obj (.text:MRFI_SetRFPwr)
                  0000db52    00000034     mrfi.obj (.text:MRFI_SetRxAddrFilter)
                  0000db86    00000034     nwk_ioctl.obj (.text:nwk_deviceAddress)
                  0000dbba    00000032     mrfi.obj (.text:MRFI_SetLogicalChannel)
                  0000dbec    00000032     nwk_freq.obj (.text:handle_freq_cmd)
                  0000dc1e    00000032     nwk_QMgmt.obj (.text:nwk_QadjustOrder)
                  0000dc50    00000032     nwk.obj (.text:nwk_getConnInfo)
                  0000dc82    00000032     nwk_link.obj (.text:nwk_linkInit)
                  0000dcb4    00000032     nwk_freq.obj (.text:nwk_processFreq)
                  0000dce6    00000032     radio.obj (.text:radioTx)
                  0000dd18    00000030     mrfi.obj (.text:Mrfi_DelayUsecSem)
                  0000dd48    00000030     nwk.obj (.text:map_lid2idx)
                  0000dd78    00000030     nwk_ioctl.obj (.text:nwk_rawReceive)
                  0000dda8    00000030     nwk_frame.obj (.text:nwk_sendFrame)
                  0000ddd8    00000030     radio.obj (.text:radioRx)
                  0000de08    0000002e     mrfi.obj (.text:Mrfi_CalculateRssi)
                  0000de36    0000002c     mrfi.obj (.text:Mrfi_RxModeOff)
                  0000de62    0000002c     rts430_eabi.lib : div16s.obj (.text)
                  0000de8e    0000002a     mrfi.obj (.text:Mrfi_DelayUsec)
                  0000deb8    0000002a     backchannel.obj (.text:formatRssiLogMsg)
                  0000dee2    0000002a     nwk.obj (.text:nwk_checkConnInfo)
                  0000df0c    00000028     radio.obj (.text:getRSSI)
                  0000df34    00000028     nwk_globals.obj (.text:nwk_getAPAddress)
                  0000df5c    00000028     nwk_ping.obj (.text:nwk_processPing)
                  0000df84    00000028     main_sleep_wake.obj (.text:shout)
                  0000dfac    00000026     mrfi.obj (.text:Mrfi_RandomBackoffDelay)
                  0000dfd2    00000026     radio.obj (.text:clearRxBuf)
                  0000dff8    00000026     nwk_ioctl.obj (.text:nwk_connectionControl)
                  0000e01e    00000026     nwk_globals.obj (.text:nwk_globalsInit)
                  0000e044    00000026     nwk_join.obj (.text:nwk_joinInit)
                  0000e06a    00000026     nwk_link.obj (.text:nwk_processLink)
                  0000e090    00000026     rts430_eabi.lib : mult32.obj (.text)
                  0000e0b6    00000024     mrfi.obj (.text:MRFI_Sleep)
                  0000e0da    00000024     uart.obj (.text:USCI0RX_ISR)
                  0000e0fe    00000024     rts430_eabi.lib : memcmp.obj (.text:memcmp)
                  0000e122    00000024     tick.obj (.text:timerA0_isr)
                  0000e146    00000022     mrfi.obj (.text:MRFI_RxOn)
                  0000e168    00000020     bsp.obj (.text:BSP_Init)
                  0000e188    00000020     bsp.obj (.text:BSP_InitBoard)
                  0000e1a8    00000020     mrfi.obj (.text:MRFI_EnableRxAddrFilter)
                  0000e1c8    00000020     nwk_frame.obj (.text:MRFI_RxCompleteISR)
                  0000e1e8    00000020     mrfi.obj (.text:MRFI_RxIdle)
                  0000e208    00000020     backchannel.obj (.text:checkin)
                  0000e228    00000020     nwk_link.obj (.text:handleLinkRequest)
                  0000e248    00000020     rts430_eabi.lib : memmov.obj (.text:memmove)
                  0000e268    00000020     nwk_frame.obj (.text:nwk_frameInit)
                  0000e288    00000020     nwk_join.obj (.text:nwk_processJoin)
                  0000e2a8    0000001e     bsp.obj (.text:BSP_Delay)
                  0000e2c6    0000001e     nwk_QMgmt.obj (.text:nwk_QInit)
                  0000e2e4    0000001c     mrfi.obj (.text:MRFI_GpioIsr)
                  0000e300    0000001c     backchannel.obj (.text:formatEventLogMsg)
                  0000e31c    0000001c     mrfi.obj (.text:mrfiSpiReadReg)
                  0000e338    0000001c     nwk_freq.obj (.text:nwk_setChannel)
                  0000e354    0000001c     nwk_globals.obj (.text:nwk_setMyAddress)
                  0000e370    0000001a     mrfi.obj (.text:BSP_GpioPort1Isr)
                  0000e38a    0000001a     rts430_eabi.lib : boot.obj (.text:_c_int00_noexit)
                  0000e3a4    00000018     backchannel.obj (.text:changeChannel)
                  0000e3bc    00000018     radio.obj (.text:getSender)
                  0000e3d4    00000018     init.obj (.text:initClock)
                  0000e3ec    00000018     mrfi.obj (.text:mrfiSpiWriteReg)
                  0000e404    00000018     backchannel.obj (.text:sendOverflowLogMessage)
                  0000e41c    00000016     mrfi.obj (.text:MRFI_RandomByte)
                  0000e432    00000016     mrfi.obj (.text:Mrfi_RxModeOn)
                  0000e448    00000016     nwk_freq.obj (.text:nwk_freqInit)
                  0000e45e    00000016     rts430_eabi.lib : div16u.obj (.text)
                  0000e474    00000014     radio.obj (.text:broadcastMessage)
                  0000e488    00000014     rts430_eabi.lib : copy_zero_init.obj (.text:decompress:ZI:__TI_zero_init)
                  0000e49c    00000014     init.obj (.text:init_Timer0_A0)
                  0000e4b0    00000014     nwk_api.obj (.text:ioctlPreInitAccessIsOK)
                  0000e4c4    00000014     rts430_eabi.lib : memset.obj (.text:memset)
                  0000e4d8    00000014                     : mult16.obj (.text)
                  0000e4ec    00000012     bsp.obj (.text:BSP_InitLeds)
                  0000e4fe    00000012     nwk_freq.obj (.text:change_channel_cmd)
                  0000e510    00000012     rts430_eabi.lib : copy_decompress_none.obj (.text:decompress:none:__TI_decompress_none)
                  0000e522    00000012     tick.obj (.text:initTick)
                  0000e534    00000012     rts430_eabi.lib : memcpy.obj (.text:memcpy)
                  0000e546    00000012     nwk_globals.obj (.text:nwk_getMyAddress)
                  0000e558    00000012     nwk_link.obj (.text:nwk_setLinkToken)
                  0000e56a    00000010     rts430_eabi.lib : asr32.obj (.text:l_asr)
                  0000e57a    00000010                     : epilog.obj (.text)
                  0000e58a    0000000e     mrfi.obj (.text:MRFI_Receive)
                  0000e598    0000000e     radio.obj (.text:initRadioState)
                  0000e5a6    0000000e     main_sleep_wake.obj (.text:listen)
                  0000e5b4    0000000e     mrfi.obj (.text:mrfiSpiWriteTxFifo)
                  0000e5c2    0000000e     nwk.obj (.text:nwk_getNumObjectFromMsg)
                  0000e5d0    0000000e     nwk_globals.obj (.text:nwk_setAPAddress)
                  0000e5de    0000000e     main_sleep_wake.obj (.text:sleep)
                  0000e5ec    0000000c     mrfi.obj (.text:MRFI_PostKillSem)
                  0000e5f8    0000000c     nwk_ping.obj (.text:handlePingRequest)
                  0000e604    0000000c     mrfi.obj (.text:mrfiSpiReadRxFifo)
                  0000e610    0000000a     bsp.obj (.text:BSP_InitButtons)
                  0000e61a    0000000a     bsp.obj (.text:BSP_InitDrivers)
                  0000e624    0000000a     bsp.obj (.text:_system_pre_init)
                  0000e62e    0000000a     log.obj (.text:clearEventLog)
                  0000e638    0000000a     log.obj (.text:clearRssiLog)
                  0000e642    0000000a     tick.obj (.text:getLocalTime)
                  0000e64c    0000000a     log.obj (.text:initLog)
                  0000e656    0000000a     nwk_mgmt.obj (.text:nwk_mgmtInit)
                  0000e660    0000000a     nwk_ping.obj (.text:nwk_pingInit)
                  0000e66a    0000000a     tick.obj (.text:resetLocalTime)
                  0000e674    00000008     nwk_api.obj (.text:SMPL_Send)
                  0000e67c    00000008     tick.obj (.text:getTick)
                  0000e684    00000008     main_sleep_wake.obj (.text:next_state)
                  0000e68c    00000008     nwk_freq.obj (.text:nwk_getChannel)
                  0000e694    00000008     radio.obj (.text:sRxCallback)
                  0000e69c    00000006     mrfi.obj (.text:MRFI_GetRadioState)
                  0000e6a2    00000006     radio.obj (.text:clearMessageWaiting)
                  0000e6a8    00000006     rts430_eabi.lib : copy_decompress_rle.obj (.text:decompress:rle24:__TI_decompress_rle24)
                  0000e6ae    00000006     log.obj (.text:eventOverflow)
                  0000e6b4    00000006     radio.obj (.text:messageWaiting)
                  0000e6ba    00000006     nwk.obj (.text:nwk_freeConnection)
                  0000e6c0    00000006     nwk_globals.obj (.text:nwk_getBCastAddress)
                  0000e6c6    00000006     nwk_globals.obj (.text:nwk_getFWVersion)
                  0000e6cc    00000006     nwk_frame.obj (.text:nwk_getMyRxType)
                  0000e6d2    00000006     nwk_globals.obj (.text:nwk_getProtocolVersion)
                  0000e6d8    00000006     tick.obj (.text:resetTick)
                  0000e6de    00000006     log.obj (.text:rssiOverflow)
                  0000e6e4    00000004     rts430_eabi.lib : exit.obj (.text:abort)
                  0000e6e8    00000004     nwk_security.obj (.text:nwk_processSecurity)
                  0000e6ec    00000004     nwk_freq.obj (.text:send_ping_reply)
                  0000e6f0    00000002     nwk_security.obj (.text:nwk_securityInit)

.const     0    0000e6f2    0000005f     
                  0000e6f2    0000003e     mrfi.obj (.const:mrfiRadioCfg)
                  0000e730    0000000c     nwk_frame.obj (.const:func)
                  0000e73c    00000009     nwk_globals.obj (.const)
                  0000e745    00000001     --HOLE-- [fill = 0]
                  0000e746    00000004     mrfi.obj (.const:.string:mrfiBroadcastAddr)
                  0000e74a    00000004     mrfi.obj (.const:.string:mrfiLogicalChanTable)
                  0000e74e    00000003     mrfi.obj (.const:.string:mrfiRFPowerTable)

.cinit     0    0000e752    00000020     
                  0000e752    0000000e     (.cinit..data.load) [load image, compression = rle]
                  0000e760    00000006     (__TI_handler_table)
                  0000e766    00000004     (.cinit..bss.load) [load image, compression = zero_init]
                  0000e76a    00000008     (__TI_cinit_table)

PORT2      0    0000ffe6    00000002     
                  0000ffe6    00000002     mrfi.obj (.int03)

USCIAB0RX 
*          0    0000ffee    00000002     
                  0000ffee    00000002     uart.obj (.int07)

TIMER0_A0 
*          0    0000fff2    00000002     
                  0000fff2    00000002     tick.obj (.int09)

.reset     0    0000fffe    00000002     
                  0000fffe    00000002     rts430_eabi.lib : boot.obj (.reset)


LINKER GENERATED COPY TABLES

__TI_cinit_table @ 0000e76a records: 2, size/record: 4, table size: 8
	.data: load addr=0000e752, load size=0000000e bytes, run addr=000002e2, run size=00000059 bytes, compression=rle
	.bss: load addr=0000e766, load size=00000004 bytes, run addr=00000200, run size=000000e1 bytes, compression=zero_init


LINKER GENERATED HANDLER TABLE

__TI_handler_table @ 0000e760 records: 3, size/record: 2, table size: 6
	index: 0, handler: __TI_zero_init
	index: 1, handler: __TI_decompress_rle24
	index: 2, handler: __TI_decompress_none


GLOBAL SYMBOLS: SORTED ALPHABETICALLY BY Name 

address    name
--------   ----
0000004a   ADC10AE0
000001b0   ADC10CTL0
000001b2   ADC10CTL1
00000048   ADC10DTC0
00000049   ADC10DTC1
000001b4   ADC10MEM
000001bc   ADC10SA
00000057   BCSCTL1
00000058   BCSCTL2
00000053   BCSCTL3
0000e2a8   BSP_Delay
0000e370   BSP_GpioPort1Isr
0000e168   BSP_Init
0000e188   BSP_InitBoard
0000e610   BSP_InitButtons
0000e61a   BSP_InitDrivers
0000e4ec   BSP_InitLeds
0000e6e4   C$$EXIT
00000059   CACTL1
0000005a   CACTL2
000010fb   CALBC1_12MHZ
000010f9   CALBC1_16MHZ
000010ff   CALBC1_1MHZ
000010fd   CALBC1_8MHZ
000010fa   CALDCO_12MHZ
000010f8   CALDCO_16MHZ
000010fe   CALDCO_1MHZ
000010fc   CALDCO_8MHZ
0000005b   CAPD
00000056   DCOCTL
00000128   FCTL1
0000012a   FCTL2
0000012c   FCTL3
00000000   IE1
00000001   IE2
00000002   IFG1
00000003   IFG2
0000e1a8   MRFI_EnableRxAddrFilter
0000e69c   MRFI_GetRadioState
0000e2e4   MRFI_GpioIsr
0000c000   MRFI_Init
0000e5ec   MRFI_PostKillSem
0000e41c   MRFI_RandomByte
0000e58a   MRFI_Receive
0000d952   MRFI_ReplyDelay
0000d788   MRFI_Rssi
0000d6b6   MRFI_RxAddrIsFiltered
0000e1c8   MRFI_RxCompleteISR
0000e1e8   MRFI_RxIdle
0000e146   MRFI_RxOn
0000dbba   MRFI_SetLogicalChannel
0000db1e   MRFI_SetRFPwr
0000db52   MRFI_SetRxAddrFilter
0000e0b6   MRFI_Sleep
0000c6cc   MRFI_Transmit
0000dae8   MRFI_WakeUp
00000022   P1DIR
00000025   P1IE
00000024   P1IES
00000023   P1IFG
00000020   P1IN
00000021   P1OUT
00000027   P1REN
00000026   P1SEL
00000041   P1SEL2
0000002a   P2DIR
0000002d   P2IE
0000002c   P2IES
0000002b   P2IFG
00000028   P2IN
00000029   P2OUT
0000002f   P2REN
0000002e   P2SEL
00000042   P2SEL2
0000001a   P3DIR
00000018   P3IN
00000019   P3OUT
00000010   P3REN
0000001b   P3SEL
00000043   P3SEL2
0000d854   SMPL_Init
0000ca58   SMPL_Ioctl
0000d462   SMPL_Receive
0000e674   SMPL_Send
0000cff4   SMPL_SendOpt
00000172   TA0CCR0
00000174   TA0CCR1
00000176   TA0CCR2
00000162   TA0CCTL0
00000164   TA0CCTL1
00000166   TA0CCTL2
00000160   TA0CTL
0000012e   TA0IV
00000170   TA0R
00000192   TA1CCR0
00000194   TA1CCR1
00000196   TA1CCR2
00000182   TA1CCTL0
00000184   TA1CCTL1
00000186   TA1CCTL2
00000180   TA1CTL
0000011e   TA1IV
00000190   TA1R
0000cdc4   TI_getRandomIntegerFromADC
0000cdec   TI_getRandomIntegerFromVLO
0000005d   UCA0ABCTL
00000062   UCA0BR0
00000063   UCA0BR1
00000060   UCA0CTL0
00000061   UCA0CTL1
0000005f   UCA0IRRCTL
0000005e   UCA0IRTCTL
00000064   UCA0MCTL
00000066   UCA0RXBUF
00000065   UCA0STAT
00000067   UCA0TXBUF
0000006a   UCB0BR0
0000006b   UCB0BR1
00000068   UCB0CTL0
00000069   UCB0CTL1
0000006c   UCB0I2CIE
00000118   UCB0I2COA
0000011a   UCB0I2CSA
0000006e   UCB0RXBUF
0000006d   UCB0STAT
0000006f   UCB0TXBUF
0000e0da   USCI0RX_ISR
00000120   WDTCTL
00000400   __STACK_END
00000050   __STACK_SIZE
0000e76a   __TI_CINIT_Base
0000e772   __TI_CINIT_Limit
0000e760   __TI_Handler_Table_Base
0000e766   __TI_Handler_Table_Limit
UNDEFED    __TI_INITARRAY_Base
UNDEFED    __TI_INITARRAY_Limit
00000001   __TI_args_main
0000e510   __TI_decompress_none
0000e6a8   __TI_decompress_rle24
00000001   __TI_exit
0000e488   __TI_zero_init
ffffffff   __binit__
ffffffff   __c_args__
0000de62   __mspabi_divi
0000e45e   __mspabi_divu
0000d278   __mspabi_divul
0000e586   __mspabi_func_epilog_1
0000e584   __mspabi_func_epilog_2
0000e582   __mspabi_func_epilog_3
0000e580   __mspabi_func_epilog_4
0000e57e   __mspabi_func_epilog_5
0000e57c   __mspabi_func_epilog_6
0000e57a   __mspabi_func_epilog_7
0000e4d8   __mspabi_mpyi
0000e090   __mspabi_mpyl
0000de62   __mspabi_remi
0000e45e   __mspabi_remu
0000d278   __mspabi_remul
0000e56a   __mspabi_sral
0000d592   __mspabi_srli
0000d5d8   __mspabi_srli_1
0000d5b4   __mspabi_srli_10
0000d5b0   __mspabi_srli_11
0000d5ac   __mspabi_srli_12
0000d5a8   __mspabi_srli_13
0000d5a4   __mspabi_srli_14
0000d5a0   __mspabi_srli_15
0000d5d4   __mspabi_srli_2
0000d5d0   __mspabi_srli_3
0000d5cc   __mspabi_srli_4
0000d5c8   __mspabi_srli_5
0000d5c4   __mspabi_srli_6
0000d5c0   __mspabi_srli_7
0000d5bc   __mspabi_srli_8
0000d5b8   __mspabi_srli_9
0000d21a   _auto_init
0000e38a   _c_int00
0000e38a   _c_int00_noexit
0000fffe   _reset_vector
000003b0   _stack
0000e624   _system_pre_init
0000e6e4   abort
0000da78   addrIsEqual
ffffffff   binit
0000e474   broadcastMessage
0000e3a4   changeChannel
0000e208   checkin
0000e62e   clearEventLog
0000e6a2   clearMessageWaiting
0000e638   clearRssiLog
0000dfd2   clearRxBuf
0000d0ea   createRandomAddress
0000d7cc   dumpEventLog
0000d4ae   dumpRssiLog
0000e6ae   eventOverflow
0000e300   formatEventLogMsg
0000deb8   formatRssiLogMsg
0000e642   getLocalTime
0000df0c   getRSSI
0000e3bc   getSender
0000e67c   getTick
0000d324   hear
0000dab0   init
0000d414   initAddr
0000e3d4   initClock
0000e64c   initLog
0000e598   initRadioState
0000e522   initTick
0000e49c   init_Timer0_A0
0000d810   isBeacon
0000e5a6   listen
000002c8   local_time
0000c984   main
0000e0fe   memcmp
0000e534   memcpy
0000e248   memmove
0000e4c4   memset
0000e6b4   messageWaiting
0000e746   mrfiBroadcastAddr
0000d4fa   mrfiSpiCmdStrobe
0000d5de   mrfiSpiInit
0000e31c   mrfiSpiReadReg
0000e604   mrfiSpiReadRxFifo
0000e3ec   mrfiSpiWriteReg
0000e5b4   mrfiSpiWriteTxFifo
0000d374   my_SMPL_Receive
0000e684   next_state
0000e2c6   nwk_QInit
0000dc1e   nwk_QadjustOrder
0000c494   nwk_QfindOldest
0000cf72   nwk_QfindSlot
0000c7ce   nwk_allocateLocalRxPort
0000cd26   nwk_buildFrame
0000dee2   nwk_checkConnInfo
0000dff8   nwk_connectionControl
0000db86   nwk_deviceAddress
0000e268   nwk_frameInit
0000e6ba   nwk_freeConnection
0000d9ca   nwk_freqControl
0000e448   nwk_freqInit
0000df34   nwk_getAPAddress
0000e6c0   nwk_getBCastAddress
0000e68c   nwk_getChannel
0000dc50   nwk_getConnInfo
0000e6c6   nwk_getFWVersion
0000e546   nwk_getMyAddress
0000e6cc   nwk_getMyRxType
0000d3c4   nwk_getNextConnection
0000e5c2   nwk_getNumObjectFromMsg
0000e6d2   nwk_getProtocolVersion
0000e01e   nwk_globalsInit
0000d154   nwk_isConnectionValid
0000d6fc   nwk_isLinkDuplicate
0000da04   nwk_isValidReply
0000c368   nwk_join
0000e044   nwk_joinInit
0000dc82   nwk_linkInit
0000e656   nwk_mgmtInit
0000ceec   nwk_nwkInit
0000e660   nwk_pingInit
0000dcb4   nwk_processFreq
0000e288   nwk_processJoin
0000e06a   nwk_processLink
0000da3e   nwk_processMgmt
0000df5c   nwk_processPing
0000e6e8   nwk_processSecurity
0000d98e   nwk_putNumObjectIntoMsg
0000d072   nwk_radioControl
0000dd78   nwk_rawReceive
0000d2d0   nwk_rawSend
0000cb18   nwk_retrieveFrame
0000c5be   nwk_scanForChannels
0000e6f0   nwk_securityInit
0000dda8   nwk_sendFrame
0000e5d0   nwk_setAPAddress
0000e338   nwk_setChannel
0000e558   nwk_setLinkToken
0000e354   nwk_setMyAddress
0000d914   popEventLog
0000d546   popRssiLog
0000d626   pushEventLog
0000cc78   pushRssiLog
0000ddd8   radioRx
0000dce6   radioTx
0000e66a   resetLocalTime
0000e6d8   resetTick
0000e6de   rssiOverflow
0000e694   sRxCallback
0000e404   sendOverflowLogMessage
0000df84   shout
0000e5de   sleep
000002c4   tick
000002cc   tick_period
0000e122   timerA0_isr
000002c6   tock
000002de   uart_rx_isr_ptr


GLOBAL SYMBOLS: SORTED BY Symbol Address 

address    name
--------   ----
00000000   IE1
00000001   IE2
00000001   __TI_args_main
00000001   __TI_exit
00000002   IFG1
00000003   IFG2
00000010   P3REN
00000018   P3IN
00000019   P3OUT
0000001a   P3DIR
0000001b   P3SEL
00000020   P1IN
00000021   P1OUT
00000022   P1DIR
00000023   P1IFG
00000024   P1IES
00000025   P1IE
00000026   P1SEL
00000027   P1REN
00000028   P2IN
00000029   P2OUT
0000002a   P2DIR
0000002b   P2IFG
0000002c   P2IES
0000002d   P2IE
0000002e   P2SEL
0000002f   P2REN
00000041   P1SEL2
00000042   P2SEL2
00000043   P3SEL2
00000048   ADC10DTC0
00000049   ADC10DTC1
0000004a   ADC10AE0
00000050   __STACK_SIZE
00000053   BCSCTL3
00000056   DCOCTL
00000057   BCSCTL1
00000058   BCSCTL2
00000059   CACTL1
0000005a   CACTL2
0000005b   CAPD
0000005d   UCA0ABCTL
0000005e   UCA0IRTCTL
0000005f   UCA0IRRCTL
00000060   UCA0CTL0
00000061   UCA0CTL1
00000062   UCA0BR0
00000063   UCA0BR1
00000064   UCA0MCTL
00000065   UCA0STAT
00000066   UCA0RXBUF
00000067   UCA0TXBUF
00000068   UCB0CTL0
00000069   UCB0CTL1
0000006a   UCB0BR0
0000006b   UCB0BR1
0000006c   UCB0I2CIE
0000006d   UCB0STAT
0000006e   UCB0RXBUF
0000006f   UCB0TXBUF
00000118   UCB0I2COA
0000011a   UCB0I2CSA
0000011e   TA1IV
00000120   WDTCTL
00000128   FCTL1
0000012a   FCTL2
0000012c   FCTL3
0000012e   TA0IV
00000160   TA0CTL
00000162   TA0CCTL0
00000164   TA0CCTL1
00000166   TA0CCTL2
00000170   TA0R
00000172   TA0CCR0
00000174   TA0CCR1
00000176   TA0CCR2
00000180   TA1CTL
00000182   TA1CCTL0
00000184   TA1CCTL1
00000186   TA1CCTL2
00000190   TA1R
00000192   TA1CCR0
00000194   TA1CCR1
00000196   TA1CCR2
000001b0   ADC10CTL0
000001b2   ADC10CTL1
000001b4   ADC10MEM
000001bc   ADC10SA
000002c4   tick
000002c6   tock
000002c8   local_time
000002cc   tick_period
000002de   uart_rx_isr_ptr
000003b0   _stack
00000400   __STACK_END
000010f8   CALDCO_16MHZ
000010f9   CALBC1_16MHZ
000010fa   CALDCO_12MHZ
000010fb   CALBC1_12MHZ
000010fc   CALDCO_8MHZ
000010fd   CALBC1_8MHZ
000010fe   CALDCO_1MHZ
000010ff   CALBC1_1MHZ
0000c000   MRFI_Init
0000c368   nwk_join
0000c494   nwk_QfindOldest
0000c5be   nwk_scanForChannels
0000c6cc   MRFI_Transmit
0000c7ce   nwk_allocateLocalRxPort
0000c984   main
0000ca58   SMPL_Ioctl
0000cb18   nwk_retrieveFrame
0000cc78   pushRssiLog
0000cd26   nwk_buildFrame
0000cdc4   TI_getRandomIntegerFromADC
0000cdec   TI_getRandomIntegerFromVLO
0000ceec   nwk_nwkInit
0000cf72   nwk_QfindSlot
0000cff4   SMPL_SendOpt
0000d072   nwk_radioControl
0000d0ea   createRandomAddress
0000d154   nwk_isConnectionValid
0000d21a   _auto_init
0000d278   __mspabi_divul
0000d278   __mspabi_remul
0000d2d0   nwk_rawSend
0000d324   hear
0000d374   my_SMPL_Receive
0000d3c4   nwk_getNextConnection
0000d414   initAddr
0000d462   SMPL_Receive
0000d4ae   dumpRssiLog
0000d4fa   mrfiSpiCmdStrobe
0000d546   popRssiLog
0000d592   __mspabi_srli
0000d5a0   __mspabi_srli_15
0000d5a4   __mspabi_srli_14
0000d5a8   __mspabi_srli_13
0000d5ac   __mspabi_srli_12
0000d5b0   __mspabi_srli_11
0000d5b4   __mspabi_srli_10
0000d5b8   __mspabi_srli_9
0000d5bc   __mspabi_srli_8
0000d5c0   __mspabi_srli_7
0000d5c4   __mspabi_srli_6
0000d5c8   __mspabi_srli_5
0000d5cc   __mspabi_srli_4
0000d5d0   __mspabi_srli_3
0000d5d4   __mspabi_srli_2
0000d5d8   __mspabi_srli_1
0000d5de   mrfiSpiInit
0000d626   pushEventLog
0000d6b6   MRFI_RxAddrIsFiltered
0000d6fc   nwk_isLinkDuplicate
0000d788   MRFI_Rssi
0000d7cc   dumpEventLog
0000d810   isBeacon
0000d854   SMPL_Init
0000d914   popEventLog
0000d952   MRFI_ReplyDelay
0000d98e   nwk_putNumObjectIntoMsg
0000d9ca   nwk_freqControl
0000da04   nwk_isValidReply
0000da3e   nwk_processMgmt
0000da78   addrIsEqual
0000dab0   init
0000dae8   MRFI_WakeUp
0000db1e   MRFI_SetRFPwr
0000db52   MRFI_SetRxAddrFilter
0000db86   nwk_deviceAddress
0000dbba   MRFI_SetLogicalChannel
0000dc1e   nwk_QadjustOrder
0000dc50   nwk_getConnInfo
0000dc82   nwk_linkInit
0000dcb4   nwk_processFreq
0000dce6   radioTx
0000dd78   nwk_rawReceive
0000dda8   nwk_sendFrame
0000ddd8   radioRx
0000de62   __mspabi_divi
0000de62   __mspabi_remi
0000deb8   formatRssiLogMsg
0000dee2   nwk_checkConnInfo
0000df0c   getRSSI
0000df34   nwk_getAPAddress
0000df5c   nwk_processPing
0000df84   shout
0000dfd2   clearRxBuf
0000dff8   nwk_connectionControl
0000e01e   nwk_globalsInit
0000e044   nwk_joinInit
0000e06a   nwk_processLink
0000e090   __mspabi_mpyl
0000e0b6   MRFI_Sleep
0000e0da   USCI0RX_ISR
0000e0fe   memcmp
0000e122   timerA0_isr
0000e146   MRFI_RxOn
0000e168   BSP_Init
0000e188   BSP_InitBoard
0000e1a8   MRFI_EnableRxAddrFilter
0000e1c8   MRFI_RxCompleteISR
0000e1e8   MRFI_RxIdle
0000e208   checkin
0000e248   memmove
0000e268   nwk_frameInit
0000e288   nwk_processJoin
0000e2a8   BSP_Delay
0000e2c6   nwk_QInit
0000e2e4   MRFI_GpioIsr
0000e300   formatEventLogMsg
0000e31c   mrfiSpiReadReg
0000e338   nwk_setChannel
0000e354   nwk_setMyAddress
0000e370   BSP_GpioPort1Isr
0000e38a   _c_int00
0000e38a   _c_int00_noexit
0000e3a4   changeChannel
0000e3bc   getSender
0000e3d4   initClock
0000e3ec   mrfiSpiWriteReg
0000e404   sendOverflowLogMessage
0000e41c   MRFI_RandomByte
0000e448   nwk_freqInit
0000e45e   __mspabi_divu
0000e45e   __mspabi_remu
0000e474   broadcastMessage
0000e488   __TI_zero_init
0000e49c   init_Timer0_A0
0000e4c4   memset
0000e4d8   __mspabi_mpyi
0000e4ec   BSP_InitLeds
0000e510   __TI_decompress_none
0000e522   initTick
0000e534   memcpy
0000e546   nwk_getMyAddress
0000e558   nwk_setLinkToken
0000e56a   __mspabi_sral
0000e57a   __mspabi_func_epilog_7
0000e57c   __mspabi_func_epilog_6
0000e57e   __mspabi_func_epilog_5
0000e580   __mspabi_func_epilog_4
0000e582   __mspabi_func_epilog_3
0000e584   __mspabi_func_epilog_2
0000e586   __mspabi_func_epilog_1
0000e58a   MRFI_Receive
0000e598   initRadioState
0000e5a6   listen
0000e5b4   mrfiSpiWriteTxFifo
0000e5c2   nwk_getNumObjectFromMsg
0000e5d0   nwk_setAPAddress
0000e5de   sleep
0000e5ec   MRFI_PostKillSem
0000e604   mrfiSpiReadRxFifo
0000e610   BSP_InitButtons
0000e61a   BSP_InitDrivers
0000e624   _system_pre_init
0000e62e   clearEventLog
0000e638   clearRssiLog
0000e642   getLocalTime
0000e64c   initLog
0000e656   nwk_mgmtInit
0000e660   nwk_pingInit
0000e66a   resetLocalTime
0000e674   SMPL_Send
0000e67c   getTick
0000e684   next_state
0000e68c   nwk_getChannel
0000e694   sRxCallback
0000e69c   MRFI_GetRadioState
0000e6a2   clearMessageWaiting
0000e6a8   __TI_decompress_rle24
0000e6ae   eventOverflow
0000e6b4   messageWaiting
0000e6ba   nwk_freeConnection
0000e6c0   nwk_getBCastAddress
0000e6c6   nwk_getFWVersion
0000e6cc   nwk_getMyRxType
0000e6d2   nwk_getProtocolVersion
0000e6d8   resetTick
0000e6de   rssiOverflow
0000e6e4   C$$EXIT
0000e6e4   abort
0000e6e8   nwk_processSecurity
0000e6f0   nwk_securityInit
0000e746   mrfiBroadcastAddr
0000e760   __TI_Handler_Table_Base
0000e766   __TI_Handler_Table_Limit
0000e76a   __TI_CINIT_Base
0000e772   __TI_CINIT_Limit
0000fffe   _reset_vector
ffffffff   __binit__
ffffffff   __c_args__
ffffffff   binit
UNDEFED    __TI_INITARRAY_Base
UNDEFED    __TI_INITARRAY_Limit

[296 symbols]
