<?xml version="1.0"?>
<link_info>
   <banner>MSP430 Linker PC v4.2.1</banner>
   <copyright>Copyright (c) 2003-2013 Texas Instruments Incorporated</copyright>
   <link_time>0x53176e82</link_time>
   <link_errors>0x0</link_errors>
   <output_file>SimpliciTI test.out</output_file>
   <entry_point>
      <name>_c_int00</name>
      <address>0xe390</address>
   </entry_point>
   <input_file_list>
      <input_file id="fl-2">
         <path>.\components\bsp\</path>
         <kind>object</kind>
         <file>bsp.obj</file>
         <name>bsp.obj</name>
      </input_file>
      <input_file id="fl-3">
         <path>.\components\mrfi\</path>
         <kind>object</kind>
         <file>mrfi.obj</file>
         <name>mrfi.obj</name>
      </input_file>
      <input_file id="fl-4">
         <path>.\components\nwk\</path>
         <kind>object</kind>
         <file>nwk_globals.obj</file>
         <name>nwk_globals.obj</name>
      </input_file>
      <input_file id="fl-5">
         <path>.\components\nwk\</path>
         <kind>object</kind>
         <file>nwk_frame.obj</file>
         <name>nwk_frame.obj</name>
      </input_file>
      <input_file id="fl-6">
         <path>.\components\nwk\</path>
         <kind>object</kind>
         <file>nwk_api.obj</file>
         <name>nwk_api.obj</name>
      </input_file>
      <input_file id="fl-7">
         <path>.\components\nwk\</path>
         <kind>object</kind>
         <file>nwk_QMgmt.obj</file>
         <name>nwk_QMgmt.obj</name>
      </input_file>
      <input_file id="fl-8">
         <path>.\components\nwk\</path>
         <kind>object</kind>
         <file>nwk.obj</file>
         <name>nwk.obj</name>
      </input_file>
      <input_file id="fl-9">
         <path>.\components\nwk applications\</path>
         <kind>object</kind>
         <file>nwk_security.obj</file>
         <name>nwk_security.obj</name>
      </input_file>
      <input_file id="fl-a">
         <path>.\components\nwk applications\</path>
         <kind>object</kind>
         <file>nwk_ping.obj</file>
         <name>nwk_ping.obj</name>
      </input_file>
      <input_file id="fl-b">
         <path>.\components\nwk applications\</path>
         <kind>object</kind>
         <file>nwk_mgmt.obj</file>
         <name>nwk_mgmt.obj</name>
      </input_file>
      <input_file id="fl-c">
         <path>.\components\nwk applications\</path>
         <kind>object</kind>
         <file>nwk_link.obj</file>
         <name>nwk_link.obj</name>
      </input_file>
      <input_file id="fl-d">
         <path>.\components\nwk applications\</path>
         <kind>object</kind>
         <file>nwk_join.obj</file>
         <name>nwk_join.obj</name>
      </input_file>
      <input_file id="fl-e">
         <path>.\components\nwk applications\</path>
         <kind>object</kind>
         <file>nwk_ioctl.obj</file>
         <name>nwk_ioctl.obj</name>
      </input_file>
      <input_file id="fl-f">
         <path>.\components\nwk applications\</path>
         <kind>object</kind>
         <file>nwk_freq.obj</file>
         <name>nwk_freq.obj</name>
      </input_file>
      <input_file id="fl-10">
         <path>.\</path>
         <kind>object</kind>
         <file>vlo_rand.obj</file>
         <name>vlo_rand.obj</name>
      </input_file>
      <input_file id="fl-11">
         <path>.\</path>
         <kind>object</kind>
         <file>uart.obj</file>
         <name>uart.obj</name>
      </input_file>
      <input_file id="fl-12">
         <path>.\</path>
         <kind>object</kind>
         <file>trigger.obj</file>
         <name>trigger.obj</name>
      </input_file>
      <input_file id="fl-13">
         <path>.\</path>
         <kind>object</kind>
         <file>tick.obj</file>
         <name>tick.obj</name>
      </input_file>
      <input_file id="fl-14">
         <path>.\</path>
         <kind>object</kind>
         <file>radio.obj</file>
         <name>radio.obj</name>
      </input_file>
      <input_file id="fl-15">
         <path>.\</path>
         <kind>object</kind>
         <file>main_sleep_wake.obj</file>
         <name>main_sleep_wake.obj</name>
      </input_file>
      <input_file id="fl-16">
         <path>.\</path>
         <kind>object</kind>
         <file>log.obj</file>
         <name>log.obj</name>
      </input_file>
      <input_file id="fl-17">
         <path>.\</path>
         <kind>object</kind>
         <file>init.obj</file>
         <name>init.obj</name>
      </input_file>
      <input_file id="fl-18">
         <path>.\</path>
         <kind>object</kind>
         <file>backchannel.obj</file>
         <name>backchannel.obj</name>
      </input_file>
      <input_file id="fl-32">
         <path>C:\ti\ccsv5\tools\compiler\msp430_4.2.1\lib\</path>
         <kind>archive</kind>
         <file>rts430_eabi.lib</file>
         <name>asr32.obj</name>
      </input_file>
      <input_file id="fl-33">
         <path>C:\ti\ccsv5\tools\compiler\msp430_4.2.1\lib\</path>
         <kind>archive</kind>
         <file>rts430_eabi.lib</file>
         <name>boot.obj</name>
      </input_file>
      <input_file id="fl-34">
         <path>C:\ti\ccsv5\tools\compiler\msp430_4.2.1\lib\</path>
         <kind>archive</kind>
         <file>rts430_eabi.lib</file>
         <name>copy_decompress_none.obj</name>
      </input_file>
      <input_file id="fl-35">
         <path>C:\ti\ccsv5\tools\compiler\msp430_4.2.1\lib\</path>
         <kind>archive</kind>
         <file>rts430_eabi.lib</file>
         <name>copy_decompress_rle.obj</name>
      </input_file>
      <input_file id="fl-36">
         <path>C:\ti\ccsv5\tools\compiler\msp430_4.2.1\lib\</path>
         <kind>archive</kind>
         <file>rts430_eabi.lib</file>
         <name>copy_zero_init.obj</name>
      </input_file>
      <input_file id="fl-37">
         <path>C:\ti\ccsv5\tools\compiler\msp430_4.2.1\lib\</path>
         <kind>archive</kind>
         <file>rts430_eabi.lib</file>
         <name>div16s.obj</name>
      </input_file>
      <input_file id="fl-38">
         <path>C:\ti\ccsv5\tools\compiler\msp430_4.2.1\lib\</path>
         <kind>archive</kind>
         <file>rts430_eabi.lib</file>
         <name>div16u.obj</name>
      </input_file>
      <input_file id="fl-39">
         <path>C:\ti\ccsv5\tools\compiler\msp430_4.2.1\lib\</path>
         <kind>archive</kind>
         <file>rts430_eabi.lib</file>
         <name>div32u.obj</name>
      </input_file>
      <input_file id="fl-3a">
         <path>C:\ti\ccsv5\tools\compiler\msp430_4.2.1\lib\</path>
         <kind>archive</kind>
         <file>rts430_eabi.lib</file>
         <name>epilog.obj</name>
      </input_file>
      <input_file id="fl-3b">
         <path>C:\ti\ccsv5\tools\compiler\msp430_4.2.1\lib\</path>
         <kind>archive</kind>
         <file>rts430_eabi.lib</file>
         <name>exit.obj</name>
      </input_file>
      <input_file id="fl-3c">
         <path>C:\ti\ccsv5\tools\compiler\msp430_4.2.1\lib\</path>
         <kind>archive</kind>
         <file>rts430_eabi.lib</file>
         <name>int02.obj</name>
      </input_file>
      <input_file id="fl-3d">
         <path>C:\ti\ccsv5\tools\compiler\msp430_4.2.1\lib\</path>
         <kind>archive</kind>
         <file>rts430_eabi.lib</file>
         <name>int05.obj</name>
      </input_file>
      <input_file id="fl-3e">
         <path>C:\ti\ccsv5\tools\compiler\msp430_4.2.1\lib\</path>
         <kind>archive</kind>
         <file>rts430_eabi.lib</file>
         <name>int06.obj</name>
      </input_file>
      <input_file id="fl-3f">
         <path>C:\ti\ccsv5\tools\compiler\msp430_4.2.1\lib\</path>
         <kind>archive</kind>
         <file>rts430_eabi.lib</file>
         <name>int08.obj</name>
      </input_file>
      <input_file id="fl-40">
         <path>C:\ti\ccsv5\tools\compiler\msp430_4.2.1\lib\</path>
         <kind>archive</kind>
         <file>rts430_eabi.lib</file>
         <name>int10.obj</name>
      </input_file>
      <input_file id="fl-41">
         <path>C:\ti\ccsv5\tools\compiler\msp430_4.2.1\lib\</path>
         <kind>archive</kind>
         <file>rts430_eabi.lib</file>
         <name>int11.obj</name>
      </input_file>
      <input_file id="fl-42">
         <path>C:\ti\ccsv5\tools\compiler\msp430_4.2.1\lib\</path>
         <kind>archive</kind>
         <file>rts430_eabi.lib</file>
         <name>int12.obj</name>
      </input_file>
      <input_file id="fl-43">
         <path>C:\ti\ccsv5\tools\compiler\msp430_4.2.1\lib\</path>
         <kind>archive</kind>
         <file>rts430_eabi.lib</file>
         <name>int13.obj</name>
      </input_file>
      <input_file id="fl-44">
         <path>C:\ti\ccsv5\tools\compiler\msp430_4.2.1\lib\</path>
         <kind>archive</kind>
         <file>rts430_eabi.lib</file>
         <name>int14.obj</name>
      </input_file>
      <input_file id="fl-45">
         <path>C:\ti\ccsv5\tools\compiler\msp430_4.2.1\lib\</path>
         <kind>archive</kind>
         <file>rts430_eabi.lib</file>
         <name>isr_trap.obj</name>
      </input_file>
      <input_file id="fl-46">
         <path>C:\ti\ccsv5\tools\compiler\msp430_4.2.1\lib\</path>
         <kind>archive</kind>
         <file>rts430_eabi.lib</file>
         <name>lsr16.obj</name>
      </input_file>
      <input_file id="fl-47">
         <path>C:\ti\ccsv5\tools\compiler\msp430_4.2.1\lib\</path>
         <kind>archive</kind>
         <file>rts430_eabi.lib</file>
         <name>memcmp.obj</name>
      </input_file>
      <input_file id="fl-48">
         <path>C:\ti\ccsv5\tools\compiler\msp430_4.2.1\lib\</path>
         <kind>archive</kind>
         <file>rts430_eabi.lib</file>
         <name>memcpy.obj</name>
      </input_file>
      <input_file id="fl-49">
         <path>C:\ti\ccsv5\tools\compiler\msp430_4.2.1\lib\</path>
         <kind>archive</kind>
         <file>rts430_eabi.lib</file>
         <name>memmov.obj</name>
      </input_file>
      <input_file id="fl-4a">
         <path>C:\ti\ccsv5\tools\compiler\msp430_4.2.1\lib\</path>
         <kind>archive</kind>
         <file>rts430_eabi.lib</file>
         <name>memset.obj</name>
      </input_file>
      <input_file id="fl-4b">
         <path>C:\ti\ccsv5\tools\compiler\msp430_4.2.1\lib\</path>
         <kind>archive</kind>
         <file>rts430_eabi.lib</file>
         <name>mult16.obj</name>
      </input_file>
      <input_file id="fl-4c">
         <path>C:\ti\ccsv5\tools\compiler\msp430_4.2.1\lib\</path>
         <kind>archive</kind>
         <file>rts430_eabi.lib</file>
         <name>mult32.obj</name>
      </input_file>
      <input_file id="fl-4d">
         <path>C:\ti\ccsv5\tools\compiler\msp430_4.2.1\lib\</path>
         <kind>archive</kind>
         <file>rts430_eabi.lib</file>
         <name>_lock.obj</name>
      </input_file>
      <input_file id="fl-4e">
         <path>C:\ti\ccsv5\tools\compiler\msp430_4.2.1\lib\</path>
         <kind>archive</kind>
         <file>rts430_eabi.lib</file>
         <name>args_main.obj</name>
      </input_file>
      <input_file id="fl-4f">
         <path>C:\ti\ccsv5\tools\compiler\msp430_4.2.1\lib\</path>
         <kind>archive</kind>
         <file>rts430_eabi.lib</file>
         <name>autoinit.obj</name>
      </input_file>
   </input_file_list>
   <object_component_list>
      <object_component id="oc-4e">
         <name>.stack</name>
         <uninitialized>true</uninitialized>
         <run_address>0x3b0</run_address>
         <size>0x2</size>
         <input_file_ref idref="fl-33"/>
      </object_component>
      <object_component id="oc-5fb">
         <name>.stack</name>
         <uninitialized>true</uninitialized>
         <run_address>0x3b0</run_address>
         <size>0x0</size>
      </object_component>
      <object_component id="oc-227">
         <name>.text:MRFI_Init</name>
         <load_address>0xc000</load_address>
         <run_address>0xc000</run_address>
         <size>0x1d0</size>
         <input_file_ref idref="fl-3"/>
      </object_component>
      <object_component id="oc-57e">
         <name>.text:smpl_send_link_reply</name>
         <load_address>0xc1d0</load_address>
         <run_address>0xc1d0</run_address>
         <size>0x198</size>
         <input_file_ref idref="fl-c"/>
      </object_component>
      <object_component id="oc-24a">
         <name>.text:nwk_join</name>
         <load_address>0xc368</load_address>
         <run_address>0xc368</run_address>
         <size>0x12c</size>
         <input_file_ref idref="fl-d"/>
      </object_component>
      <object_component id="oc-4e6">
         <name>.text:nwk_QfindOldest</name>
         <load_address>0xc494</load_address>
         <run_address>0xc494</run_address>
         <size>0x12a</size>
         <input_file_ref idref="fl-7"/>
      </object_component>
      <object_component id="oc-3c0">
         <name>.text:nwk_scanForChannels</name>
         <load_address>0xc5be</load_address>
         <run_address>0xc5be</run_address>
         <size>0x10e</size>
         <input_file_ref idref="fl-f"/>
      </object_component>
      <object_component id="oc-525">
         <name>.text:MRFI_Transmit</name>
         <load_address>0xc6cc</load_address>
         <run_address>0xc6cc</run_address>
         <size>0x102</size>
         <input_file_ref idref="fl-3"/>
      </object_component>
      <object_component id="oc-5a8">
         <name>.text:nwk_allocateLocalRxPort</name>
         <load_address>0xc7ce</load_address>
         <run_address>0xc7ce</run_address>
         <size>0xde</size>
         <input_file_ref idref="fl-8"/>
      </object_component>
      <object_component id="oc-115">
         <name>.text:Mrfi_SyncPinRxIsr</name>
         <load_address>0xc8ac</load_address>
         <run_address>0xc8ac</run_address>
         <size>0xd8</size>
         <input_file_ref idref="fl-3"/>
      </object_component>
      <object_component id="oc-6e">
         <name>.text:main</name>
         <load_address>0xc984</load_address>
         <run_address>0xc984</run_address>
         <size>0xd4</size>
         <input_file_ref idref="fl-15"/>
      </object_component>
      <object_component id="oc-20d">
         <name>.text:SMPL_Ioctl</name>
         <load_address>0xca58</load_address>
         <run_address>0xca58</run_address>
         <size>0xc0</size>
         <input_file_ref idref="fl-6"/>
      </object_component>
      <object_component id="oc-401">
         <name>.text:nwk_retrieveFrame</name>
         <load_address>0xcb18</load_address>
         <run_address>0xcb18</run_address>
         <size>0xb2</size>
         <input_file_ref idref="fl-5"/>
      </object_component>
      <object_component id="oc-2ef">
         <name>.text:dispatchFrame</name>
         <load_address>0xcbca</load_address>
         <run_address>0xcbca</run_address>
         <size>0xae</size>
         <input_file_ref idref="fl-5"/>
      </object_component>
      <object_component id="oc-1b6">
         <name>.text:pushRssiLog</name>
         <load_address>0xcc78</load_address>
         <run_address>0xcc78</run_address>
         <size>0xae</size>
         <input_file_ref idref="fl-16"/>
      </object_component>
      <object_component id="oc-46a">
         <name>.text:nwk_buildFrame</name>
         <load_address>0xcd26</load_address>
         <run_address>0xcd26</run_address>
         <size>0x9e</size>
         <input_file_ref idref="fl-5"/>
      </object_component>
      <object_component id="oc-30a">
         <name>.text</name>
         <load_address>0xcdc4</load_address>
         <run_address>0xcdc4</run_address>
         <size>0x9e</size>
         <input_file_ref idref="fl-10"/>
      </object_component>
      <object_component id="oc-2d1">
         <name>.text:spiBurstFifoAccess</name>
         <load_address>0xce62</load_address>
         <run_address>0xce62</run_address>
         <size>0x8c</size>
         <input_file_ref idref="fl-3"/>
      </object_component>
      <object_component id="oc-22c">
         <name>.text:nwk_nwkInit</name>
         <load_address>0xceee</load_address>
         <run_address>0xceee</run_address>
         <size>0x86</size>
         <input_file_ref idref="fl-8"/>
      </object_component>
      <object_component id="oc-2e5">
         <name>.text:nwk_QfindSlot</name>
         <load_address>0xcf74</load_address>
         <run_address>0xcf74</run_address>
         <size>0x82</size>
         <input_file_ref idref="fl-7"/>
      </object_component>
      <object_component id="oc-414">
         <name>.text:SMPL_SendOpt</name>
         <load_address>0xcff6</load_address>
         <run_address>0xcff6</run_address>
         <size>0x7e</size>
         <input_file_ref idref="fl-6"/>
      </object_component>
      <object_component id="oc-328">
         <name>.text:nwk_radioControl</name>
         <load_address>0xd074</load_address>
         <run_address>0xd074</run_address>
         <size>0x78</size>
         <input_file_ref idref="fl-e"/>
      </object_component>
      <object_component id="oc-208">
         <name>.text:createRandomAddress</name>
         <load_address>0xd0ec</load_address>
         <run_address>0xd0ec</run_address>
         <size>0x6a</size>
         <input_file_ref idref="fl-14"/>
      </object_component>
      <object_component id="oc-449">
         <name>.text:nwk_isConnectionValid</name>
         <load_address>0xd156</load_address>
         <run_address>0xd156</run_address>
         <size>0x68</size>
         <input_file_ref idref="fl-8"/>
      </object_component>
      <object_component id="oc-8c">
         <name>.text:__TI_decompress_rle_core</name>
         <load_address>0xd1be</load_address>
         <run_address>0xd1be</run_address>
         <size>0x5e</size>
         <input_file_ref idref="fl-35"/>
      </object_component>
      <object_component id="oc-69">
         <name>.text:_auto_init</name>
         <load_address>0xd21c</load_address>
         <run_address>0xd21c</run_address>
         <size>0x5e</size>
         <input_file_ref idref="fl-4f"/>
      </object_component>
      <object_component id="oc-36e">
         <name>.text</name>
         <load_address>0xd27a</load_address>
         <run_address>0xd27a</run_address>
         <size>0x58</size>
         <input_file_ref idref="fl-39"/>
      </object_component>
      <object_component id="oc-32d">
         <name>.text:nwk_rawSend</name>
         <load_address>0xd2d2</load_address>
         <run_address>0xd2d2</run_address>
         <size>0x54</size>
         <input_file_ref idref="fl-e"/>
      </object_component>
      <object_component id="oc-f1">
         <name>.text:hear</name>
         <load_address>0xd326</load_address>
         <run_address>0xd326</run_address>
         <size>0x50</size>
         <input_file_ref idref="fl-15"/>
      </object_component>
      <object_component id="oc-2aa">
         <name>.text:my_SMPL_Receive</name>
         <load_address>0xd376</load_address>
         <run_address>0xd376</run_address>
         <size>0x50</size>
         <input_file_ref idref="fl-14"/>
      </object_component>
      <object_component id="oc-5a3">
         <name>.text:nwk_getNextConnection</name>
         <load_address>0xd3c6</load_address>
         <run_address>0xd3c6</run_address>
         <size>0x50</size>
         <input_file_ref idref="fl-8"/>
      </object_component>
      <object_component id="oc-136">
         <name>.text:initAddr</name>
         <load_address>0xd416</load_address>
         <run_address>0xd416</run_address>
         <size>0x4e</size>
         <input_file_ref idref="fl-14"/>
      </object_component>
      <object_component id="oc-1f1">
         <name>.text:mrfiSpiCmdStrobe</name>
         <load_address>0xd464</load_address>
         <run_address>0xd464</run_address>
         <size>0x4e</size>
         <input_file_ref idref="fl-3"/>
      </object_component>
      <object_component id="oc-255">
         <name>.text:SMPL_Receive</name>
         <load_address>0xd4b2</load_address>
         <run_address>0xd4b2</run_address>
         <size>0x4c</size>
         <input_file_ref idref="fl-6"/>
      </object_component>
      <object_component id="oc-16f">
         <name>.text:dumpRssiLog</name>
         <load_address>0xd4fe</load_address>
         <run_address>0xd4fe</run_address>
         <size>0x4c</size>
         <input_file_ref idref="fl-18"/>
      </object_component>
      <object_component id="oc-27f">
         <name>.text:popRssiLog</name>
         <load_address>0xd54a</load_address>
         <run_address>0xd54a</run_address>
         <size>0x4c</size>
         <input_file_ref idref="fl-16"/>
      </object_component>
      <object_component id="oc-372">
         <name>.text</name>
         <load_address>0xd596</load_address>
         <run_address>0xd596</run_address>
         <size>0x4c</size>
         <input_file_ref idref="fl-46"/>
      </object_component>
      <object_component id="oc-346">
         <name>.text:mrfiSpiInit</name>
         <load_address>0xd5e2</load_address>
         <run_address>0xd5e2</run_address>
         <size>0x48</size>
         <input_file_ref idref="fl-3"/>
      </object_component>
      <object_component id="oc-c9">
         <name>.text:pushEventLog</name>
         <load_address>0xd62a</load_address>
         <run_address>0xd62a</run_address>
         <size>0x48</size>
         <input_file_ref idref="fl-16"/>
      </object_component>
      <object_component id="oc-2cb">
         <name>.text:spiRegAccess</name>
         <load_address>0xd672</load_address>
         <run_address>0xd672</run_address>
         <size>0x48</size>
         <input_file_ref idref="fl-3"/>
      </object_component>
      <object_component id="oc-1df">
         <name>.text:MRFI_RxAddrIsFiltered</name>
         <load_address>0xd6ba</load_address>
         <run_address>0xd6ba</run_address>
         <size>0x46</size>
         <input_file_ref idref="fl-3"/>
      </object_component>
      <object_component id="oc-59e">
         <name>.text:nwk_isLinkDuplicate</name>
         <load_address>0xd700</load_address>
         <run_address>0xd700</run_address>
         <size>0x46</size>
         <input_file_ref idref="fl-8"/>
      </object_component>
      <object_component id="oc-578">
         <name>.text:smpl_send_ping_reply</name>
         <load_address>0xd746</load_address>
         <run_address>0xd746</run_address>
         <size>0x46</size>
         <input_file_ref idref="fl-a"/>
      </object_component>
      <object_component id="oc-464">
         <name>.text:MRFI_Rssi</name>
         <load_address>0xd78c</load_address>
         <run_address>0xd78c</run_address>
         <size>0x44</size>
         <input_file_ref idref="fl-3"/>
      </object_component>
      <object_component id="oc-16a">
         <name>.text:dumpEventLog</name>
         <load_address>0xd7d0</load_address>
         <run_address>0xd7d0</run_address>
         <size>0x44</size>
         <input_file_ref idref="fl-18"/>
      </object_component>
      <object_component id="oc-bf">
         <name>.text:isBeacon</name>
         <load_address>0xd814</load_address>
         <run_address>0xd814</run_address>
         <size>0x44</size>
         <input_file_ref idref="fl-17"/>
      </object_component>
      <object_component id="oc-154">
         <name>.text:SMPL_Init</name>
         <load_address>0xd858</load_address>
         <run_address>0xd858</run_address>
         <size>0x42</size>
         <input_file_ref idref="fl-6"/>
      </object_component>
      <object_component id="oc-586">
         <name>.text:change_channel_cmd_is_valid</name>
         <load_address>0xd89a</load_address>
         <run_address>0xd89a</run_address>
         <size>0x40</size>
         <input_file_ref idref="fl-f"/>
      </object_component>
      <object_component id="oc-5b9">
         <name>.text:initializeConnection</name>
         <load_address>0xd8da</load_address>
         <run_address>0xd8da</run_address>
         <size>0x3e</size>
         <input_file_ref idref="fl-8"/>
      </object_component>
      <object_component id="oc-265">
         <name>.text:popEventLog</name>
         <load_address>0xd918</load_address>
         <run_address>0xd918</run_address>
         <size>0x3e</size>
         <input_file_ref idref="fl-16"/>
      </object_component>
      <object_component id="oc-3d1">
         <name>.text:MRFI_ReplyDelay</name>
         <load_address>0xd956</load_address>
         <run_address>0xd956</run_address>
         <size>0x3c</size>
         <input_file_ref idref="fl-3"/>
      </object_component>
      <object_component id="oc-3c7">
         <name>.text:nwk_putNumObjectIntoMsg</name>
         <load_address>0xd992</load_address>
         <run_address>0xd992</run_address>
         <size>0x3c</size>
         <input_file_ref idref="fl-8"/>
      </object_component>
      <object_component id="oc-337">
         <name>.text:nwk_freqControl</name>
         <load_address>0xd9ce</load_address>
         <run_address>0xd9ce</run_address>
         <size>0x3a</size>
         <input_file_ref idref="fl-f"/>
      </object_component>
      <object_component id="oc-54a">
         <name>.text:nwk_isValidReply</name>
         <load_address>0xda08</load_address>
         <run_address>0xda08</run_address>
         <size>0x3a</size>
         <input_file_ref idref="fl-8"/>
      </object_component>
      <object_component id="oc-511">
         <name>.text:nwk_processMgmt</name>
         <load_address>0xda42</load_address>
         <run_address>0xda42</run_address>
         <size>0x3a</size>
         <input_file_ref idref="fl-b"/>
      </object_component>
      <object_component id="oc-2b3">
         <name>.text:addrIsEqual</name>
         <load_address>0xda7c</load_address>
         <run_address>0xda7c</run_address>
         <size>0x38</size>
         <input_file_ref idref="fl-16"/>
      </object_component>
      <object_component id="oc-ba">
         <name>.text:init</name>
         <load_address>0xdab4</load_address>
         <run_address>0xdab4</run_address>
         <size>0x38</size>
         <input_file_ref idref="fl-17"/>
      </object_component>
      <object_component id="oc-231">
         <name>.text:MRFI_WakeUp</name>
         <load_address>0xdaec</load_address>
         <run_address>0xdaec</run_address>
         <size>0x36</size>
         <input_file_ref idref="fl-3"/>
      </object_component>
      <object_component id="oc-35c">
         <name>.text:MRFI_SetRFPwr</name>
         <load_address>0xdb22</load_address>
         <run_address>0xdb22</run_address>
         <size>0x34</size>
         <input_file_ref idref="fl-3"/>
      </object_component>
      <object_component id="oc-240">
         <name>.text:MRFI_SetRxAddrFilter</name>
         <load_address>0xdb56</load_address>
         <run_address>0xdb56</run_address>
         <size>0x34</size>
         <input_file_ref idref="fl-3"/>
      </object_component>
      <object_component id="oc-323">
         <name>.text:nwk_deviceAddress</name>
         <load_address>0xdb8a</load_address>
         <run_address>0xdb8a</run_address>
         <size>0x34</size>
         <input_file_ref idref="fl-e"/>
      </object_component>
      <object_component id="oc-357">
         <name>.text:MRFI_SetLogicalChannel</name>
         <load_address>0xdbbe</load_address>
         <run_address>0xdbbe</run_address>
         <size>0x32</size>
         <input_file_ref idref="fl-3"/>
      </object_component>
      <object_component id="oc-55e">
         <name>.text:handle_freq_cmd</name>
         <load_address>0xdbf0</load_address>
         <run_address>0xdbf0</run_address>
         <size>0x32</size>
         <input_file_ref idref="fl-f"/>
      </object_component>
      <object_component id="oc-43d">
         <name>.text:nwk_QadjustOrder</name>
         <load_address>0xdc22</load_address>
         <run_address>0xdc22</run_address>
         <size>0x32</size>
         <input_file_ref idref="fl-7"/>
      </object_component>
      <object_component id="oc-3f7">
         <name>.text:nwk_getConnInfo</name>
         <load_address>0xdc54</load_address>
         <run_address>0xdc54</run_address>
         <size>0x32</size>
         <input_file_ref idref="fl-8"/>
      </object_component>
      <object_component id="oc-39e">
         <name>.text:nwk_linkInit</name>
         <load_address>0xdc86</load_address>
         <run_address>0xdc86</run_address>
         <size>0x32</size>
         <input_file_ref idref="fl-c"/>
      </object_component>
      <object_component id="oc-50c">
         <name>.text:nwk_processFreq</name>
         <load_address>0xdcb8</load_address>
         <run_address>0xdcb8</run_address>
         <size>0x32</size>
         <input_file_ref idref="fl-f"/>
      </object_component>
      <object_component id="oc-198">
         <name>.text:radioTx</name>
         <load_address>0xdcea</load_address>
         <run_address>0xdcea</run_address>
         <size>0x32</size>
         <input_file_ref idref="fl-14"/>
      </object_component>
      <object_component id="oc-4d2">
         <name>.text:Mrfi_DelayUsecSem</name>
         <load_address>0xdd1c</load_address>
         <run_address>0xdd1c</run_address>
         <size>0x30</size>
         <input_file_ref idref="fl-3"/>
      </object_component>
      <object_component id="oc-4df">
         <name>.text:map_lid2idx</name>
         <load_address>0xdd4c</load_address>
         <run_address>0xdd4c</run_address>
         <size>0x30</size>
         <input_file_ref idref="fl-8"/>
      </object_component>
      <object_component id="oc-332">
         <name>.text:nwk_rawReceive</name>
         <load_address>0xdd7c</load_address>
         <run_address>0xdd7c</run_address>
         <size>0x30</size>
         <input_file_ref idref="fl-e"/>
      </object_component>
      <object_component id="oc-46f">
         <name>.text:nwk_sendFrame</name>
         <load_address>0xddac</load_address>
         <run_address>0xddac</run_address>
         <size>0x30</size>
         <input_file_ref idref="fl-5"/>
      </object_component>
      <object_component id="oc-1a3">
         <name>.text:radioRx</name>
         <load_address>0xdddc</load_address>
         <run_address>0xdddc</run_address>
         <size>0x30</size>
         <input_file_ref idref="fl-14"/>
      </object_component>
      <object_component id="oc-1e5">
         <name>.text:Mrfi_CalculateRssi</name>
         <load_address>0xde0c</load_address>
         <run_address>0xde0c</run_address>
         <size>0x2e</size>
         <input_file_ref idref="fl-3"/>
      </object_component>
      <object_component id="oc-361">
         <name>.text:Mrfi_RxModeOff</name>
         <load_address>0xde3a</load_address>
         <run_address>0xde3a</run_address>
         <size>0x2c</size>
         <input_file_ref idref="fl-3"/>
      </object_component>
      <object_component id="oc-2e0">
         <name>.text</name>
         <load_address>0xde66</load_address>
         <run_address>0xde66</run_address>
         <size>0x2c</size>
         <input_file_ref idref="fl-37"/>
      </object_component>
      <object_component id="oc-34b">
         <name>.text:Mrfi_DelayUsec</name>
         <load_address>0xde92</load_address>
         <run_address>0xde92</run_address>
         <size>0x2a</size>
         <input_file_ref idref="fl-3"/>
      </object_component>
      <object_component id="oc-284">
         <name>.text:formatRssiLogMsg</name>
         <load_address>0xdebc</load_address>
         <run_address>0xdebc</run_address>
         <size>0x2a</size>
         <input_file_ref idref="fl-18"/>
      </object_component>
      <object_component id="oc-3fc">
         <name>.text:nwk_checkConnInfo</name>
         <load_address>0xdee6</load_address>
         <run_address>0xdee6</run_address>
         <size>0x2a</size>
         <input_file_ref idref="fl-8"/>
      </object_component>
      <object_component id="oc-1b1">
         <name>.text:getRSSI</name>
         <load_address>0xdf10</load_address>
         <run_address>0xdf10</run_address>
         <size>0x28</size>
         <input_file_ref idref="fl-14"/>
      </object_component>
      <object_component id="oc-4bf">
         <name>.text:nwk_getAPAddress</name>
         <load_address>0xdf38</load_address>
         <run_address>0xdf38</run_address>
         <size>0x28</size>
         <input_file_ref idref="fl-4"/>
      </object_component>
      <object_component id="oc-4f8">
         <name>.text:nwk_processPing</name>
         <load_address>0xdf60</load_address>
         <run_address>0xdf60</run_address>
         <size>0x28</size>
         <input_file_ref idref="fl-a"/>
      </object_component>
      <object_component id="oc-e2">
         <name>.text:shout</name>
         <load_address>0xdf88</load_address>
         <run_address>0xdf88</run_address>
         <size>0x28</size>
         <input_file_ref idref="fl-15"/>
      </object_component>
      <object_component id="oc-56b">
         <name>.text:Mrfi_RandomBackoffDelay</name>
         <load_address>0xdfb0</load_address>
         <run_address>0xdfb0</run_address>
         <size>0x26</size>
         <input_file_ref idref="fl-3"/>
      </object_component>
      <object_component id="oc-165">
         <name>.text:clearRxBuf</name>
         <load_address>0xdfd6</load_address>
         <run_address>0xdfd6</run_address>
         <size>0x26</size>
         <input_file_ref idref="fl-14"/>
      </object_component>
      <object_component id="oc-31e">
         <name>.text:nwk_connectionControl</name>
         <load_address>0xdffc</load_address>
         <run_address>0xdffc</run_address>
         <size>0x26</size>
         <input_file_ref idref="fl-e"/>
      </object_component>
      <object_component id="oc-37b">
         <name>.text:nwk_globalsInit</name>
         <load_address>0xe022</load_address>
         <run_address>0xe022</run_address>
         <size>0x26</size>
         <input_file_ref idref="fl-4"/>
      </object_component>
      <object_component id="oc-394">
         <name>.text:nwk_joinInit</name>
         <load_address>0xe048</load_address>
         <run_address>0xe048</run_address>
         <size>0x26</size>
         <input_file_ref idref="fl-d"/>
      </object_component>
      <object_component id="oc-4fd">
         <name>.text:nwk_processLink</name>
         <load_address>0xe06e</load_address>
         <run_address>0xe06e</run_address>
         <size>0x26</size>
         <input_file_ref idref="fl-c"/>
      </object_component>
      <object_component id="oc-36a">
         <name>.text</name>
         <load_address>0xe094</load_address>
         <run_address>0xe094</run_address>
         <size>0x26</size>
         <input_file_ref idref="fl-4c"/>
      </object_component>
      <object_component id="oc-3db">
         <name>.text:MRFI_Sleep</name>
         <load_address>0xe0ba</load_address>
         <run_address>0xe0ba</run_address>
         <size>0x24</size>
         <input_file_ref idref="fl-3"/>
      </object_component>
      <object_component id="oc-5a">
         <name>.text:USCI0RX_ISR</name>
         <load_address>0xe0de</load_address>
         <run_address>0xe0de</run_address>
         <size>0x24</size>
         <input_file_ref idref="fl-11"/>
      </object_component>
      <object_component id="oc-5f">
         <name>.text:timerA0_isr</name>
         <load_address>0xe102</load_address>
         <run_address>0xe102</run_address>
         <size>0x24</size>
         <input_file_ref idref="fl-13"/>
      </object_component>
      <object_component id="oc-245">
         <name>.text:MRFI_EnableRxAddrFilter</name>
         <load_address>0xe126</load_address>
         <run_address>0xe126</run_address>
         <size>0x22</size>
         <input_file_ref idref="fl-3"/>
      </object_component>
      <object_component id="oc-3cc">
         <name>.text:MRFI_RxOn</name>
         <load_address>0xe148</load_address>
         <run_address>0xe148</run_address>
         <size>0x22</size>
         <input_file_ref idref="fl-3"/>
      </object_component>
      <object_component id="oc-427">
         <name>.text:memcmp</name>
         <load_address>0xe16a</load_address>
         <run_address>0xe16a</run_address>
         <size>0x22</size>
         <input_file_ref idref="fl-47"/>
      </object_component>
      <object_component id="oc-131">
         <name>.text:BSP_Init</name>
         <load_address>0xe18c</load_address>
         <run_address>0xe18c</run_address>
         <size>0x20</size>
         <input_file_ref idref="fl-2"/>
      </object_component>
      <object_component id="oc-1fd">
         <name>.text:BSP_InitBoard</name>
         <load_address>0xe1ac</load_address>
         <run_address>0xe1ac</run_address>
         <size>0x20</size>
         <input_file_ref idref="fl-2"/>
      </object_component>
      <object_component id="oc-1ec">
         <name>.text:MRFI_RxCompleteISR</name>
         <load_address>0xe1cc</load_address>
         <run_address>0xe1cc</run_address>
         <size>0x20</size>
         <input_file_ref idref="fl-5"/>
      </object_component>
      <object_component id="oc-3d6">
         <name>.text:MRFI_RxIdle</name>
         <load_address>0xe1ec</load_address>
         <run_address>0xe1ec</run_address>
         <size>0x20</size>
         <input_file_ref idref="fl-3"/>
      </object_component>
      <object_component id="oc-c4">
         <name>.text:checkin</name>
         <load_address>0xe20c</load_address>
         <run_address>0xe20c</run_address>
         <size>0x20</size>
         <input_file_ref idref="fl-18"/>
      </object_component>
      <object_component id="oc-555">
         <name>.text:handleLinkRequest</name>
         <load_address>0xe22c</load_address>
         <run_address>0xe22c</run_address>
         <size>0x20</size>
         <input_file_ref idref="fl-c"/>
      </object_component>
      <object_component id="oc-4cb">
         <name>.text:memmove</name>
         <load_address>0xe24c</load_address>
         <run_address>0xe24c</run_address>
         <size>0x20</size>
         <input_file_ref idref="fl-49"/>
      </object_component>
      <object_component id="oc-380">
         <name>.text:nwk_frameInit</name>
         <load_address>0xe26c</load_address>
         <run_address>0xe26c</run_address>
         <size>0x20</size>
         <input_file_ref idref="fl-5"/>
      </object_component>
      <object_component id="oc-502">
         <name>.text:nwk_processJoin</name>
         <load_address>0xe28c</load_address>
         <run_address>0xe28c</run_address>
         <size>0x20</size>
         <input_file_ref idref="fl-d"/>
      </object_component>
      <object_component id="oc-f6">
         <name>.text:BSP_Delay</name>
         <load_address>0xe2ac</load_address>
         <run_address>0xe2ac</run_address>
         <size>0x1e</size>
         <input_file_ref idref="fl-2"/>
      </object_component>
      <object_component id="oc-1c9">
         <name>.text:mrfiSpiReadReg</name>
         <load_address>0xe2ca</load_address>
         <run_address>0xe2ca</run_address>
         <size>0x1e</size>
         <input_file_ref idref="fl-3"/>
      </object_component>
      <object_component id="oc-385">
         <name>.text:nwk_QInit</name>
         <load_address>0xe2e8</load_address>
         <run_address>0xe2e8</run_address>
         <size>0x1e</size>
         <input_file_ref idref="fl-7"/>
      </object_component>
      <object_component id="oc-a0">
         <name>.text:MRFI_GpioIsr</name>
         <load_address>0xe306</load_address>
         <run_address>0xe306</run_address>
         <size>0x1c</size>
         <input_file_ref idref="fl-3"/>
      </object_component>
      <object_component id="oc-26a">
         <name>.text:formatEventLogMsg</name>
         <load_address>0xe322</load_address>
         <run_address>0xe322</run_address>
         <size>0x1c</size>
         <input_file_ref idref="fl-18"/>
      </object_component>
      <object_component id="oc-236">
         <name>.text:nwk_setChannel</name>
         <load_address>0xe33e</load_address>
         <run_address>0xe33e</run_address>
         <size>0x1c</size>
         <input_file_ref idref="fl-f"/>
      </object_component>
      <object_component id="oc-45e">
         <name>.text:nwk_setMyAddress</name>
         <load_address>0xe35a</load_address>
         <run_address>0xe35a</run_address>
         <size>0x1c</size>
         <input_file_ref idref="fl-4"/>
      </object_component>
      <object_component id="oc-55">
         <name>.text:BSP_GpioPort1Isr</name>
         <load_address>0xe376</load_address>
         <run_address>0xe376</run_address>
         <size>0x1a</size>
         <input_file_ref idref="fl-3"/>
      </object_component>
      <object_component id="oc-3a">
         <name>.text:_c_int00_noexit</name>
         <load_address>0xe390</load_address>
         <run_address>0xe390</run_address>
         <size>0x1a</size>
         <input_file_ref idref="fl-33"/>
      </object_component>
      <object_component id="oc-350">
         <name>.text:mrfiSpiWriteReg</name>
         <load_address>0xe3aa</load_address>
         <run_address>0xe3aa</run_address>
         <size>0x1a</size>
         <input_file_ref idref="fl-3"/>
      </object_component>
      <object_component id="oc-160">
         <name>.text:changeChannel</name>
         <load_address>0xe3c4</load_address>
         <run_address>0xe3c4</run_address>
         <size>0x18</size>
         <input_file_ref idref="fl-18"/>
      </object_component>
      <object_component id="oc-1ac">
         <name>.text:getSender</name>
         <load_address>0xe3dc</load_address>
         <run_address>0xe3dc</run_address>
         <size>0x18</size>
         <input_file_ref idref="fl-14"/>
      </object_component>
      <object_component id="oc-13b">
         <name>.text:initClock</name>
         <load_address>0xe3f4</load_address>
         <run_address>0xe3f4</run_address>
         <size>0x18</size>
         <input_file_ref idref="fl-17"/>
      </object_component>
      <object_component id="oc-260">
         <name>.text:sendOverflowLogMessage</name>
         <load_address>0xe40c</load_address>
         <run_address>0xe40c</run_address>
         <size>0x18</size>
         <input_file_ref idref="fl-18"/>
      </object_component>
      <object_component id="oc-49b">
         <name>.text:MRFI_RandomByte</name>
         <load_address>0xe424</load_address>
         <run_address>0xe424</run_address>
         <size>0x16</size>
         <input_file_ref idref="fl-3"/>
      </object_component>
      <object_component id="oc-483">
         <name>.text:Mrfi_RxModeOn</name>
         <load_address>0xe43a</load_address>
         <run_address>0xe43a</run_address>
         <size>0x16</size>
         <input_file_ref idref="fl-3"/>
      </object_component>
      <object_component id="oc-38a">
         <name>.text:nwk_freqInit</name>
         <load_address>0xe450</load_address>
         <run_address>0xe450</run_address>
         <size>0x16</size>
         <input_file_ref idref="fl-f"/>
      </object_component>
      <object_component id="oc-435">
         <name>.text</name>
         <load_address>0xe466</load_address>
         <run_address>0xe466</run_address>
         <size>0x16</size>
         <input_file_ref idref="fl-38"/>
      </object_component>
      <object_component id="oc-19d">
         <name>.text:broadcastMessage</name>
         <load_address>0xe47c</load_address>
         <run_address>0xe47c</run_address>
         <size>0x14</size>
         <input_file_ref idref="fl-14"/>
      </object_component>
      <object_component id="oc-44">
         <name>.text:decompress:ZI:__TI_zero_init</name>
         <load_address>0xe490</load_address>
         <run_address>0xe490</run_address>
         <size>0x14</size>
         <input_file_ref idref="fl-36"/>
      </object_component>
      <object_component id="oc-145">
         <name>.text:init_Timer0_A0</name>
         <load_address>0xe4a4</load_address>
         <run_address>0xe4a4</run_address>
         <size>0x14</size>
         <input_file_ref idref="fl-17"/>
      </object_component>
      <object_component id="oc-30f">
         <name>.text:ioctlPreInitAccessIsOK</name>
         <load_address>0xe4b8</load_address>
         <run_address>0xe4b8</run_address>
         <size>0x14</size>
         <input_file_ref idref="fl-6"/>
      </object_component>
      <object_component id="oc-1d5">
         <name>.text:memset</name>
         <load_address>0xe4cc</load_address>
         <run_address>0xe4cc</run_address>
         <size>0x14</size>
         <input_file_ref idref="fl-4a"/>
      </object_component>
      <object_component id="oc-183">
         <name>.text</name>
         <load_address>0xe4e0</load_address>
         <run_address>0xe4e0</run_address>
         <size>0x14</size>
         <input_file_ref idref="fl-4b"/>
      </object_component>
      <object_component id="oc-2ff">
         <name>.text:BSP_InitLeds</name>
         <load_address>0xe4f4</load_address>
         <run_address>0xe4f4</run_address>
         <size>0x12</size>
         <input_file_ref idref="fl-2"/>
      </object_component>
      <object_component id="oc-58b">
         <name>.text:change_channel_cmd</name>
         <load_address>0xe506</load_address>
         <run_address>0xe506</run_address>
         <size>0x12</size>
         <input_file_ref idref="fl-f"/>
      </object_component>
      <object_component id="oc-3f">
         <name>.text:decompress:none:__TI_decompress_none</name>
         <load_address>0xe518</load_address>
         <run_address>0xe518</run_address>
         <size>0x12</size>
         <input_file_ref idref="fl-34"/>
      </object_component>
      <object_component id="oc-159">
         <name>.text:initTick</name>
         <load_address>0xe52a</load_address>
         <run_address>0xe52a</run_address>
         <size>0x12</size>
         <input_file_ref idref="fl-13"/>
      </object_component>
      <object_component id="oc-79">
         <name>.text:memcpy</name>
         <load_address>0xe53c</load_address>
         <run_address>0xe53c</run_address>
         <size>0x12</size>
         <input_file_ref idref="fl-48"/>
      </object_component>
      <object_component id="oc-23b">
         <name>.text:nwk_getMyAddress</name>
         <load_address>0xe54e</load_address>
         <run_address>0xe54e</run_address>
         <size>0x12</size>
         <input_file_ref idref="fl-4"/>
      </object_component>
      <object_component id="oc-3e0">
         <name>.text:nwk_setLinkToken</name>
         <load_address>0xe560</load_address>
         <run_address>0xe560</run_address>
         <size>0x12</size>
         <input_file_ref idref="fl-c"/>
      </object_component>
      <object_component id="oc-366">
         <name>.text:l_asr</name>
         <load_address>0xe572</load_address>
         <run_address>0xe572</run_address>
         <size>0x10</size>
         <input_file_ref idref="fl-32"/>
      </object_component>
      <object_component id="oc-b4">
         <name>.text</name>
         <load_address>0xe582</load_address>
         <run_address>0xe582</run_address>
         <size>0x10</size>
         <input_file_ref idref="fl-3a"/>
      </object_component>
      <object_component id="oc-2ea">
         <name>.text:MRFI_Receive</name>
         <load_address>0xe592</load_address>
         <run_address>0xe592</run_address>
         <size>0xe</size>
         <input_file_ref idref="fl-3"/>
      </object_component>
      <object_component id="oc-14a">
         <name>.text:initRadioState</name>
         <load_address>0xe5a0</load_address>
         <run_address>0xe5a0</run_address>
         <size>0xe</size>
         <input_file_ref idref="fl-14"/>
      </object_component>
      <object_component id="oc-e7">
         <name>.text:listen</name>
         <load_address>0xe5ae</load_address>
         <run_address>0xe5ae</run_address>
         <size>0xe</size>
         <input_file_ref idref="fl-15"/>
      </object_component>
      <object_component id="oc-566">
         <name>.text:mrfiSpiWriteTxFifo</name>
         <load_address>0xe5bc</load_address>
         <run_address>0xe5bc</run_address>
         <size>0xe</size>
         <input_file_ref idref="fl-3"/>
      </object_component>
      <object_component id="oc-599">
         <name>.text:nwk_getNumObjectFromMsg</name>
         <load_address>0xe5ca</load_address>
         <run_address>0xe5ca</run_address>
         <size>0xe</size>
         <input_file_ref idref="fl-8"/>
      </object_component>
      <object_component id="oc-3e5">
         <name>.text:nwk_setAPAddress</name>
         <load_address>0xe5d8</load_address>
         <run_address>0xe5d8</run_address>
         <size>0xe</size>
         <input_file_ref idref="fl-4"/>
      </object_component>
      <object_component id="oc-ce">
         <name>.text:sleep</name>
         <load_address>0xe5e6</load_address>
         <run_address>0xe5e6</run_address>
         <size>0xe</size>
         <input_file_ref idref="fl-15"/>
      </object_component>
      <object_component id="oc-518">
         <name>.text:MRFI_PostKillSem</name>
         <load_address>0xe5f4</load_address>
         <run_address>0xe5f4</run_address>
         <size>0xc</size>
         <input_file_ref idref="fl-3"/>
      </object_component>
      <object_component id="oc-54f">
         <name>.text:handlePingRequest</name>
         <load_address>0xe600</load_address>
         <run_address>0xe600</run_address>
         <size>0xc</size>
         <input_file_ref idref="fl-a"/>
      </object_component>
      <object_component id="oc-1ce">
         <name>.text:mrfiSpiReadRxFifo</name>
         <load_address>0xe60c</load_address>
         <run_address>0xe60c</run_address>
         <size>0xc</size>
         <input_file_ref idref="fl-3"/>
      </object_component>
      <object_component id="oc-304">
         <name>.text:BSP_InitButtons</name>
         <load_address>0xe618</load_address>
         <run_address>0xe618</run_address>
         <size>0xa</size>
         <input_file_ref idref="fl-2"/>
      </object_component>
      <object_component id="oc-202">
         <name>.text:BSP_InitDrivers</name>
         <load_address>0xe622</load_address>
         <run_address>0xe622</run_address>
         <size>0xa</size>
         <input_file_ref idref="fl-2"/>
      </object_component>
      <object_component id="oc-64">
         <name>.text:_system_pre_init</name>
         <load_address>0xe62c</load_address>
         <run_address>0xe62c</run_address>
         <size>0xa</size>
         <input_file_ref idref="fl-2"/>
      </object_component>
      <object_component id="oc-214">
         <name>.text:clearEventLog</name>
         <load_address>0xe636</load_address>
         <run_address>0xe636</run_address>
         <size>0xa</size>
         <input_file_ref idref="fl-16"/>
      </object_component>
      <object_component id="oc-219">
         <name>.text:clearRssiLog</name>
         <load_address>0xe640</load_address>
         <run_address>0xe640</run_address>
         <size>0xa</size>
         <input_file_ref idref="fl-16"/>
      </object_component>
      <object_component id="oc-17d">
         <name>.text:getLocalTime</name>
         <load_address>0xe64a</load_address>
         <run_address>0xe64a</run_address>
         <size>0xa</size>
         <input_file_ref idref="fl-13"/>
      </object_component>
      <object_component id="oc-140">
         <name>.text:initLog</name>
         <load_address>0xe654</load_address>
         <run_address>0xe654</run_address>
         <size>0xa</size>
         <input_file_ref idref="fl-16"/>
      </object_component>
      <object_component id="oc-399">
         <name>.text:nwk_mgmtInit</name>
         <load_address>0xe65e</load_address>
         <run_address>0xe65e</run_address>
         <size>0xa</size>
         <input_file_ref idref="fl-b"/>
      </object_component>
      <object_component id="oc-38f">
         <name>.text:nwk_pingInit</name>
         <load_address>0xe668</load_address>
         <run_address>0xe668</run_address>
         <size>0xa</size>
         <input_file_ref idref="fl-a"/>
      </object_component>
      <object_component id="oc-174">
         <name>.text:resetLocalTime</name>
         <load_address>0xe672</load_address>
         <run_address>0xe672</run_address>
         <size>0xa</size>
         <input_file_ref idref="fl-13"/>
      </object_component>
      <object_component id="oc-26f">
         <name>.text:SMPL_Send</name>
         <load_address>0xe67c</load_address>
         <run_address>0xe67c</run_address>
         <size>0x8</size>
         <input_file_ref idref="fl-6"/>
      </object_component>
      <object_component id="oc-d3">
         <name>.text:getTick</name>
         <load_address>0xe684</load_address>
         <run_address>0xe684</run_address>
         <size>0x8</size>
         <input_file_ref idref="fl-13"/>
      </object_component>
      <object_component id="oc-dd">
         <name>.text:next_state</name>
         <load_address>0xe68c</load_address>
         <run_address>0xe68c</run_address>
         <size>0x8</size>
         <input_file_ref idref="fl-15"/>
      </object_component>
      <object_component id="oc-476">
         <name>.text:nwk_getChannel</name>
         <load_address>0xe694</load_address>
         <run_address>0xe694</run_address>
         <size>0x8</size>
         <input_file_ref idref="fl-f"/>
      </object_component>
      <object_component id="oc-14f">
         <name>.text:sRxCallback</name>
         <load_address>0xe69c</load_address>
         <run_address>0xe69c</run_address>
         <size>0x8</size>
         <input_file_ref idref="fl-14"/>
      </object_component>
      <object_component id="oc-3bb">
         <name>.text:MRFI_GetRadioState</name>
         <load_address>0xe6a4</load_address>
         <run_address>0xe6a4</run_address>
         <size>0x6</size>
         <input_file_ref idref="fl-3"/>
      </object_component>
      <object_component id="oc-51">
         <name>.text:__TI_ISR_TRAP</name>
         <load_address>0xe6aa</load_address>
         <run_address>0xe6aa</run_address>
         <size>0x6</size>
         <input_file_ref idref="fl-45"/>
      </object_component>
      <object_component id="oc-1bb">
         <name>.text:clearMessageWaiting</name>
         <load_address>0xe6b0</load_address>
         <run_address>0xe6b0</run_address>
         <size>0x6</size>
         <input_file_ref idref="fl-14"/>
      </object_component>
      <object_component id="oc-49">
         <name>.text:decompress:rle24:__TI_decompress_rle24</name>
         <load_address>0xe6b6</load_address>
         <run_address>0xe6b6</run_address>
         <size>0x6</size>
         <input_file_ref idref="fl-35"/>
      </object_component>
      <object_component id="oc-25b">
         <name>.text:eventOverflow</name>
         <load_address>0xe6bc</load_address>
         <run_address>0xe6bc</run_address>
         <size>0x6</size>
         <input_file_ref idref="fl-16"/>
      </object_component>
      <object_component id="oc-ec">
         <name>.text:messageWaiting</name>
         <load_address>0xe6c2</load_address>
         <run_address>0xe6c2</run_address>
         <size>0x6</size>
         <input_file_ref idref="fl-14"/>
      </object_component>
      <object_component id="oc-457">
         <name>.text:nwk_freeConnection</name>
         <load_address>0xe6c8</load_address>
         <run_address>0xe6c8</run_address>
         <size>0x6</size>
         <input_file_ref idref="fl-8"/>
      </object_component>
      <object_component id="oc-3a8">
         <name>.text:nwk_getBCastAddress</name>
         <load_address>0xe6ce</load_address>
         <run_address>0xe6ce</run_address>
         <size>0x6</size>
         <input_file_ref idref="fl-4"/>
      </object_component>
      <object_component id="oc-319">
         <name>.text:nwk_getFWVersion</name>
         <load_address>0xe6d4</load_address>
         <run_address>0xe6d4</run_address>
         <size>0x6</size>
         <input_file_ref idref="fl-4"/>
      </object_component>
      <object_component id="oc-5ae">
         <name>.text:nwk_getMyRxType</name>
         <load_address>0xe6da</load_address>
         <run_address>0xe6da</run_address>
         <size>0x6</size>
         <input_file_ref idref="fl-5"/>
      </object_component>
      <object_component id="oc-314">
         <name>.text:nwk_getProtocolVersion</name>
         <load_address>0xe6e0</load_address>
         <run_address>0xe6e0</run_address>
         <size>0x6</size>
         <input_file_ref idref="fl-4"/>
      </object_component>
      <object_component id="oc-d8">
         <name>.text:resetTick</name>
         <load_address>0xe6e6</load_address>
         <run_address>0xe6e6</run_address>
         <size>0x6</size>
         <input_file_ref idref="fl-13"/>
      </object_component>
      <object_component id="oc-27a">
         <name>.text:rssiOverflow</name>
         <load_address>0xe6ec</load_address>
         <run_address>0xe6ec</run_address>
         <size>0x6</size>
         <input_file_ref idref="fl-16"/>
      </object_component>
      <object_component id="oc-73">
         <name>.text:abort</name>
         <load_address>0xe6f2</load_address>
         <run_address>0xe6f2</run_address>
         <size>0x4</size>
         <input_file_ref idref="fl-3b"/>
      </object_component>
      <object_component id="oc-507">
         <name>.text:nwk_processSecurity</name>
         <load_address>0xe6f6</load_address>
         <run_address>0xe6f6</run_address>
         <size>0x4</size>
         <input_file_ref idref="fl-9"/>
      </object_component>
      <object_component id="oc-590">
         <name>.text:send_ping_reply</name>
         <load_address>0xe6fa</load_address>
         <run_address>0xe6fa</run_address>
         <size>0x4</size>
         <input_file_ref idref="fl-f"/>
      </object_component>
      <object_component id="oc-3a3">
         <name>.text:nwk_securityInit</name>
         <load_address>0xe6fe</load_address>
         <run_address>0xe6fe</run_address>
         <size>0x2</size>
         <input_file_ref idref="fl-9"/>
      </object_component>
      <object_component id="oc-5fa">
         <name>.cinit..data.load</name>
         <load_address>0xe760</load_address>
         <run_address>0xe760</run_address>
         <size>0xe</size>
      </object_component>
      <object_component id="oc-5f7">
         <name>__TI_handler_table</name>
         <load_address>0xe76e</load_address>
         <run_address>0xe76e</run_address>
         <size>0x6</size>
      </object_component>
      <object_component id="oc-5f9">
         <name>.cinit..bss.load</name>
         <load_address>0xe774</load_address>
         <run_address>0xe774</run_address>
         <size>0x4</size>
      </object_component>
      <object_component id="oc-5f8">
         <name>__TI_cinit_table</name>
         <load_address>0xe778</load_address>
         <run_address>0xe778</run_address>
         <size>0x8</size>
      </object_component>
      <object_component id="oc-355">
         <name>.const:mrfiRadioCfg</name>
         <load_address>0xe700</load_address>
         <run_address>0xe700</run_address>
         <size>0x3e</size>
         <input_file_ref idref="fl-3"/>
      </object_component>
      <object_component id="oc-447">
         <name>.const:func</name>
         <load_address>0xe73e</load_address>
         <run_address>0xe73e</run_address>
         <size>0xc</size>
         <input_file_ref idref="fl-5"/>
      </object_component>
      <object_component id="oc-3b6">
         <name>.const</name>
         <load_address>0xe74a</load_address>
         <run_address>0xe74a</run_address>
         <size>0x9</size>
         <input_file_ref idref="fl-4"/>
      </object_component>
      <object_component id="oc-2dd">
         <name>.const:.string:mrfiBroadcastAddr</name>
         <load_address>0xe754</load_address>
         <run_address>0xe754</run_address>
         <size>0x4</size>
         <input_file_ref idref="fl-3"/>
      </object_component>
      <object_component id="oc-481">
         <name>.const:.string:mrfiLogicalChanTable</name>
         <load_address>0xe758</load_address>
         <run_address>0xe758</run_address>
         <size>0x4</size>
         <input_file_ref idref="fl-3"/>
      </object_component>
      <object_component id="oc-489">
         <name>.const:.string:mrfiRFPowerTable</name>
         <load_address>0xe75c</load_address>
         <run_address>0xe75c</run_address>
         <size>0x3</size>
         <input_file_ref idref="fl-3"/>
      </object_component>
      <object_component id="oc-2e">
         <name>.int02</name>
         <load_address>0xffe4</load_address>
         <run_address>0xffe4</run_address>
         <size>0x2</size>
         <input_file_ref idref="fl-3c"/>
      </object_component>
      <object_component id="oc-2f">
         <name>.int03</name>
         <load_address>0xffe6</load_address>
         <run_address>0xffe6</run_address>
         <size>0x2</size>
         <input_file_ref idref="fl-3"/>
      </object_component>
      <object_component id="oc-30">
         <name>.int05</name>
         <load_address>0xffea</load_address>
         <run_address>0xffea</run_address>
         <size>0x2</size>
         <input_file_ref idref="fl-3d"/>
      </object_component>
      <object_component id="oc-31">
         <name>.int06</name>
         <load_address>0xffec</load_address>
         <run_address>0xffec</run_address>
         <size>0x2</size>
         <input_file_ref idref="fl-3e"/>
      </object_component>
      <object_component id="oc-32">
         <name>.int07</name>
         <load_address>0xffee</load_address>
         <run_address>0xffee</run_address>
         <size>0x2</size>
         <input_file_ref idref="fl-11"/>
      </object_component>
      <object_component id="oc-33">
         <name>.int08</name>
         <load_address>0xfff0</load_address>
         <run_address>0xfff0</run_address>
         <size>0x2</size>
         <input_file_ref idref="fl-3f"/>
      </object_component>
      <object_component id="oc-34">
         <name>.int09</name>
         <load_address>0xfff2</load_address>
         <run_address>0xfff2</run_address>
         <size>0x2</size>
         <input_file_ref idref="fl-13"/>
      </object_component>
      <object_component id="oc-35">
         <name>.int10</name>
         <load_address>0xfff4</load_address>
         <run_address>0xfff4</run_address>
         <size>0x2</size>
         <input_file_ref idref="fl-40"/>
      </object_component>
      <object_component id="oc-36">
         <name>.int11</name>
         <load_address>0xfff6</load_address>
         <run_address>0xfff6</run_address>
         <size>0x2</size>
         <input_file_ref idref="fl-41"/>
      </object_component>
      <object_component id="oc-37">
         <name>.int12</name>
         <load_address>0xfff8</load_address>
         <run_address>0xfff8</run_address>
         <size>0x2</size>
         <input_file_ref idref="fl-42"/>
      </object_component>
      <object_component id="oc-38">
         <name>.int13</name>
         <load_address>0xfffa</load_address>
         <run_address>0xfffa</run_address>
         <size>0x2</size>
         <input_file_ref idref="fl-43"/>
      </object_component>
      <object_component id="oc-39">
         <name>.int14</name>
         <load_address>0xfffc</load_address>
         <run_address>0xfffc</run_address>
         <size>0x2</size>
         <input_file_ref idref="fl-44"/>
      </object_component>
      <object_component id="oc-50">
         <name>.reset</name>
         <load_address>0xfffe</load_address>
         <run_address>0xfffe</run_address>
         <size>0x2</size>
         <input_file_ref idref="fl-33"/>
      </object_component>
      <object_component id="oc-443">
         <name>.common:mrfiIncomingPacket</name>
         <uninitialized>true</uninitialized>
         <run_address>0x2a8</run_address>
         <size>0x18</size>
      </object_component>
      <object_component id="oc-540">
         <name>.common:sAPAddress</name>
         <uninitialized>true</uninitialized>
         <run_address>0x2c4</run_address>
         <size>0x4</size>
      </object_component>
      <object_component id="oc-521">
         <name>.common:sMyRAMAddress</name>
         <uninitialized>true</uninitialized>
         <run_address>0x2c8</run_address>
         <size>0x4</size>
      </object_component>
      <object_component id="oc-546">
         <name>.common:sInFrameQ</name>
         <uninitialized>true</uninitialized>
         <run_address>0x200</run_address>
         <size>0x34</size>
      </object_component>
      <object_component id="oc-4a2">
         <name>.common:sOutFrameQ</name>
         <uninitialized>true</uninitialized>
         <run_address>0x234</run_address>
         <size>0x34</size>
      </object_component>
      <object_component id="oc-5ad">
         <name>.common:sServiceLinkID</name>
         <uninitialized>true</uninitialized>
         <run_address>0x2d2</run_address>
         <size>0x2</size>
      </object_component>
      <object_component id="oc-52b">
         <name>.common:sCurLogicalChan</name>
         <uninitialized>true</uninitialized>
         <run_address>0x2e0</run_address>
         <size>0x1</size>
      </object_component>
      <object_component id="oc-a8">
         <name>.common:uart_rx_isr_ptr</name>
         <uninitialized>true</uninitialized>
         <run_address>0x2da</run_address>
         <size>0x2</size>
      </object_component>
      <object_component id="oc-195">
         <name>.common:tick</name>
         <uninitialized>true</uninitialized>
         <run_address>0x2d4</run_address>
         <size>0x2</size>
      </object_component>
      <object_component id="oc-252">
         <name>.common:tock</name>
         <uninitialized>true</uninitialized>
         <run_address>0x2d8</run_address>
         <size>0x2</size>
      </object_component>
      <object_component id="oc-295">
         <name>.common:local_time</name>
         <uninitialized>true</uninitialized>
         <run_address>0x2c0</run_address>
         <size>0x4</size>
      </object_component>
      <object_component id="oc-251">
         <name>.common:tick_period</name>
         <uninitialized>true</uninitialized>
         <run_address>0x2d6</run_address>
         <size>0x2</size>
      </object_component>
      <object_component id="oc-29f">
         <name>.common:radioAsleep</name>
         <uninitialized>true</uninitialized>
         <run_address>0x2ce</run_address>
         <size>0x2</size>
      </object_component>
      <object_component id="oc-2a1">
         <name>.common:radioIdle</name>
         <uninitialized>true</uninitialized>
         <run_address>0x2d0</run_address>
         <size>0x2</size>
      </object_component>
      <object_component id="oc-2c3">
         <name>.common:messageQueued</name>
         <uninitialized>true</uninitialized>
         <run_address>0x2cc</run_address>
         <size>0x2</size>
      </object_component>
      <object_component id="oc-40f">
         <name>.common:eventLog</name>
         <uninitialized>true</uninitialized>
         <run_address>0x290</run_address>
         <size>0x18</size>
      </object_component>
      <object_component id="oc-422">
         <name>.common:rssiLog</name>
         <uninitialized>true</uninitialized>
         <run_address>0x268</run_address>
         <size>0x28</size>
      </object_component>
      <object_component id="oc-410">
         <name>.common:eventLogEntries</name>
         <uninitialized>true</uninitialized>
         <run_address>0x2dc</run_address>
         <size>0x1</size>
      </object_component>
      <object_component id="oc-423">
         <name>.common:rssiLogEntries</name>
         <uninitialized>true</uninitialized>
         <run_address>0x2de</run_address>
         <size>0x1</size>
      </object_component>
      <object_component id="oc-407">
         <name>.common:eventLogOverflow</name>
         <uninitialized>true</uninitialized>
         <run_address>0x2dd</run_address>
         <size>0x1</size>
      </object_component>
      <object_component id="oc-41a">
         <name>.common:rssiLogOverflow</name>
         <uninitialized>true</uninitialized>
         <run_address>0x2df</run_address>
         <size>0x1</size>
      </object_component>
      <object_component id="oc-1c1">
         <name>.data</name>
         <load_address>0x311</load_address>
         <run_address>0x311</run_address>
         <size>0x1</size>
         <input_file_ref idref="fl-2"/>
      </object_component>
      <object_component id="oc-1c7">
         <name>.data</name>
         <load_address>0x308</load_address>
         <run_address>0x308</run_address>
         <size>0x9</size>
         <input_file_ref idref="fl-3"/>
      </object_component>
      <object_component id="oc-225">
         <name>.data</name>
         <load_address>0x321</load_address>
         <run_address>0x321</run_address>
         <size>0x1</size>
         <input_file_ref idref="fl-6"/>
      </object_component>
      <object_component id="oc-2db">
         <name>.data:mrfiRxFilterAddr</name>
         <load_address>0x32a</load_address>
         <run_address>0x32a</run_address>
         <size>0x4</size>
         <input_file_ref idref="fl-3"/>
      </object_component>
      <object_component id="oc-379">
         <name>.data</name>
         <load_address>0x2e2</load_address>
         <run_address>0x2e2</run_address>
         <size>0x26</size>
         <input_file_ref idref="fl-8"/>
      </object_component>
      <object_component id="oc-3b3">
         <name>.data</name>
         <load_address>0x331</load_address>
         <run_address>0x331</run_address>
         <size>0x1</size>
         <input_file_ref idref="fl-4"/>
      </object_component>
      <object_component id="oc-3c5">
         <name>.data</name>
         <load_address>0x31a</load_address>
         <run_address>0x31a</run_address>
         <size>0x7</size>
         <input_file_ref idref="fl-d"/>
      </object_component>
      <object_component id="oc-445">
         <name>.data</name>
         <load_address>0x312</load_address>
         <run_address>0x312</run_address>
         <size>0x8</size>
         <input_file_ref idref="fl-5"/>
      </object_component>
      <object_component id="oc-4a5">
         <name>.data</name>
         <load_address>0x329</load_address>
         <run_address>0x329</run_address>
         <size>0x1</size>
         <input_file_ref idref="fl-f"/>
      </object_component>
      <object_component id="oc-4a8">
         <name>.data</name>
         <load_address>0x332</load_address>
         <run_address>0x332</run_address>
         <size>0x1</size>
         <input_file_ref idref="fl-a"/>
      </object_component>
      <object_component id="oc-4ac">
         <name>.data</name>
         <load_address>0x32e</load_address>
         <run_address>0x32e</run_address>
         <size>0x3</size>
         <input_file_ref idref="fl-b"/>
      </object_component>
      <object_component id="oc-4af">
         <name>.data</name>
         <load_address>0x322</load_address>
         <run_address>0x322</run_address>
         <size>0x7</size>
         <input_file_ref idref="fl-c"/>
      </object_component>
      <object_component id="oc-3b">
         <name>.debug_aranges</name>
         <load_address>0x0</load_address>
         <run_address>0x0</run_address>
         <size>0x20</size>
         <input_file_ref idref="fl-33"/>
      </object_component>
      <object_component id="oc-43">
         <name>.debug_aranges</name>
         <load_address>0x20</load_address>
         <run_address>0x20</run_address>
         <size>0x20</size>
         <input_file_ref idref="fl-34"/>
      </object_component>
      <object_component id="oc-48">
         <name>.debug_aranges</name>
         <load_address>0x40</load_address>
         <run_address>0x40</run_address>
         <size>0x20</size>
         <input_file_ref idref="fl-36"/>
      </object_component>
      <object_component id="oc-4d">
         <name>.debug_aranges</name>
         <load_address>0x60</load_address>
         <run_address>0x60</run_address>
         <size>0x20</size>
         <input_file_ref idref="fl-35"/>
      </object_component>
      <object_component id="oc-53">
         <name>.debug_aranges</name>
         <load_address>0x80</load_address>
         <run_address>0x80</run_address>
         <size>0x20</size>
         <input_file_ref idref="fl-45"/>
      </object_component>
      <object_component id="oc-59">
         <name>.debug_aranges</name>
         <load_address>0xa0</load_address>
         <run_address>0xa0</run_address>
         <size>0x20</size>
         <input_file_ref idref="fl-3"/>
      </object_component>
      <object_component id="oc-5e">
         <name>.debug_aranges</name>
         <load_address>0xc0</load_address>
         <run_address>0xc0</run_address>
         <size>0x20</size>
         <input_file_ref idref="fl-11"/>
      </object_component>
      <object_component id="oc-63">
         <name>.debug_aranges</name>
         <load_address>0xe0</load_address>
         <run_address>0xe0</run_address>
         <size>0x20</size>
         <input_file_ref idref="fl-13"/>
      </object_component>
      <object_component id="oc-68">
         <name>.debug_aranges</name>
         <load_address>0x100</load_address>
         <run_address>0x100</run_address>
         <size>0x20</size>
         <input_file_ref idref="fl-2"/>
      </object_component>
      <object_component id="oc-6a">
         <name>.debug_aranges</name>
         <load_address>0x120</load_address>
         <run_address>0x120</run_address>
         <size>0x20</size>
         <input_file_ref idref="fl-4f"/>
      </object_component>
      <object_component id="oc-72">
         <name>.debug_aranges</name>
         <load_address>0x140</load_address>
         <run_address>0x140</run_address>
         <size>0x20</size>
         <input_file_ref idref="fl-15"/>
      </object_component>
      <object_component id="oc-75">
         <name>.debug_aranges</name>
         <load_address>0x160</load_address>
         <run_address>0x160</run_address>
         <size>0x20</size>
         <input_file_ref idref="fl-3b"/>
      </object_component>
      <object_component id="oc-7a">
         <name>.debug_aranges</name>
         <load_address>0x180</load_address>
         <run_address>0x180</run_address>
         <size>0x20</size>
         <input_file_ref idref="fl-48"/>
      </object_component>
      <object_component id="oc-90">
         <name>.debug_aranges</name>
         <load_address>0x1a0</load_address>
         <run_address>0x1a0</run_address>
         <size>0x20</size>
         <input_file_ref idref="fl-35"/>
      </object_component>
      <object_component id="oc-a4">
         <name>.debug_aranges</name>
         <load_address>0x1c0</load_address>
         <run_address>0x1c0</run_address>
         <size>0x20</size>
         <input_file_ref idref="fl-3"/>
      </object_component>
      <object_component id="oc-b7">
         <name>.debug_aranges</name>
         <load_address>0x1e0</load_address>
         <run_address>0x1e0</run_address>
         <size>0x20</size>
         <input_file_ref idref="fl-3a"/>
      </object_component>
      <object_component id="oc-be">
         <name>.debug_aranges</name>
         <load_address>0x200</load_address>
         <run_address>0x200</run_address>
         <size>0x20</size>
         <input_file_ref idref="fl-17"/>
      </object_component>
      <object_component id="oc-c3">
         <name>.debug_aranges</name>
         <load_address>0x220</load_address>
         <run_address>0x220</run_address>
         <size>0x20</size>
         <input_file_ref idref="fl-17"/>
      </object_component>
      <object_component id="oc-c8">
         <name>.debug_aranges</name>
         <load_address>0x240</load_address>
         <run_address>0x240</run_address>
         <size>0x20</size>
         <input_file_ref idref="fl-18"/>
      </object_component>
      <object_component id="oc-cd">
         <name>.debug_aranges</name>
         <load_address>0x260</load_address>
         <run_address>0x260</run_address>
         <size>0x20</size>
         <input_file_ref idref="fl-16"/>
      </object_component>
      <object_component id="oc-d2">
         <name>.debug_aranges</name>
         <load_address>0x280</load_address>
         <run_address>0x280</run_address>
         <size>0x20</size>
         <input_file_ref idref="fl-15"/>
      </object_component>
      <object_component id="oc-d7">
         <name>.debug_aranges</name>
         <load_address>0x2a0</load_address>
         <run_address>0x2a0</run_address>
         <size>0x20</size>
         <input_file_ref idref="fl-13"/>
      </object_component>
      <object_component id="oc-dc">
         <name>.debug_aranges</name>
         <load_address>0x2c0</load_address>
         <run_address>0x2c0</run_address>
         <size>0x20</size>
         <input_file_ref idref="fl-13"/>
      </object_component>
      <object_component id="oc-e1">
         <name>.debug_aranges</name>
         <load_address>0x2e0</load_address>
         <run_address>0x2e0</run_address>
         <size>0x20</size>
         <input_file_ref idref="fl-15"/>
      </object_component>
      <object_component id="oc-e6">
         <name>.debug_aranges</name>
         <load_address>0x300</load_address>
         <run_address>0x300</run_address>
         <size>0x20</size>
         <input_file_ref idref="fl-15"/>
      </object_component>
      <object_component id="oc-eb">
         <name>.debug_aranges</name>
         <load_address>0x320</load_address>
         <run_address>0x320</run_address>
         <size>0x20</size>
         <input_file_ref idref="fl-15"/>
      </object_component>
      <object_component id="oc-f0">
[...]
         <object_component_ref idref="oc-32d"/>
      </symbol>
      <symbol id="sm-55c">
         <name>nwk_rawReceive</name>
         <value>0xdd7c</value>
         <object_component_ref idref="oc-332"/>
      </symbol>
      <symbol id="sm-55d">
         <name>nwk_connectionControl</name>
         <value>0xdffc</value>
         <object_component_ref idref="oc-31e"/>
      </symbol>
      <symbol id="sm-55e">
         <name>nwk_deviceAddress</name>
         <value>0xdb8a</value>
         <object_component_ref idref="oc-323"/>
      </symbol>
      <symbol id="sm-5c3">
         <name>nwk_getChannel</name>
         <value>0xe694</value>
         <object_component_ref idref="oc-476"/>
      </symbol>
      <symbol id="sm-5c4">
         <name>nwk_setChannel</name>
         <value>0xe33e</value>
         <object_component_ref idref="oc-236"/>
      </symbol>
      <symbol id="sm-5c5">
         <name>nwk_freqControl</name>
         <value>0xd9ce</value>
         <object_component_ref idref="oc-337"/>
      </symbol>
      <symbol id="sm-5c6">
         <name>nwk_freqInit</name>
         <value>0xe450</value>
         <object_component_ref idref="oc-38a"/>
      </symbol>
      <symbol id="sm-5c7">
         <name>nwk_scanForChannels</name>
         <value>0xc5be</value>
         <object_component_ref idref="oc-3c0"/>
      </symbol>
      <symbol id="sm-5c8">
         <name>nwk_processFreq</name>
         <value>0xdcb8</value>
         <object_component_ref idref="oc-50c"/>
      </symbol>
      <symbol id="sm-5d6">
         <name>TI_getRandomIntegerFromVLO</name>
         <value>0xcdec</value>
         <object_component_ref idref="oc-30a"/>
      </symbol>
      <symbol id="sm-5d7">
         <name>TI_getRandomIntegerFromADC</name>
         <value>0xcdc4</value>
         <object_component_ref idref="oc-30a"/>
      </symbol>
      <symbol id="sm-5e4">
         <name>uart_rx_isr_ptr</name>
         <value>0x2da</value>
      </symbol>
      <symbol id="sm-5e5">
         <name>USCI0RX_ISR</name>
         <value>0xe0de</value>
         <object_component_ref idref="oc-5a"/>
      </symbol>
      <symbol id="sm-5e6">
         <name>__TI_int07</name>
         <value>0xffee</value>
         <object_component_ref idref="oc-32"/>
      </symbol>
      <symbol id="sm-617">
         <name>tick</name>
         <value>0x2d4</value>
      </symbol>
      <symbol id="sm-618">
         <name>tock</name>
         <value>0x2d8</value>
      </symbol>
      <symbol id="sm-619">
         <name>local_time</name>
         <value>0x2c0</value>
      </symbol>
      <symbol id="sm-61a">
         <name>tick_period</name>
         <value>0x2d6</value>
      </symbol>
      <symbol id="sm-61b">
         <name>__TI_int09</name>
         <value>0xfff2</value>
         <object_component_ref idref="oc-34"/>
      </symbol>
      <symbol id="sm-61c">
         <name>resetLocalTime</name>
         <value>0xe672</value>
         <object_component_ref idref="oc-174"/>
      </symbol>
      <symbol id="sm-61d">
         <name>getLocalTime</name>
         <value>0xe64a</value>
         <object_component_ref idref="oc-17d"/>
      </symbol>
      <symbol id="sm-61e">
         <name>timerA0_isr</name>
         <value>0xe102</value>
         <object_component_ref idref="oc-5f"/>
      </symbol>
      <symbol id="sm-61f">
         <name>resetTick</name>
         <value>0xe6e6</value>
         <object_component_ref idref="oc-d8"/>
      </symbol>
      <symbol id="sm-620">
         <name>initTick</name>
         <value>0xe52a</value>
         <object_component_ref idref="oc-159"/>
      </symbol>
      <symbol id="sm-621">
         <name>getTick</name>
         <value>0xe684</value>
         <object_component_ref idref="oc-d3"/>
      </symbol>
      <symbol id="sm-682">
         <name>initAddr</name>
         <value>0xd416</value>
         <object_component_ref idref="oc-136"/>
      </symbol>
      <symbol id="sm-683">
         <name>clearMessageWaiting</name>
         <value>0xe6b0</value>
         <object_component_ref idref="oc-1bb"/>
      </symbol>
      <symbol id="sm-684">
         <name>getSender</name>
         <value>0xe3dc</value>
         <object_component_ref idref="oc-1ac"/>
      </symbol>
      <symbol id="sm-685">
         <name>my_SMPL_Receive</name>
         <value>0xd376</value>
         <object_component_ref idref="oc-2aa"/>
      </symbol>
      <symbol id="sm-686">
         <name>clearRxBuf</name>
         <value>0xdfd6</value>
         <object_component_ref idref="oc-165"/>
      </symbol>
      <symbol id="sm-687">
         <name>sRxCallback</name>
         <value>0xe69c</value>
         <object_component_ref idref="oc-14f"/>
      </symbol>
      <symbol id="sm-688">
         <name>messageWaiting</name>
         <value>0xe6c2</value>
         <object_component_ref idref="oc-ec"/>
      </symbol>
      <symbol id="sm-689">
         <name>radioRx</name>
         <value>0xdddc</value>
         <object_component_ref idref="oc-1a3"/>
      </symbol>
      <symbol id="sm-68a">
         <name>createRandomAddress</name>
         <value>0xd0ec</value>
         <object_component_ref idref="oc-208"/>
      </symbol>
      <symbol id="sm-68b">
         <name>radioTx</name>
         <value>0xdcea</value>
         <object_component_ref idref="oc-198"/>
      </symbol>
      <symbol id="sm-68c">
         <name>broadcastMessage</name>
         <value>0xe47c</value>
         <object_component_ref idref="oc-19d"/>
      </symbol>
      <symbol id="sm-68d">
         <name>initRadioState</name>
         <value>0xe5a0</value>
         <object_component_ref idref="oc-14a"/>
      </symbol>
      <symbol id="sm-68e">
         <name>getRSSI</name>
         <value>0xdf10</value>
         <object_component_ref idref="oc-1b1"/>
      </symbol>
      <symbol id="sm-6cf">
         <name>next_state</name>
         <value>0xe68c</value>
         <object_component_ref idref="oc-dd"/>
      </symbol>
      <symbol id="sm-6d0">
         <name>listen</name>
         <value>0xe5ae</value>
         <object_component_ref idref="oc-e7"/>
      </symbol>
      <symbol id="sm-6d1">
         <name>hear</name>
         <value>0xd326</value>
         <object_component_ref idref="oc-f1"/>
      </symbol>
      <symbol id="sm-6d2">
         <name>main</name>
         <value>0xc984</value>
         <object_component_ref idref="oc-6e"/>
      </symbol>
      <symbol id="sm-6d3">
         <name>shout</name>
         <value>0xdf88</value>
         <object_component_ref idref="oc-e2"/>
      </symbol>
      <symbol id="sm-6d4">
         <name>sleep</name>
         <value>0xe5e6</value>
         <object_component_ref idref="oc-ce"/>
      </symbol>
      <symbol id="sm-729">
         <name>rssiOverflow</name>
         <value>0xe6ec</value>
         <object_component_ref idref="oc-27a"/>
      </symbol>
      <symbol id="sm-72a">
         <name>pushRssiLog</name>
         <value>0xcc78</value>
         <object_component_ref idref="oc-1b6"/>
      </symbol>
      <symbol id="sm-72b">
         <name>pushEventLog</name>
         <value>0xd62a</value>
         <object_component_ref idref="oc-c9"/>
      </symbol>
      <symbol id="sm-72c">
         <name>initLog</name>
         <value>0xe654</value>
         <object_component_ref idref="oc-140"/>
      </symbol>
      <symbol id="sm-72d">
         <name>clearEventLog</name>
         <value>0xe636</value>
         <object_component_ref idref="oc-214"/>
      </symbol>
      <symbol id="sm-72e">
         <name>clearRssiLog</name>
         <value>0xe640</value>
         <object_component_ref idref="oc-219"/>
      </symbol>
      <symbol id="sm-72f">
         <name>eventOverflow</name>
         <value>0xe6bc</value>
         <object_component_ref idref="oc-25b"/>
      </symbol>
      <symbol id="sm-730">
         <name>popEventLog</name>
         <value>0xd918</value>
         <object_component_ref idref="oc-265"/>
      </symbol>
      <symbol id="sm-731">
         <name>popRssiLog</name>
         <value>0xd54a</value>
         <object_component_ref idref="oc-27f"/>
      </symbol>
      <symbol id="sm-732">
         <name>addrIsEqual</name>
         <value>0xda7c</value>
         <object_component_ref idref="oc-2b3"/>
      </symbol>
      <symbol id="sm-74e">
         <name>isBeacon</name>
         <value>0xd814</value>
         <object_component_ref idref="oc-bf"/>
      </symbol>
      <symbol id="sm-74f">
         <name>init</name>
         <value>0xdab4</value>
         <object_component_ref idref="oc-ba"/>
      </symbol>
      <symbol id="sm-750">
         <name>init_Timer0_A0</name>
         <value>0xe4a4</value>
         <object_component_ref idref="oc-145"/>
      </symbol>
      <symbol id="sm-751">
         <name>initClock</name>
         <value>0xe3f4</value>
         <object_component_ref idref="oc-13b"/>
      </symbol>
      <symbol id="sm-78a">
         <name>checkin</name>
         <value>0xe20c</value>
         <object_component_ref idref="oc-c4"/>
      </symbol>
      <symbol id="sm-78b">
         <name>sendOverflowLogMessage</name>
         <value>0xe40c</value>
         <object_component_ref idref="oc-260"/>
      </symbol>
      <symbol id="sm-78c">
         <name>formatRssiLogMsg</name>
         <value>0xdebc</value>
         <object_component_ref idref="oc-284"/>
      </symbol>
      <symbol id="sm-78d">
         <name>formatEventLogMsg</name>
         <value>0xe322</value>
         <object_component_ref idref="oc-26a"/>
      </symbol>
      <symbol id="sm-78e">
         <name>dumpEventLog</name>
         <value>0xd7d0</value>
         <object_component_ref idref="oc-16a"/>
      </symbol>
      <symbol id="sm-78f">
         <name>dumpRssiLog</name>
         <value>0xd4fe</value>
         <object_component_ref idref="oc-16f"/>
      </symbol>
      <symbol id="sm-790">
         <name>changeChannel</name>
         <value>0xe3c4</value>
         <object_component_ref idref="oc-160"/>
      </symbol>
      <symbol id="sm-799">
         <name>__mspabi_sral</name>
         <value>0xe572</value>
         <object_component_ref idref="oc-366"/>
      </symbol>
      <symbol id="sm-7a7">
         <name>_c_int00_noexit</name>
         <value>0xe390</value>
         <object_component_ref idref="oc-3a"/>
      </symbol>
      <symbol id="sm-7a8">
         <name>_c_int00</name>
         <value>0xe390</value>
         <object_component_ref idref="oc-3a"/>
      </symbol>
      <symbol id="sm-7a9">
         <name>_stack</name>
         <value>0x3b0</value>
         <object_component_ref idref="oc-4e"/>
      </symbol>
      <symbol id="sm-7aa">
         <name>_reset_vector</name>
         <value>0xfffe</value>
         <object_component_ref idref="oc-50"/>
      </symbol>
      <symbol id="sm-7bf">
         <name>__TI_decompress_none</name>
         <value>0xe518</value>
         <object_component_ref idref="oc-3f"/>
      </symbol>
      <symbol id="sm-7df">
         <name>__TI_decompress_rle24</name>
         <value>0xe6b6</value>
         <object_component_ref idref="oc-49"/>
      </symbol>
      <symbol id="sm-7f1">
         <name>__TI_zero_init</name>
         <value>0xe490</value>
         <object_component_ref idref="oc-44"/>
      </symbol>
      <symbol id="sm-7fc">
         <name>__mspabi_remi</name>
         <value>0xde66</value>
         <object_component_ref idref="oc-2e0"/>
      </symbol>
      <symbol id="sm-7fd">
         <name>__mspabi_divi</name>
         <value>0xde66</value>
         <object_component_ref idref="oc-2e0"/>
      </symbol>
      <symbol id="sm-806">
         <name>__mspabi_remu</name>
         <value>0xe466</value>
         <object_component_ref idref="oc-435"/>
      </symbol>
      <symbol id="sm-807">
         <name>__mspabi_divu</name>
         <value>0xe466</value>
         <object_component_ref idref="oc-435"/>
      </symbol>
      <symbol id="sm-814">
         <name>__mspabi_remul</name>
         <value>0xd27a</value>
         <object_component_ref idref="oc-36e"/>
      </symbol>
      <symbol id="sm-815">
         <name>__mspabi_divul</name>
         <value>0xd27a</value>
         <object_component_ref idref="oc-36e"/>
      </symbol>
      <symbol id="sm-81d">
         <name>__mspabi_func_epilog_2</name>
         <value>0xe58c</value>
         <object_component_ref idref="oc-b4"/>
      </symbol>
      <symbol id="sm-81e">
         <name>__mspabi_func_epilog_3</name>
         <value>0xe58a</value>
         <object_component_ref idref="oc-b4"/>
      </symbol>
      <symbol id="sm-81f">
         <name>__mspabi_func_epilog_1</name>
         <value>0xe58e</value>
         <object_component_ref idref="oc-b4"/>
      </symbol>
      <symbol id="sm-820">
         <name>__mspabi_func_epilog_6</name>
         <value>0xe584</value>
         <object_component_ref idref="oc-b4"/>
      </symbol>
      <symbol id="sm-821">
         <name>__mspabi_func_epilog_7</name>
         <value>0xe582</value>
         <object_component_ref idref="oc-b4"/>
      </symbol>
      <symbol id="sm-822">
         <name>__mspabi_func_epilog_4</name>
         <value>0xe588</value>
         <object_component_ref idref="oc-b4"/>
      </symbol>
      <symbol id="sm-823">
         <name>__mspabi_func_epilog_5</name>
         <value>0xe586</value>
         <object_component_ref idref="oc-b4"/>
      </symbol>
      <symbol id="sm-82c">
         <name>C$$EXIT</name>
         <value>0xe6f2</value>
         <object_component_ref idref="oc-73"/>
      </symbol>
      <symbol id="sm-82d">
         <name>abort</name>
         <value>0xe6f2</value>
         <object_component_ref idref="oc-73"/>
      </symbol>
      <symbol id="sm-830">
         <name>__TI_int02</name>
         <value>0xffe4</value>
         <object_component_ref idref="oc-2e"/>
      </symbol>
      <symbol id="sm-833">
         <name>__TI_int05</name>
         <value>0xffea</value>
         <object_component_ref idref="oc-30"/>
      </symbol>
      <symbol id="sm-836">
         <name>__TI_int06</name>
         <value>0xffec</value>
         <object_component_ref idref="oc-31"/>
      </symbol>
      <symbol id="sm-839">
         <name>__TI_int08</name>
         <value>0xfff0</value>
         <object_component_ref idref="oc-33"/>
      </symbol>
      <symbol id="sm-83c">
         <name>__TI_int10</name>
         <value>0xfff4</value>
         <object_component_ref idref="oc-35"/>
      </symbol>
      <symbol id="sm-83f">
         <name>__TI_int11</name>
         <value>0xfff6</value>
         <object_component_ref idref="oc-36"/>
      </symbol>
      <symbol id="sm-842">
         <name>__TI_int12</name>
         <value>0xfff8</value>
         <object_component_ref idref="oc-37"/>
      </symbol>
      <symbol id="sm-845">
         <name>__TI_int13</name>
         <value>0xfffa</value>
         <object_component_ref idref="oc-38"/>
      </symbol>
      <symbol id="sm-848">
         <name>__TI_int14</name>
         <value>0xfffc</value>
         <object_component_ref idref="oc-39"/>
      </symbol>
      <symbol id="sm-84f">
         <name>__TI_ISR_TRAP</name>
         <value>0xe6aa</value>
         <object_component_ref idref="oc-51"/>
      </symbol>
      <symbol id="sm-856">
         <name>__mspabi_srli_8</name>
         <value>0xd5c0</value>
         <object_component_ref idref="oc-372"/>
      </symbol>
      <symbol id="sm-857">
         <name>__mspabi_srli_9</name>
         <value>0xd5bc</value>
         <object_component_ref idref="oc-372"/>
      </symbol>
      <symbol id="sm-858">
         <name>__mspabi_srli_6</name>
         <value>0xd5c8</value>
         <object_component_ref idref="oc-372"/>
      </symbol>
      <symbol id="sm-859">
         <name>__mspabi_srli_7</name>
         <value>0xd5c4</value>
         <object_component_ref idref="oc-372"/>
      </symbol>
      <symbol id="sm-85a">
         <name>__mspabi_srli_4</name>
         <value>0xd5d0</value>
         <object_component_ref idref="oc-372"/>
      </symbol>
      <symbol id="sm-85b">
         <name>__mspabi_srli_5</name>
         <value>0xd5cc</value>
         <object_component_ref idref="oc-372"/>
      </symbol>
      <symbol id="sm-85c">
         <name>__mspabi_srli_2</name>
         <value>0xd5d8</value>
         <object_component_ref idref="oc-372"/>
      </symbol>
      <symbol id="sm-85d">
         <name>__mspabi_srli_3</name>
         <value>0xd5d4</value>
         <object_component_ref idref="oc-372"/>
      </symbol>
      <symbol id="sm-85e">
         <name>__mspabi_srli_1</name>
         <value>0xd5dc</value>
         <object_component_ref idref="oc-372"/>
      </symbol>
      <symbol id="sm-85f">
         <name>__mspabi_srli</name>
         <value>0xd596</value>
         <object_component_ref idref="oc-372"/>
      </symbol>
      <symbol id="sm-860">
         <name>__mspabi_srli_15</name>
         <value>0xd5a4</value>
         <object_component_ref idref="oc-372"/>
      </symbol>
      <symbol id="sm-861">
         <name>__mspabi_srli_14</name>
         <value>0xd5a8</value>
         <object_component_ref idref="oc-372"/>
      </symbol>
      <symbol id="sm-862">
         <name>__mspabi_srli_13</name>
         <value>0xd5ac</value>
         <object_component_ref idref="oc-372"/>
      </symbol>
      <symbol id="sm-863">
         <name>__mspabi_srli_12</name>
         <value>0xd5b0</value>
         <object_component_ref idref="oc-372"/>
      </symbol>
      <symbol id="sm-864">
         <name>__mspabi_srli_11</name>
         <value>0xd5b4</value>
         <object_component_ref idref="oc-372"/>
      </symbol>
      <symbol id="sm-865">
         <name>__mspabi_srli_10</name>
         <value>0xd5b8</value>
         <object_component_ref idref="oc-372"/>
      </symbol>
      <symbol id="sm-873">
         <name>memcmp</name>
         <value>0xe16a</value>
         <object_component_ref idref="oc-427"/>
      </symbol>
      <symbol id="sm-880">
         <name>memcpy</name>
         <value>0xe53c</value>
         <object_component_ref idref="oc-79"/>
      </symbol>
      <symbol id="sm-88e">
         <name>memmove</name>
         <value>0xe24c</value>
         <object_component_ref idref="oc-4cb"/>
      </symbol>
      <symbol id="sm-89b">
         <name>memset</name>
         <value>0xe4cc</value>
         <object_component_ref idref="oc-1d5"/>
      </symbol>
      <symbol id="sm-8a4">
         <name>__mspabi_mpyi</name>
         <value>0xe4e0</value>
         <object_component_ref idref="oc-183"/>
      </symbol>
      <symbol id="sm-8ad">
         <name>__mspabi_mpyl</name>
         <value>0xe094</value>
         <object_component_ref idref="oc-36a"/>
      </symbol>
      <symbol id="sm-8c4">
         <name>_auto_init</name>
         <value>0xd21c</value>
         <object_component_ref idref="oc-69"/>
      </symbol>
      <symbol id="sm-8c5">
         <name>__TI_exit</name>
         <value>0x1</value>
      </symbol>
      <symbol id="sm-8c6">
         <name>__TI_args_main</name>
         <value>0x1</value>
      </symbol>
      <symbol id="sm-8c7">
         <name>__TI_INITARRAY_Base</name>
         <value>0x0</value>
      </symbol>
      <symbol id="sm-8c8">
         <name>__TI_INITARRAY_Limit</name>
         <value>0x0</value>
      </symbol>
   </symbol_table>
   <title>Link successful</title>
</link_info>
