<?xml version="1.0"?>
<link_info>
   <banner>MSP430 Linker PC v4.1.2</banner>
   <copyright>Copyright (c) 2003-2012 Texas Instruments Incorporated</copyright>
   <link_time>0x526e46d2</link_time>
   <output_file>SimpliciTI test.out</output_file>
   <entry_point>
      <name>_c_int00</name>
      <address>0xe38a</address>
   </entry_point>
   <input_file_list>
      <input_file id="fl-2">
         <path>.\components\bsp\</path>
         <kind>object</kind>
         <file>bsp.obj</file>
         <name>bsp.obj</name>
      </input_file>
      <input_file id="fl-3">
         <path>.\components\mrfi\</path>
         <kind>object</kind>
         <file>mrfi.obj</file>
         <name>mrfi.obj</name>
      </input_file>
      <input_file id="fl-4">
         <path>.\components\nwk\</path>
         <kind>object</kind>
         <file>nwk_globals.obj</file>
         <name>nwk_globals.obj</name>
      </input_file>
      <input_file id="fl-5">
         <path>.\components\nwk\</path>
         <kind>object</kind>
         <file>nwk_frame.obj</file>
         <name>nwk_frame.obj</name>
      </input_file>
      <input_file id="fl-6">
         <path>.\components\nwk\</path>
         <kind>object</kind>
         <file>nwk_api.obj</file>
         <name>nwk_api.obj</name>
      </input_file>
      <input_file id="fl-7">
         <path>.\components\nwk\</path>
         <kind>object</kind>
         <file>nwk_QMgmt.obj</file>
         <name>nwk_QMgmt.obj</name>
      </input_file>
      <input_file id="fl-8">
         <path>.\components\nwk\</path>
         <kind>object</kind>
         <file>nwk.obj</file>
         <name>nwk.obj</name>
      </input_file>
      <input_file id="fl-9">
         <path>.\components\nwk applications\</path>
         <kind>object</kind>
         <file>nwk_security.obj</file>
         <name>nwk_security.obj</name>
      </input_file>
      <input_file id="fl-a">
         <path>.\components\nwk applications\</path>
         <kind>object</kind>
         <file>nwk_ping.obj</file>
         <name>nwk_ping.obj</name>
      </input_file>
      <input_file id="fl-b">
         <path>.\components\nwk applications\</path>
         <kind>object</kind>
         <file>nwk_mgmt.obj</file>
         <name>nwk_mgmt.obj</name>
      </input_file>
      <input_file id="fl-c">
         <path>.\components\nwk applications\</path>
         <kind>object</kind>
         <file>nwk_link.obj</file>
         <name>nwk_link.obj</name>
      </input_file>
      <input_file id="fl-d">
         <path>.\components\nwk applications\</path>
         <kind>object</kind>
         <file>nwk_join.obj</file>
         <name>nwk_join.obj</name>
      </input_file>
      <input_file id="fl-e">
         <path>.\components\nwk applications\</path>
         <kind>object</kind>
         <file>nwk_ioctl.obj</file>
         <name>nwk_ioctl.obj</name>
      </input_file>
      <input_file id="fl-f">
         <path>.\components\nwk applications\</path>
         <kind>object</kind>
         <file>nwk_freq.obj</file>
         <name>nwk_freq.obj</name>
      </input_file>
      <input_file id="fl-10">
         <path>.\</path>
         <kind>object</kind>
         <file>vlo_rand.obj</file>
         <name>vlo_rand.obj</name>
      </input_file>
      <input_file id="fl-11">
         <path>.\</path>
         <kind>object</kind>
         <file>uart.obj</file>
         <name>uart.obj</name>
      </input_file>
      <input_file id="fl-12">
         <path>.\</path>
         <kind>object</kind>
         <file>trigger.obj</file>
         <name>trigger.obj</name>
      </input_file>
      <input_file id="fl-13">
         <path>.\</path>
         <kind>object</kind>
         <file>tick.obj</file>
         <name>tick.obj</name>
      </input_file>
      <input_file id="fl-14">
         <path>.\</path>
         <kind>object</kind>
         <file>radio.obj</file>
         <name>radio.obj</name>
      </input_file>
      <input_file id="fl-15">
         <path>.\</path>
         <kind>object</kind>
         <file>main_sleep_wake.obj</file>
         <name>main_sleep_wake.obj</name>
      </input_file>
      <input_file id="fl-16">
         <path>.\</path>
         <kind>object</kind>
         <file>log.obj</file>
         <name>log.obj</name>
      </input_file>
      <input_file id="fl-17">
         <path>.\</path>
         <kind>object</kind>
         <file>init.obj</file>
         <name>init.obj</name>
      </input_file>
      <input_file id="fl-18">
         <path>.\</path>
         <kind>object</kind>
         <file>backchannel.obj</file>
         <name>backchannel.obj</name>
      </input_file>
      <input_file id="fl-32">
         <path>C:\ti\ccsv5\tools\compiler\msp430_4.1.2\lib\</path>
         <kind>archive</kind>
         <file>rts430_eabi.lib</file>
         <name>asr32.obj</name>
      </input_file>
      <input_file id="fl-33">
         <path>C:\ti\ccsv5\tools\compiler\msp430_4.1.2\lib\</path>
         <kind>archive</kind>
         <file>rts430_eabi.lib</file>
         <name>boot.obj</name>
      </input_file>
      <input_file id="fl-34">
         <path>C:\ti\ccsv5\tools\compiler\msp430_4.1.2\lib\</path>
         <kind>archive</kind>
         <file>rts430_eabi.lib</file>
         <name>copy_decompress_none.obj</name>
      </input_file>
      <input_file id="fl-35">
         <path>C:\ti\ccsv5\tools\compiler\msp430_4.1.2\lib\</path>
         <kind>archive</kind>
         <file>rts430_eabi.lib</file>
         <name>copy_decompress_rle.obj</name>
      </input_file>
      <input_file id="fl-36">
         <path>C:\ti\ccsv5\tools\compiler\msp430_4.1.2\lib\</path>
         <kind>archive</kind>
         <file>rts430_eabi.lib</file>
         <name>copy_zero_init.obj</name>
      </input_file>
      <input_file id="fl-37">
         <path>C:\ti\ccsv5\tools\compiler\msp430_4.1.2\lib\</path>
         <kind>archive</kind>
         <file>rts430_eabi.lib</file>
         <name>div16s.obj</name>
      </input_file>
      <input_file id="fl-38">
         <path>C:\ti\ccsv5\tools\compiler\msp430_4.1.2\lib\</path>
         <kind>archive</kind>
         <file>rts430_eabi.lib</file>
         <name>div16u.obj</name>
      </input_file>
      <input_file id="fl-39">
         <path>C:\ti\ccsv5\tools\compiler\msp430_4.1.2\lib\</path>
         <kind>archive</kind>
         <file>rts430_eabi.lib</file>
         <name>div32u.obj</name>
      </input_file>
      <input_file id="fl-3a">
         <path>C:\ti\ccsv5\tools\compiler\msp430_4.1.2\lib\</path>
         <kind>archive</kind>
         <file>rts430_eabi.lib</file>
         <name>epilog.obj</name>
      </input_file>
      <input_file id="fl-3b">
         <path>C:\ti\ccsv5\tools\compiler\msp430_4.1.2\lib\</path>
         <kind>archive</kind>
         <file>rts430_eabi.lib</file>
         <name>exit.obj</name>
      </input_file>
      <input_file id="fl-3c">
         <path>C:\ti\ccsv5\tools\compiler\msp430_4.1.2\lib\</path>
         <kind>archive</kind>
         <file>rts430_eabi.lib</file>
         <name>_lock.obj</name>
      </input_file>
      <input_file id="fl-3d">
         <path>C:\ti\ccsv5\tools\compiler\msp430_4.1.2\lib\</path>
         <kind>archive</kind>
         <file>rts430_eabi.lib</file>
         <name>lsr16.obj</name>
      </input_file>
      <input_file id="fl-3e">
         <path>C:\ti\ccsv5\tools\compiler\msp430_4.1.2\lib\</path>
         <kind>archive</kind>
         <file>rts430_eabi.lib</file>
         <name>memcmp.obj</name>
      </input_file>
      <input_file id="fl-3f">
         <path>C:\ti\ccsv5\tools\compiler\msp430_4.1.2\lib\</path>
         <kind>archive</kind>
         <file>rts430_eabi.lib</file>
         <name>memcpy.obj</name>
      </input_file>
      <input_file id="fl-40">
         <path>C:\ti\ccsv5\tools\compiler\msp430_4.1.2\lib\</path>
         <kind>archive</kind>
         <file>rts430_eabi.lib</file>
         <name>memmov.obj</name>
      </input_file>
      <input_file id="fl-41">
         <path>C:\ti\ccsv5\tools\compiler\msp430_4.1.2\lib\</path>
         <kind>archive</kind>
         <file>rts430_eabi.lib</file>
         <name>memset.obj</name>
      </input_file>
      <input_file id="fl-42">
         <path>C:\ti\ccsv5\tools\compiler\msp430_4.1.2\lib\</path>
         <kind>archive</kind>
         <file>rts430_eabi.lib</file>
         <name>mult16.obj</name>
      </input_file>
      <input_file id="fl-43">
         <path>C:\ti\ccsv5\tools\compiler\msp430_4.1.2\lib\</path>
         <kind>archive</kind>
         <file>rts430_eabi.lib</file>
         <name>mult32.obj</name>
      </input_file>
      <input_file id="fl-44">
         <path>C:\ti\ccsv5\tools\compiler\msp430_4.1.2\lib\</path>
         <kind>archive</kind>
         <file>rts430_eabi.lib</file>
         <name>args_main.obj</name>
      </input_file>
      <input_file id="fl-45">
         <path>C:\ti\ccsv5\tools\compiler\msp430_4.1.2\lib\</path>
         <kind>archive</kind>
         <file>rts430_eabi.lib</file>
         <name>autoinit.obj</name>
      </input_file>
   </input_file_list>
   <object_component_list>
      <object_component id="oc-51">
         <name>.stack</name>
         <uninitialized>true</uninitialized>
         <run_address>0x3b0</run_address>
         <size>0x2</size>
         <input_file_ref idref="fl-33"/>
      </object_component>
      <object_component id="oc-5e8">
         <name>.stack</name>
         <uninitialized>true</uninitialized>
         <run_address>0x3b0</run_address>
         <size>0x0</size>
      </object_component>
      <object_component id="oc-211">
         <name>.text:MRFI_Init</name>
         <load_address>0xc000</load_address>
         <run_address>0xc000</run_address>
         <size>0x1d0</size>
         <input_file_ref idref="fl-3"/>
      </object_component>
      <object_component id="oc-56e">
         <name>.text:smpl_send_link_reply</name>
         <load_address>0xc1d0</load_address>
         <run_address>0xc1d0</run_address>
         <size>0x198</size>
         <input_file_ref idref="fl-c"/>
      </object_component>
      <object_component id="oc-234">
         <name>.text:nwk_join</name>
         <load_address>0xc368</load_address>
         <run_address>0xc368</run_address>
         <size>0x12c</size>
         <input_file_ref idref="fl-d"/>
      </object_component>
      <object_component id="oc-4c9">
         <name>.text:nwk_QfindOldest</name>
         <load_address>0xc494</load_address>
         <run_address>0xc494</run_address>
         <size>0x12a</size>
         <input_file_ref idref="fl-7"/>
      </object_component>
      <object_component id="oc-39d">
         <name>.text:nwk_scanForChannels</name>
         <load_address>0xc5be</load_address>
         <run_address>0xc5be</run_address>
         <size>0x10e</size>
         <input_file_ref idref="fl-f"/>
      </object_component>
      <object_component id="oc-517">
         <name>.text:MRFI_Transmit</name>
         <load_address>0xc6cc</load_address>
         <run_address>0xc6cc</run_address>
         <size>0x102</size>
         <input_file_ref idref="fl-3"/>
      </object_component>
      <object_component id="oc-596">
         <name>.text:nwk_allocateLocalRxPort</name>
         <load_address>0xc7ce</load_address>
         <run_address>0xc7ce</run_address>
         <size>0xde</size>
         <input_file_ref idref="fl-8"/>
      </object_component>
      <object_component id="oc-102">
         <name>.text:Mrfi_SyncPinRxIsr</name>
         <load_address>0xc8ac</load_address>
         <run_address>0xc8ac</run_address>
         <size>0xd8</size>
         <input_file_ref idref="fl-3"/>
      </object_component>
      <object_component id="oc-5c">
         <name>.text:main</name>
         <load_address>0xc984</load_address>
         <run_address>0xc984</run_address>
         <size>0xd4</size>
         <input_file_ref idref="fl-15"/>
      </object_component>
      <object_component id="oc-1f9">
         <name>.text:SMPL_Ioctl</name>
         <load_address>0xca58</load_address>
         <run_address>0xca58</run_address>
         <size>0xc0</size>
         <input_file_ref idref="fl-6"/>
      </object_component>
      <object_component id="oc-3e8">
         <name>.text:nwk_retrieveFrame</name>
         <load_address>0xcb18</load_address>
         <run_address>0xcb18</run_address>
         <size>0xb2</size>
         <input_file_ref idref="fl-5"/>
      </object_component>
      <object_component id="oc-2c0">
         <name>.text:dispatchFrame</name>
         <load_address>0xcbca</load_address>
         <run_address>0xcbca</run_address>
         <size>0xae</size>
         <input_file_ref idref="fl-5"/>
      </object_component>
      <object_component id="oc-18b">
         <name>.text:pushRssiLog</name>
         <load_address>0xcc78</load_address>
         <run_address>0xcc78</run_address>
         <size>0xae</size>
         <input_file_ref idref="fl-16"/>
      </object_component>
      <object_component id="oc-449">
         <name>.text:nwk_buildFrame</name>
         <load_address>0xcd26</load_address>
         <run_address>0xcd26</run_address>
         <size>0x9e</size>
         <input_file_ref idref="fl-5"/>
      </object_component>
      <object_component id="oc-2df">
         <name>.text</name>
         <load_address>0xcdc4</load_address>
         <run_address>0xcdc4</run_address>
         <size>0x9e</size>
         <input_file_ref idref="fl-10"/>
      </object_component>
      <object_component id="oc-29d">
         <name>.text:spiBurstFifoAccess</name>
         <load_address>0xce62</load_address>
         <run_address>0xce62</run_address>
         <size>0x8a</size>
         <input_file_ref idref="fl-3"/>
      </object_component>
      <object_component id="oc-216">
         <name>.text:nwk_nwkInit</name>
         <load_address>0xceec</load_address>
         <run_address>0xceec</run_address>
         <size>0x86</size>
         <input_file_ref idref="fl-8"/>
      </object_component>
      <object_component id="oc-2b6">
         <name>.text:nwk_QfindSlot</name>
         <load_address>0xcf72</load_address>
         <run_address>0xcf72</run_address>
         <size>0x82</size>
         <input_file_ref idref="fl-7"/>
      </object_component>
      <object_component id="oc-3f3">
         <name>.text:SMPL_SendOpt</name>
         <load_address>0xcff4</load_address>
         <run_address>0xcff4</run_address>
         <size>0x7e</size>
         <input_file_ref idref="fl-6"/>
      </object_component>
      <object_component id="oc-2fd">
         <name>.text:nwk_radioControl</name>
         <load_address>0xd072</load_address>
         <run_address>0xd072</run_address>
         <size>0x78</size>
         <input_file_ref idref="fl-e"/>
      </object_component>
      <object_component id="oc-1f4">
         <name>.text:createRandomAddress</name>
         <load_address>0xd0ea</load_address>
         <run_address>0xd0ea</run_address>
         <size>0x6a</size>
         <input_file_ref idref="fl-14"/>
      </object_component>
      <object_component id="oc-426">
         <name>.text:nwk_isConnectionValid</name>
         <load_address>0xd154</load_address>
         <run_address>0xd154</run_address>
         <size>0x68</size>
         <input_file_ref idref="fl-8"/>
      </object_component>
      <object_component id="oc-76">
         <name>.text:__TI_decompress_rle_core</name>
         <load_address>0xd1bc</load_address>
         <run_address>0xd1bc</run_address>
         <size>0x5e</size>
         <input_file_ref idref="fl-35"/>
      </object_component>
      <object_component id="oc-58">
         <name>.text:_auto_init</name>
         <load_address>0xd21a</load_address>
         <run_address>0xd21a</run_address>
         <size>0x5e</size>
         <input_file_ref idref="fl-45"/>
      </object_component>
      <object_component id="oc-345">
         <name>.text</name>
         <load_address>0xd278</load_address>
         <run_address>0xd278</run_address>
         <size>0x58</size>
         <input_file_ref idref="fl-39"/>
      </object_component>
      <object_component id="oc-302">
         <name>.text:nwk_rawSend</name>
         <load_address>0xd2d0</load_address>
         <run_address>0xd2d0</run_address>
         <size>0x54</size>
         <input_file_ref idref="fl-e"/>
      </object_component>
      <object_component id="oc-d6">
         <name>.text:hear</name>
         <load_address>0xd324</load_address>
         <run_address>0xd324</run_address>
         <size>0x50</size>
         <input_file_ref idref="fl-15"/>
      </object_component>
      <object_component id="oc-282">
         <name>.text:my_SMPL_Receive</name>
         <load_address>0xd374</load_address>
         <run_address>0xd374</run_address>
         <size>0x50</size>
         <input_file_ref idref="fl-14"/>
      </object_component>
      <object_component id="oc-591">
         <name>.text:nwk_getNextConnection</name>
         <load_address>0xd3c4</load_address>
         <run_address>0xd3c4</run_address>
         <size>0x50</size>
         <input_file_ref idref="fl-8"/>
      </object_component>
      <object_component id="oc-114">
         <name>.text:initAddr</name>
         <load_address>0xd414</load_address>
         <run_address>0xd414</run_address>
         <size>0x4e</size>
         <input_file_ref idref="fl-14"/>
      </object_component>
      <object_component id="oc-242">
         <name>.text:SMPL_Receive</name>
         <load_address>0xd462</load_address>
         <run_address>0xd462</run_address>
         <size>0x4c</size>
         <input_file_ref idref="fl-6"/>
      </object_component>
      <object_component id="oc-14d">
         <name>.text:dumpRssiLog</name>
         <load_address>0xd4ae</load_address>
         <run_address>0xd4ae</run_address>
         <size>0x4c</size>
         <input_file_ref idref="fl-18"/>
      </object_component>
      <object_component id="oc-1cb">
         <name>.text:mrfiSpiCmdStrobe</name>
         <load_address>0xd4fa</load_address>
         <run_address>0xd4fa</run_address>
         <size>0x4c</size>
         <input_file_ref idref="fl-3"/>
      </object_component>
      <object_component id="oc-26c">
         <name>.text:popRssiLog</name>
         <load_address>0xd546</load_address>
         <run_address>0xd546</run_address>
         <size>0x4c</size>
         <input_file_ref idref="fl-16"/>
      </object_component>
      <object_component id="oc-349">
         <name>.text</name>
         <load_address>0xd592</load_address>
         <run_address>0xd592</run_address>
         <size>0x4c</size>
         <input_file_ref idref="fl-3d"/>
      </object_component>
      <object_component id="oc-31d">
         <name>.text:mrfiSpiInit</name>
         <load_address>0xd5de</load_address>
         <run_address>0xd5de</run_address>
         <size>0x48</size>
         <input_file_ref idref="fl-3"/>
      </object_component>
      <object_component id="oc-ae">
         <name>.text:pushEventLog</name>
         <load_address>0xd626</load_address>
         <run_address>0xd626</run_address>
         <size>0x48</size>
         <input_file_ref idref="fl-16"/>
      </object_component>
      <object_component id="oc-297">
         <name>.text:spiRegAccess</name>
         <load_address>0xd66e</load_address>
         <run_address>0xd66e</run_address>
         <size>0x48</size>
         <input_file_ref idref="fl-3"/>
      </object_component>
      <object_component id="oc-1bc">
         <name>.text:MRFI_RxAddrIsFiltered</name>
         <load_address>0xd6b6</load_address>
         <run_address>0xd6b6</run_address>
         <size>0x46</size>
         <input_file_ref idref="fl-3"/>
      </object_component>
      <object_component id="oc-58c">
         <name>.text:nwk_isLinkDuplicate</name>
         <load_address>0xd6fc</load_address>
         <run_address>0xd6fc</run_address>
         <size>0x46</size>
         <input_file_ref idref="fl-8"/>
      </object_component>
      <object_component id="oc-568">
         <name>.text:smpl_send_ping_reply</name>
         <load_address>0xd742</load_address>
         <run_address>0xd742</run_address>
         <size>0x46</size>
         <input_file_ref idref="fl-a"/>
      </object_component>
      <object_component id="oc-443">
         <name>.text:MRFI_Rssi</name>
         <load_address>0xd788</load_address>
         <run_address>0xd788</run_address>
         <size>0x44</size>
         <input_file_ref idref="fl-3"/>
      </object_component>
      <object_component id="oc-148">
         <name>.text:dumpEventLog</name>
         <load_address>0xd7cc</load_address>
         <run_address>0xd7cc</run_address>
         <size>0x44</size>
         <input_file_ref idref="fl-18"/>
      </object_component>
      <object_component id="oc-a4">
         <name>.text:isBeacon</name>
         <load_address>0xd810</load_address>
         <run_address>0xd810</run_address>
         <size>0x44</size>
         <input_file_ref idref="fl-17"/>
      </object_component>
      <object_component id="oc-132">
         <name>.text:SMPL_Init</name>
         <load_address>0xd854</load_address>
         <run_address>0xd854</run_address>
         <size>0x42</size>
         <input_file_ref idref="fl-6"/>
      </object_component>
      <object_component id="oc-574">
         <name>.text:change_channel_cmd_is_valid</name>
         <load_address>0xd896</load_address>
         <run_address>0xd896</run_address>
         <size>0x40</size>
         <input_file_ref idref="fl-f"/>
      </object_component>
      <object_component id="oc-5a6">
         <name>.text:initializeConnection</name>
         <load_address>0xd8d6</load_address>
         <run_address>0xd8d6</run_address>
         <size>0x3e</size>
         <input_file_ref idref="fl-8"/>
      </object_component>
      <object_component id="oc-252">
         <name>.text:popEventLog</name>
         <load_address>0xd914</load_address>
         <run_address>0xd914</run_address>
         <size>0x3e</size>
         <input_file_ref idref="fl-16"/>
      </object_component>
      <object_component id="oc-3ae">
         <name>.text:MRFI_ReplyDelay</name>
         <load_address>0xd952</load_address>
         <run_address>0xd952</run_address>
         <size>0x3c</size>
         <input_file_ref idref="fl-3"/>
      </object_component>
      <object_component id="oc-3a4">
         <name>.text:nwk_putNumObjectIntoMsg</name>
         <load_address>0xd98e</load_address>
         <run_address>0xd98e</run_address>
         <size>0x3c</size>
         <input_file_ref idref="fl-8"/>
      </object_component>
      <object_component id="oc-30c">
         <name>.text:nwk_freqControl</name>
         <load_address>0xd9ca</load_address>
         <run_address>0xd9ca</run_address>
         <size>0x3a</size>
         <input_file_ref idref="fl-f"/>
      </object_component>
      <object_component id="oc-539">
         <name>.text:nwk_isValidReply</name>
         <load_address>0xda04</load_address>
         <run_address>0xda04</run_address>
         <size>0x3a</size>
         <input_file_ref idref="fl-8"/>
      </object_component>
      <object_component id="oc-4fa">
         <name>.text:nwk_processMgmt</name>
         <load_address>0xda3e</load_address>
         <run_address>0xda3e</run_address>
         <size>0x3a</size>
         <input_file_ref idref="fl-b"/>
      </object_component>
      <object_component id="oc-289">
         <name>.text:addrIsEqual</name>
         <load_address>0xda78</load_address>
         <run_address>0xda78</run_address>
         <size>0x38</size>
         <input_file_ref idref="fl-16"/>
      </object_component>
      <object_component id="oc-9f">
         <name>.text:init</name>
         <load_address>0xdab0</load_address>
         <run_address>0xdab0</run_address>
         <size>0x38</size>
         <input_file_ref idref="fl-17"/>
      </object_component>
      <object_component id="oc-21b">
         <name>.text:MRFI_WakeUp</name>
         <load_address>0xdae8</load_address>
         <run_address>0xdae8</run_address>
         <size>0x36</size>
         <input_file_ref idref="fl-3"/>
      </object_component>
      <object_component id="oc-333">
         <name>.text:MRFI_SetRFPwr</name>
         <load_address>0xdb1e</load_address>
         <run_address>0xdb1e</run_address>
         <size>0x34</size>
         <input_file_ref idref="fl-3"/>
      </object_component>
      <object_component id="oc-22a">
         <name>.text:MRFI_SetRxAddrFilter</name>
         <load_address>0xdb52</load_address>
         <run_address>0xdb52</run_address>
         <size>0x34</size>
         <input_file_ref idref="fl-3"/>
      </object_component>
      <object_component id="oc-2f8">
         <name>.text:nwk_deviceAddress</name>
         <load_address>0xdb86</load_address>
         <run_address>0xdb86</run_address>
         <size>0x34</size>
         <input_file_ref idref="fl-e"/>
      </object_component>
      <object_component id="oc-32e">
         <name>.text:MRFI_SetLogicalChannel</name>
         <load_address>0xdbba</load_address>
         <run_address>0xdbba</run_address>
         <size>0x32</size>
         <input_file_ref idref="fl-3"/>
      </object_component>
      <object_component id="oc-54c">
         <name>.text:handle_freq_cmd</name>
         <load_address>0xdbec</load_address>
         <run_address>0xdbec</run_address>
         <size>0x32</size>
         <input_file_ref idref="fl-f"/>
      </object_component>
      <object_component id="oc-41a">
         <name>.text:nwk_QadjustOrder</name>
         <load_address>0xdc1e</load_address>
         <run_address>0xdc1e</run_address>
         <size>0x32</size>
         <input_file_ref idref="fl-7"/>
      </object_component>
      <object_component id="oc-3de">
         <name>.text:nwk_getConnInfo</name>
         <load_address>0xdc50</load_address>
         <run_address>0xdc50</run_address>
         <size>0x32</size>
         <input_file_ref idref="fl-8"/>
      </object_component>
      <object_component id="oc-373">
         <name>.text:nwk_linkInit</name>
         <load_address>0xdc82</load_address>
         <run_address>0xdc82</run_address>
         <size>0x32</size>
         <input_file_ref idref="fl-c"/>
      </object_component>
      <object_component id="oc-4f5">
         <name>.text:nwk_processFreq</name>
         <load_address>0xdcb4</load_address>
         <run_address>0xdcb4</run_address>
         <size>0x32</size>
         <input_file_ref idref="fl-f"/>
      </object_component>
      <object_component id="oc-16d">
         <name>.text:radioTx</name>
         <load_address>0xdce6</load_address>
         <run_address>0xdce6</run_address>
         <size>0x32</size>
         <input_file_ref idref="fl-14"/>
      </object_component>
      <object_component id="oc-4b6">
         <name>.text:Mrfi_DelayUsecSem</name>
         <load_address>0xdd18</load_address>
         <run_address>0xdd18</run_address>
         <size>0x30</size>
         <input_file_ref idref="fl-3"/>
      </object_component>
      <object_component id="oc-4c2">
         <name>.text:map_lid2idx</name>
         <load_address>0xdd48</load_address>
         <run_address>0xdd48</run_address>
         <size>0x30</size>
         <input_file_ref idref="fl-8"/>
      </object_component>
      <object_component id="oc-307">
         <name>.text:nwk_rawReceive</name>
         <load_address>0xdd78</load_address>
         <run_address>0xdd78</run_address>
         <size>0x30</size>
         <input_file_ref idref="fl-e"/>
      </object_component>
      <object_component id="oc-44e">
         <name>.text:nwk_sendFrame</name>
         <load_address>0xdda8</load_address>
         <run_address>0xdda8</run_address>
         <size>0x30</size>
         <input_file_ref idref="fl-5"/>
      </object_component>
      <object_component id="oc-178">
         <name>.text:radioRx</name>
         <load_address>0xddd8</load_address>
         <run_address>0xddd8</run_address>
         <size>0x30</size>
         <input_file_ref idref="fl-14"/>
      </object_component>
      <object_component id="oc-1c1">
         <name>.text:Mrfi_CalculateRssi</name>
         <load_address>0xde08</load_address>
         <run_address>0xde08</run_address>
         <size>0x2e</size>
         <input_file_ref idref="fl-3"/>
      </object_component>
      <object_component id="oc-338">
         <name>.text:Mrfi_RxModeOff</name>
         <load_address>0xde36</load_address>
         <run_address>0xde36</run_address>
         <size>0x2c</size>
         <input_file_ref idref="fl-3"/>
      </object_component>
      <object_component id="oc-2b1">
         <name>.text</name>
         <load_address>0xde62</load_address>
         <run_address>0xde62</run_address>
         <size>0x2c</size>
         <input_file_ref idref="fl-37"/>
      </object_component>
      <object_component id="oc-322">
         <name>.text:Mrfi_DelayUsec</name>
         <load_address>0xde8e</load_address>
         <run_address>0xde8e</run_address>
         <size>0x2a</size>
         <input_file_ref idref="fl-3"/>
      </object_component>
      <object_component id="oc-271">
         <name>.text:formatRssiLogMsg</name>
         <load_address>0xdeb8</load_address>
         <run_address>0xdeb8</run_address>
         <size>0x2a</size>
         <input_file_ref idref="fl-18"/>
      </object_component>
      <object_component id="oc-3e3">
         <name>.text:nwk_checkConnInfo</name>
         <load_address>0xdee2</load_address>
         <run_address>0xdee2</run_address>
         <size>0x2a</size>
         <input_file_ref idref="fl-8"/>
      </object_component>
      <object_component id="oc-186">
         <name>.text:getRSSI</name>
         <load_address>0xdf0c</load_address>
         <run_address>0xdf0c</run_address>
         <size>0x28</size>
         <input_file_ref idref="fl-14"/>
      </object_component>
      <object_component id="oc-4a4">
         <name>.text:nwk_getAPAddress</name>
         <load_address>0xdf34</load_address>
         <run_address>0xdf34</run_address>
         <size>0x28</size>
         <input_file_ref idref="fl-4"/>
      </object_component>
      <object_component id="oc-4e1">
         <name>.text:nwk_processPing</name>
         <load_address>0xdf5c</load_address>
         <run_address>0xdf5c</run_address>
         <size>0x28</size>
         <input_file_ref idref="fl-a"/>
      </object_component>
      <object_component id="oc-c7">
         <name>.text:shout</name>
         <load_address>0xdf84</load_address>
         <run_address>0xdf84</run_address>
         <size>0x28</size>
         <input_file_ref idref="fl-15"/>
      </object_component>
      <object_component id="oc-559">
         <name>.text:Mrfi_RandomBackoffDelay</name>
         <load_address>0xdfac</load_address>
         <run_address>0xdfac</run_address>
         <size>0x26</size>
         <input_file_ref idref="fl-3"/>
      </object_component>
      <object_component id="oc-143">
         <name>.text:clearRxBuf</name>
         <load_address>0xdfd2</load_address>
         <run_address>0xdfd2</run_address>
         <size>0x26</size>
         <input_file_ref idref="fl-14"/>
      </object_component>
      <object_component id="oc-2f3">
         <name>.text:nwk_connectionControl</name>
         <load_address>0xdff8</load_address>
         <run_address>0xdff8</run_address>
         <size>0x26</size>
         <input_file_ref idref="fl-e"/>
      </object_component>
      <object_component id="oc-350">
         <name>.text:nwk_globalsInit</name>
         <load_address>0xe01e</load_address>
         <run_address>0xe01e</run_address>
         <size>0x26</size>
         <input_file_ref idref="fl-4"/>
      </object_component>
      <object_component id="oc-369">
         <name>.text:nwk_joinInit</name>
         <load_address>0xe044</load_address>
         <run_address>0xe044</run_address>
         <size>0x26</size>
         <input_file_ref idref="fl-d"/>
      </object_component>
      <object_component id="oc-4e6">
         <name>.text:nwk_processLink</name>
         <load_address>0xe06a</load_address>
         <run_address>0xe06a</run_address>
         <size>0x26</size>
         <input_file_ref idref="fl-c"/>
      </object_component>
      <object_component id="oc-341">
         <name>.text</name>
         <load_address>0xe090</load_address>
         <run_address>0xe090</run_address>
         <size>0x26</size>
         <input_file_ref idref="fl-43"/>
      </object_component>
      <object_component id="oc-3b8">
         <name>.text:MRFI_Sleep</name>
         <load_address>0xe0b6</load_address>
         <run_address>0xe0b6</run_address>
         <size>0x24</size>
         <input_file_ref idref="fl-3"/>
      </object_component>
      <object_component id="oc-45">
         <name>.text:USCI0RX_ISR</name>
         <load_address>0xe0da</load_address>
         <run_address>0xe0da</run_address>
         <size>0x24</size>
         <input_file_ref idref="fl-11"/>
      </object_component>
      <object_component id="oc-404">
         <name>.text:memcmp</name>
         <load_address>0xe0fe</load_address>
         <run_address>0xe0fe</run_address>
         <size>0x24</size>
         <input_file_ref idref="fl-3e"/>
      </object_component>
      <object_component id="oc-4b">
         <name>.text:timerA0_isr</name>
         <load_address>0xe122</load_address>
         <run_address>0xe122</run_address>
         <size>0x24</size>
         <input_file_ref idref="fl-13"/>
      </object_component>
      <object_component id="oc-3a9">
         <name>.text:MRFI_RxOn</name>
         <load_address>0xe146</load_address>
         <run_address>0xe146</run_address>
         <size>0x22</size>
         <input_file_ref idref="fl-3"/>
      </object_component>
      <object_component id="oc-10f">
         <name>.text:BSP_Init</name>
         <load_address>0xe168</load_address>
         <run_address>0xe168</run_address>
         <size>0x20</size>
         <input_file_ref idref="fl-2"/>
      </object_component>
      <object_component id="oc-1e9">
         <name>.text:BSP_InitBoard</name>
         <load_address>0xe188</load_address>
         <run_address>0xe188</run_address>
         <size>0x20</size>
         <input_file_ref idref="fl-2"/>
      </object_component>
      <object_component id="oc-22f">
         <name>.text:MRFI_EnableRxAddrFilter</name>
         <load_address>0xe1a8</load_address>
         <run_address>0xe1a8</run_address>
         <size>0x20</size>
         <input_file_ref idref="fl-3"/>
      </object_component>
      <object_component id="oc-1c6">
         <name>.text:MRFI_RxCompleteISR</name>
         <load_address>0xe1c8</load_address>
         <run_address>0xe1c8</run_address>
         <size>0x20</size>
         <input_file_ref idref="fl-5"/>
      </object_component>
      <object_component id="oc-3b3">
         <name>.text:MRFI_RxIdle</name>
         <load_address>0xe1e8</load_address>
         <run_address>0xe1e8</run_address>
         <size>0x20</size>
         <input_file_ref idref="fl-3"/>
      </object_component>
      <object_component id="oc-a9">
         <name>.text:checkin</name>
         <load_address>0xe208</load_address>
         <run_address>0xe208</run_address>
         <size>0x20</size>
         <input_file_ref idref="fl-18"/>
      </object_component>
      <object_component id="oc-544">
         <name>.text:handleLinkRequest</name>
         <load_address>0xe228</load_address>
         <run_address>0xe228</run_address>
         <size>0x20</size>
         <input_file_ref idref="fl-c"/>
      </object_component>
      <object_component id="oc-4b0">
         <name>.text:memmove</name>
         <load_address>0xe248</load_address>
         <run_address>0xe248</run_address>
         <size>0x20</size>
         <input_file_ref idref="fl-40"/>
      </object_component>
      <object_component id="oc-355">
         <name>.text:nwk_frameInit</name>
         <load_address>0xe268</load_address>
         <run_address>0xe268</run_address>
         <size>0x20</size>
         <input_file_ref idref="fl-5"/>
      </object_component>
      <object_component id="oc-4eb">
         <name>.text:nwk_processJoin</name>
         <load_address>0xe288</load_address>
         <run_address>0xe288</run_address>
         <size>0x20</size>
         <input_file_ref idref="fl-d"/>
      </object_component>
      <object_component id="oc-db">
         <name>.text:BSP_Delay</name>
         <load_address>0xe2a8</load_address>
         <run_address>0xe2a8</run_address>
         <size>0x1e</size>
         <input_file_ref idref="fl-2"/>
      </object_component>
      <object_component id="oc-35a">
         <name>.text:nwk_QInit</name>
         <load_address>0xe2c6</load_address>
         <run_address>0xe2c6</run_address>
         <size>0x1e</size>
         <input_file_ref idref="fl-7"/>
      </object_component>
      <object_component id="oc-81">
         <name>.text:MRFI_GpioIsr</name>
         <load_address>0xe2e4</load_address>
         <run_address>0xe2e4</run_address>
         <size>0x1c</size>
         <input_file_ref idref="fl-3"/>
      </object_component>
      <object_component id="oc-257">
         <name>.text:formatEventLogMsg</name>
         <load_address>0xe300</load_address>
         <run_address>0xe300</run_address>
         <size>0x1c</size>
         <input_file_ref idref="fl-18"/>
      </object_component>
      <object_component id="oc-1ac">
         <name>.text:mrfiSpiReadReg</name>
         <load_address>0xe31c</load_address>
         <run_address>0xe31c</run_address>
         <size>0x1c</size>
         <input_file_ref idref="fl-3"/>
      </object_component>
      <object_component id="oc-220">
         <name>.text:nwk_setChannel</name>
         <load_address>0xe338</load_address>
         <run_address>0xe338</run_address>
         <size>0x1c</size>
         <input_file_ref idref="fl-f"/>
      </object_component>
      <object_component id="oc-43d">
         <name>.text:nwk_setMyAddress</name>
         <load_address>0xe354</load_address>
         <run_address>0xe354</run_address>
         <size>0x1c</size>
         <input_file_ref idref="fl-4"/>
      </object_component>
      <object_component id="oc-3f">
         <name>.text:BSP_GpioPort1Isr</name>
         <load_address>0xe370</load_address>
         <run_address>0xe370</run_address>
         <size>0x1a</size>
         <input_file_ref idref="fl-3"/>
      </object_component>
      <object_component id="oc-2e">
         <name>.text:_c_int00_noexit</name>
         <load_address>0xe38a</load_address>
         <run_address>0xe38a</run_address>
         <size>0x1a</size>
         <input_file_ref idref="fl-33"/>
      </object_component>
      <object_component id="oc-13e">
         <name>.text:changeChannel</name>
         <load_address>0xe3a4</load_address>
         <run_address>0xe3a4</run_address>
         <size>0x18</size>
         <input_file_ref idref="fl-18"/>
      </object_component>
      <object_component id="oc-181">
         <name>.text:getSender</name>
         <load_address>0xe3bc</load_address>
         <run_address>0xe3bc</run_address>
         <size>0x18</size>
         <input_file_ref idref="fl-14"/>
      </object_component>
      <object_component id="oc-119">
         <name>.text:initClock</name>
         <load_address>0xe3d4</load_address>
         <run_address>0xe3d4</run_address>
         <size>0x18</size>
         <input_file_ref idref="fl-17"/>
      </object_component>
      <object_component id="oc-327">
         <name>.text:mrfiSpiWriteReg</name>
         <load_address>0xe3ec</load_address>
         <run_address>0xe3ec</run_address>
         <size>0x18</size>
         <input_file_ref idref="fl-3"/>
      </object_component>
      <object_component id="oc-24d">
         <name>.text:sendOverflowLogMessage</name>
         <load_address>0xe404</load_address>
         <run_address>0xe404</run_address>
         <size>0x18</size>
         <input_file_ref idref="fl-18"/>
      </object_component>
      <object_component id="oc-478">
         <name>.text:MRFI_RandomByte</name>
         <load_address>0xe41c</load_address>
         <run_address>0xe41c</run_address>
         <size>0x16</size>
         <input_file_ref idref="fl-3"/>
      </object_component>
      <object_component id="oc-462">
         <name>.text:Mrfi_RxModeOn</name>
         <load_address>0xe432</load_address>
         <run_address>0xe432</run_address>
         <size>0x16</size>
         <input_file_ref idref="fl-3"/>
      </object_component>
      <object_component id="oc-35f">
         <name>.text:nwk_freqInit</name>
         <load_address>0xe448</load_address>
         <run_address>0xe448</run_address>
         <size>0x16</size>
         <input_file_ref idref="fl-f"/>
      </object_component>
      <object_component id="oc-413">
         <name>.text</name>
         <load_address>0xe45e</load_address>
         <run_address>0xe45e</run_address>
         <size>0x16</size>
         <input_file_ref idref="fl-38"/>
      </object_component>
      <object_component id="oc-172">
         <name>.text:broadcastMessage</name>
         <load_address>0xe474</load_address>
         <run_address>0xe474</run_address>
         <size>0x14</size>
         <input_file_ref idref="fl-14"/>
      </object_component>
      <object_component id="oc-37">
         <name>.text:decompress:ZI:__TI_zero_init</name>
         <load_address>0xe488</load_address>
         <run_address>0xe488</run_address>
         <size>0x14</size>
         <input_file_ref idref="fl-36"/>
      </object_component>
      <object_component id="oc-123">
         <name>.text:init_Timer0_A0</name>
         <load_address>0xe49c</load_address>
         <run_address>0xe49c</run_address>
         <size>0x14</size>
         <input_file_ref idref="fl-17"/>
      </object_component>
      <object_component id="oc-2e4">
         <name>.text:ioctlPreInitAccessIsOK</name>
         <load_address>0xe4b0</load_address>
         <run_address>0xe4b0</run_address>
         <size>0x14</size>
         <input_file_ref idref="fl-6"/>
      </object_component>
      <object_component id="oc-1b8">
         <name>.text:memset</name>
         <load_address>0xe4c4</load_address>
         <run_address>0xe4c4</run_address>
         <size>0x14</size>
         <input_file_ref idref="fl-41"/>
      </object_component>
      <object_component id="oc-15f">
         <name>.text</name>
         <load_address>0xe4d8</load_address>
         <run_address>0xe4d8</run_address>
         <size>0x14</size>
         <input_file_ref idref="fl-42"/>
      </object_component>
      <object_component id="oc-2d4">
         <name>.text:BSP_InitLeds</name>
         <load_address>0xe4ec</load_address>
         <run_address>0xe4ec</run_address>
         <size>0x12</size>
         <input_file_ref idref="fl-2"/>
      </object_component>
      <object_component id="oc-579">
         <name>.text:change_channel_cmd</name>
         <load_address>0xe4fe</load_address>
         <run_address>0xe4fe</run_address>
         <size>0x12</size>
         <input_file_ref idref="fl-f"/>
      </object_component>
      <object_component id="oc-33">
         <name>.text:decompress:none:__TI_decompress_none</name>
         <load_address>0xe510</load_address>
         <run_address>0xe510</run_address>
         <size>0x12</size>
         <input_file_ref idref="fl-34"/>
      </object_component>
      <object_component id="oc-137">
         <name>.text:initTick</name>
         <load_address>0xe522</load_address>
         <run_address>0xe522</run_address>
         <size>0x12</size>
         <input_file_ref idref="fl-13"/>
      </object_component>
      <object_component id="oc-66">
         <name>.text:memcpy</name>
         <load_address>0xe534</load_address>
         <run_address>0xe534</run_address>
         <size>0x12</size>
         <input_file_ref idref="fl-3f"/>
      </object_component>
      <object_component id="oc-225">
         <name>.text:nwk_getMyAddress</name>
         <load_address>0xe546</load_address>
         <run_address>0xe546</run_address>
         <size>0x12</size>
         <input_file_ref idref="fl-4"/>
      </object_component>
      <object_component id="oc-3bd">
         <name>.text:nwk_setLinkToken</name>
         <load_address>0xe558</load_address>
         <run_address>0xe558</run_address>
         <size>0x12</size>
         <input_file_ref idref="fl-c"/>
      </object_component>
      <object_component id="oc-33d">
         <name>.text:l_asr</name>
         <load_address>0xe56a</load_address>
         <run_address>0xe56a</run_address>
         <size>0x10</size>
         <input_file_ref idref="fl-32"/>
      </object_component>
      <object_component id="oc-9a">
         <name>.text</name>
         <load_address>0xe57a</load_address>
         <run_address>0xe57a</run_address>
         <size>0x10</size>
         <input_file_ref idref="fl-3a"/>
      </object_component>
      <object_component id="oc-2bb">
         <name>.text:MRFI_Receive</name>
         <load_address>0xe58a</load_address>
         <run_address>0xe58a</run_address>
         <size>0xe</size>
         <input_file_ref idref="fl-3"/>
      </object_component>
      <object_component id="oc-128">
         <name>.text:initRadioState</name>
         <load_address>0xe598</load_address>
         <run_address>0xe598</run_address>
         <size>0xe</size>
         <input_file_ref idref="fl-14"/>
      </object_component>
      <object_component id="oc-cc">
         <name>.text:listen</name>
         <load_address>0xe5a6</load_address>
         <run_address>0xe5a6</run_address>
         <size>0xe</size>
         <input_file_ref idref="fl-15"/>
      </object_component>
      <object_component id="oc-554">
         <name>.text:mrfiSpiWriteTxFifo</name>
         <load_address>0xe5b4</load_address>
         <run_address>0xe5b4</run_address>
         <size>0xe</size>
         <input_file_ref idref="fl-3"/>
      </object_component>
      <object_component id="oc-587">
         <name>.text:nwk_getNumObjectFromMsg</name>
         <load_address>0xe5c2</load_address>
         <run_address>0xe5c2</run_address>
         <size>0xe</size>
         <input_file_ref idref="fl-8"/>
      </object_component>
      <object_component id="oc-3c2">
         <name>.text:nwk_setAPAddress</name>
         <load_address>0xe5d0</load_address>
         <run_address>0xe5d0</run_address>
         <size>0xe</size>
         <input_file_ref idref="fl-4"/>
      </object_component>
      <object_component id="oc-b3">
         <name>.text:sleep</name>
         <load_address>0xe5de</load_address>
         <run_address>0xe5de</run_address>
         <size>0xe</size>
         <input_file_ref idref="fl-15"/>
      </object_component>
      <object_component id="oc-501">
         <name>.text:MRFI_PostKillSem</name>
         <load_address>0xe5ec</load_address>
         <run_address>0xe5ec</run_address>
         <size>0xc</size>
         <input_file_ref idref="fl-3"/>
      </object_component>
      <object_component id="oc-53e">
         <name>.text:handlePingRequest</name>
         <load_address>0xe5f8</load_address>
         <run_address>0xe5f8</run_address>
         <size>0xc</size>
         <input_file_ref idref="fl-a"/>
      </object_component>
      <object_component id="oc-1b1">
         <name>.text:mrfiSpiReadRxFifo</name>
         <load_address>0xe604</load_address>
         <run_address>0xe604</run_address>
         <size>0xc</size>
         <input_file_ref idref="fl-3"/>
      </object_component>
      <object_component id="oc-2d9">
         <name>.text:BSP_InitButtons</name>
         <load_address>0xe610</load_address>
         <run_address>0xe610</run_address>
         <size>0xa</size>
         <input_file_ref idref="fl-2"/>
      </object_component>
      <object_component id="oc-1ee">
         <name>.text:BSP_InitDrivers</name>
         <load_address>0xe61a</load_address>
         <run_address>0xe61a</run_address>
         <size>0xa</size>
         <input_file_ref idref="fl-2"/>
      </object_component>
      <object_component id="oc-53">
         <name>.text:_system_pre_init</name>
         <load_address>0xe624</load_address>
         <run_address>0xe624</run_address>
         <size>0xa</size>
         <input_file_ref idref="fl-2"/>
      </object_component>
      <object_component id="oc-201">
         <name>.text:clearEventLog</name>
         <load_address>0xe62e</load_address>
         <run_address>0xe62e</run_address>
         <size>0xa</size>
         <input_file_ref idref="fl-16"/>
      </object_component>
      <object_component id="oc-206">
         <name>.text:clearRssiLog</name>
         <load_address>0xe638</load_address>
         <run_address>0xe638</run_address>
         <size>0xa</size>
         <input_file_ref idref="fl-16"/>
      </object_component>
      <object_component id="oc-15a">
         <name>.text:getLocalTime</name>
         <load_address>0xe642</load_address>
         <run_address>0xe642</run_address>
         <size>0xa</size>
         <input_file_ref idref="fl-13"/>
      </object_component>
      <object_component id="oc-11e">
         <name>.text:initLog</name>
         <load_address>0xe64c</load_address>
         <run_address>0xe64c</run_address>
         <size>0xa</size>
         <input_file_ref idref="fl-16"/>
      </object_component>
      <object_component id="oc-36e">
         <name>.text:nwk_mgmtInit</name>
         <load_address>0xe656</load_address>
         <run_address>0xe656</run_address>
         <size>0xa</size>
         <input_file_ref idref="fl-b"/>
      </object_component>
      <object_component id="oc-364">
         <name>.text:nwk_pingInit</name>
         <load_address>0xe660</load_address>
         <run_address>0xe660</run_address>
         <size>0xa</size>
         <input_file_ref idref="fl-a"/>
      </object_component>
      <object_component id="oc-152">
         <name>.text:resetLocalTime</name>
         <load_address>0xe66a</load_address>
         <run_address>0xe66a</run_address>
         <size>0xa</size>
         <input_file_ref idref="fl-13"/>
      </object_component>
      <object_component id="oc-25c">
         <name>.text:SMPL_Send</name>
         <load_address>0xe674</load_address>
         <run_address>0xe674</run_address>
         <size>0x8</size>
         <input_file_ref idref="fl-6"/>
      </object_component>
      <object_component id="oc-b8">
         <name>.text:getTick</name>
         <load_address>0xe67c</load_address>
         <run_address>0xe67c</run_address>
         <size>0x8</size>
         <input_file_ref idref="fl-13"/>
      </object_component>
      <object_component id="oc-c2">
         <name>.text:next_state</name>
         <load_address>0xe684</load_address>
         <run_address>0xe684</run_address>
         <size>0x8</size>
         <input_file_ref idref="fl-15"/>
      </object_component>
      <object_component id="oc-455">
         <name>.text:nwk_getChannel</name>
         <load_address>0xe68c</load_address>
         <run_address>0xe68c</run_address>
         <size>0x8</size>
         <input_file_ref idref="fl-f"/>
      </object_component>
      <object_component id="oc-12d">
         <name>.text:sRxCallback</name>
         <load_address>0xe694</load_address>
         <run_address>0xe694</run_address>
         <size>0x8</size>
         <input_file_ref idref="fl-14"/>
      </object_component>
      <object_component id="oc-398">
         <name>.text:MRFI_GetRadioState</name>
         <load_address>0xe69c</load_address>
         <run_address>0xe69c</run_address>
         <size>0x6</size>
         <input_file_ref idref="fl-3"/>
      </object_component>
      <object_component id="oc-190">
         <name>.text:clearMessageWaiting</name>
         <load_address>0xe6a2</load_address>
         <run_address>0xe6a2</run_address>
         <size>0x6</size>
         <input_file_ref idref="fl-14"/>
      </object_component>
      <object_component id="oc-3b">
         <name>.text:decompress:rle24:__TI_decompress_rle24</name>
         <load_address>0xe6a8</load_address>
         <run_address>0xe6a8</run_address>
         <size>0x6</size>
         <input_file_ref idref="fl-35"/>
      </object_component>
      <object_component id="oc-248">
         <name>.text:eventOverflow</name>
         <load_address>0xe6ae</load_address>
         <run_address>0xe6ae</run_address>
         <size>0x6</size>
         <input_file_ref idref="fl-16"/>
      </object_component>
      <object_component id="oc-d1">
         <name>.text:messageWaiting</name>
         <load_address>0xe6b4</load_address>
         <run_address>0xe6b4</run_address>
         <size>0x6</size>
         <input_file_ref idref="fl-14"/>
      </object_component>
      <object_component id="oc-436">
         <name>.text:nwk_freeConnection</name>
         <load_address>0xe6ba</load_address>
         <run_address>0xe6ba</run_address>
         <size>0x6</size>
         <input_file_ref idref="fl-8"/>
      </object_component>
      <object_component id="oc-37d">
         <name>.text:nwk_getBCastAddress</name>
         <load_address>0xe6c0</load_address>
         <run_address>0xe6c0</run_address>
         <size>0x6</size>
         <input_file_ref idref="fl-4"/>
      </object_component>
      <object_component id="oc-2ee">
         <name>.text:nwk_getFWVersion</name>
         <load_address>0xe6c6</load_address>
         <run_address>0xe6c6</run_address>
         <size>0x6</size>
         <input_file_ref idref="fl-4"/>
      </object_component>
      <object_component id="oc-59b">
         <name>.text:nwk_getMyRxType</name>
         <load_address>0xe6cc</load_address>
         <run_address>0xe6cc</run_address>
         <size>0x6</size>
         <input_file_ref idref="fl-5"/>
      </object_component>
      <object_component id="oc-2e9">
         <name>.text:nwk_getProtocolVersion</name>
         <load_address>0xe6d2</load_address>
         <run_address>0xe6d2</run_address>
         <size>0x6</size>
         <input_file_ref idref="fl-4"/>
      </object_component>
      <object_component id="oc-bd">
         <name>.text:resetTick</name>
         <load_address>0xe6d8</load_address>
         <run_address>0xe6d8</run_address>
         <size>0x6</size>
         <input_file_ref idref="fl-13"/>
      </object_component>
      <object_component id="oc-267">
         <name>.text:rssiOverflow</name>
         <load_address>0xe6de</load_address>
         <run_address>0xe6de</run_address>
         <size>0x6</size>
         <input_file_ref idref="fl-16"/>
      </object_component>
      <object_component id="oc-61">
         <name>.text:abort</name>
         <load_address>0xe6e4</load_address>
         <run_address>0xe6e4</run_address>
         <size>0x4</size>
         <input_file_ref idref="fl-3b"/>
      </object_component>
      <object_component id="oc-4f0">
         <name>.text:nwk_processSecurity</name>
         <load_address>0xe6e8</load_address>
         <run_address>0xe6e8</run_address>
         <size>0x4</size>
         <input_file_ref idref="fl-9"/>
      </object_component>
      <object_component id="oc-57e">
         <name>.text:send_ping_reply</name>
         <load_address>0xe6ec</load_address>
         <run_address>0xe6ec</run_address>
         <size>0x4</size>
         <input_file_ref idref="fl-f"/>
      </object_component>
      <object_component id="oc-378">
         <name>.text:nwk_securityInit</name>
         <load_address>0xe6f0</load_address>
         <run_address>0xe6f0</run_address>
         <size>0x2</size>
         <input_file_ref idref="fl-9"/>
      </object_component>
      <object_component id="oc-5e7">
         <name>.cinit..data.load</name>
         <load_address>0xe752</load_address>
         <run_address>0xe752</run_address>
         <size>0xe</size>
      </object_component>
      <object_component id="oc-5e4">
         <name>__TI_handler_table</name>
         <load_address>0xe760</load_address>
         <run_address>0xe760</run_address>
         <size>0x6</size>
      </object_component>
      <object_component id="oc-5e6">
         <name>.cinit..bss.load</name>
         <load_address>0xe766</load_address>
         <run_address>0xe766</run_address>
         <size>0x4</size>
      </object_component>
      <object_component id="oc-5e5">
         <name>__TI_cinit_table</name>
         <load_address>0xe76a</load_address>
         <run_address>0xe76a</run_address>
         <size>0x8</size>
      </object_component>
      <object_component id="oc-32c">
         <name>.const:mrfiRadioCfg</name>
         <load_address>0xe6f2</load_address>
         <run_address>0xe6f2</run_address>
         <size>0x3e</size>
         <input_file_ref idref="fl-3"/>
      </object_component>
      <object_component id="oc-424">
         <name>.const:func</name>
         <load_address>0xe730</load_address>
         <run_address>0xe730</run_address>
         <size>0xc</size>
         <input_file_ref idref="fl-5"/>
      </object_component>
      <object_component id="oc-392">
         <name>.const</name>
         <load_address>0xe73c</load_address>
         <run_address>0xe73c</run_address>
         <size>0x9</size>
         <input_file_ref idref="fl-4"/>
      </object_component>
      <object_component id="oc-2ae">
         <name>.const:.string:mrfiBroadcastAddr</name>
         <load_address>0xe746</load_address>
         <run_address>0xe746</run_address>
         <size>0x4</size>
         <input_file_ref idref="fl-3"/>
      </object_component>
      <object_component id="oc-460">
         <name>.const:.string:mrfiLogicalChanTable</name>
         <load_address>0xe74a</load_address>
         <run_address>0xe74a</run_address>
         <size>0x4</size>
         <input_file_ref idref="fl-3"/>
      </object_component>
      <object_component id="oc-468">
         <name>.const:.string:mrfiRFPowerTable</name>
         <load_address>0xe74e</load_address>
         <run_address>0xe74e</run_address>
         <size>0x3</size>
         <input_file_ref idref="fl-3"/>
      </object_component>
      <object_component id="oc-40">
         <name>.int03</name>
         <load_address>0xffe6</load_address>
         <run_address>0xffe6</run_address>
         <size>0x2</size>
         <input_file_ref idref="fl-3"/>
      </object_component>
      <object_component id="oc-46">
         <name>.int07</name>
         <load_address>0xffee</load_address>
         <run_address>0xffee</run_address>
         <size>0x2</size>
         <input_file_ref idref="fl-11"/>
      </object_component>
      <object_component id="oc-4c">
         <name>.int09</name>
         <load_address>0xfff2</load_address>
         <run_address>0xfff2</run_address>
         <size>0x2</size>
         <input_file_ref idref="fl-13"/>
      </object_component>
      <object_component id="oc-2f">
         <name>.reset</name>
         <load_address>0xfffe</load_address>
         <run_address>0xfffe</run_address>
         <size>0x2</size>
         <input_file_ref idref="fl-33"/>
      </object_component>
      <object_component id="oc-87">
         <name>.bss</name>
         <uninitialized>true</uninitialized>
         <run_address>0x2de</run_address>
         <size>0x2</size>
         <input_file_ref idref="fl-11"/>
      </object_component>
      <object_component id="oc-8a">
         <name>.bss</name>
         <uninitialized>true</uninitialized>
         <run_address>0x2c4</run_address>
         <size>0xa</size>
         <input_file_ref idref="fl-13"/>
      </object_component>
      <object_component id="oc-158">
         <name>.bss</name>
         <uninitialized>true</uninitialized>
         <run_address>0x268</run_address>
         <size>0x44</size>
         <input_file_ref idref="fl-16"/>
      </object_component>
      <object_component id="oc-17e">
         <name>.bss</name>
         <uninitialized>true</uninitialized>
         <run_address>0x2d6</run_address>
         <size>0x6</size>
         <input_file_ref idref="fl-14"/>
      </object_component>
      <object_component id="oc-1b6">
         <name>.bss</name>
         <uninitialized>true</uninitialized>
         <run_address>0x2ac</run_address>
         <size>0x18</size>
         <input_file_ref idref="fl-3"/>
      </object_component>
      <object_component id="oc-38a">
         <name>.bss</name>
         <uninitialized>true</uninitialized>
         <run_address>0x2e0</run_address>
         <size>0x1</size>
         <input_file_ref idref="fl-f"/>
      </object_component>
      <object_component id="oc-390">
         <name>.bss</name>
         <uninitialized>true</uninitialized>
         <run_address>0x2ce</run_address>
         <size>0x8</size>
         <input_file_ref idref="fl-4"/>
      </object_component>
      <object_component id="oc-418">
         <name>.bss</name>
         <uninitialized>true</uninitialized>
         <run_address>0x200</run_address>
         <size>0x68</size>
         <input_file_ref idref="fl-7"/>
      </object_component>
      <object_component id="oc-48b">
         <name>.bss</name>
         <uninitialized>true</uninitialized>
         <run_address>0x2dc</run_address>
         <size>0x2</size>
         <input_file_ref idref="fl-c"/>
      </object_component>
      <object_component id="oc-19b">
         <name>.data</name>
         <load_address>0x332</load_address>
         <run_address>0x332</run_address>
         <size>0x1</size>
         <input_file_ref idref="fl-2"/>
      </object_component>
      <object_component id="oc-1aa">
         <name>.data</name>
         <load_address>0x308</load_address>
         <run_address>0x308</run_address>
         <size>0x9</size>
         <input_file_ref idref="fl-3"/>
      </object_component>
      <object_component id="oc-20f">
         <name>.data</name>
         <load_address>0x334</load_address>
         <run_address>0x334</run_address>
         <size>0x1</size>
         <input_file_ref idref="fl-6"/>
      </object_component>
      <object_component id="oc-2ac">
         <name>.data:mrfiRxFilterAddr</name>
         <load_address>0x32a</load_address>
         <run_address>0x32a</run_address>
         <size>0x4</size>
         <input_file_ref idref="fl-3"/>
      </object_component>
      <object_component id="oc-34e">
         <name>.data</name>
         <load_address>0x2e2</load_address>
         <run_address>0x2e2</run_address>
         <size>0x26</size>
         <input_file_ref idref="fl-8"/>
      </object_component>
      <object_component id="oc-38e">
         <name>.data</name>
         <load_address>0x338</load_address>
         <run_address>0x338</run_address>
         <size>0x1</size>
         <input_file_ref idref="fl-4"/>
      </object_component>
      <object_component id="oc-3a2">
         <name>.data</name>
         <load_address>0x31a</load_address>
         <run_address>0x31a</run_address>
         <size>0x7</size>
         <input_file_ref idref="fl-d"/>
      </object_component>
      <object_component id="oc-422">
         <name>.data</name>
         <load_address>0x312</load_address>
         <run_address>0x312</run_address>
         <size>0x8</size>
         <input_file_ref idref="fl-5"/>
      </object_component>
      <object_component id="oc-47f">
         <name>.data</name>
         <load_address>0x336</load_address>
         <run_address>0x336</run_address>
         <size>0x1</size>
         <input_file_ref idref="fl-f"/>
      </object_component>
      <object_component id="oc-482">
         <name>.data</name>
         <load_address>0x33a</load_address>
         <run_address>0x33a</run_address>
         <size>0x1</size>
         <input_file_ref idref="fl-a"/>
      </object_component>
      <object_component id="oc-486">
         <name>.data</name>
         <load_address>0x32e</load_address>
         <run_address>0x32e</run_address>
         <size>0x3</size>
         <input_file_ref idref="fl-b"/>
      </object_component>
      <object_component id="oc-489">
         <name>.data</name>
         <load_address>0x322</load_address>
         <run_address>0x322</run_address>
         <size>0x7</size>
         <input_file_ref idref="fl-c"/>
      </object_component>
      <object_component id="oc-30">
         <name>.debug_info</name>
         <load_address>0x0</load_address>
         <run_address>0x0</run_address>
         <size>0x129</size>
         <input_file_ref idref="fl-33"/>
      </object_component>
      <object_component id="oc-34">
         <name>.debug_info</name>
         <load_address>0x129</load_address>
         <run_address>0x129</run_address>
         <size>0x159</size>
         <input_file_ref idref="fl-34"/>
      </object_component>
      <object_component id="oc-38">
         <name>.debug_info</name>
         <load_address>0x282</load_address>
         <run_address>0x282</run_address>
         <size>0x193</size>
         <input_file_ref idref="fl-36"/>
      </object_component>
      <object_component id="oc-3c">
         <name>.debug_info</name>
         <load_address>0x415</load_address>
         <run_address>0x415</run_address>
         <size>0x16a</size>
         <input_file_ref idref="fl-35"/>
      </object_component>
      <object_component id="oc-41">
         <name>.debug_info</name>
         <load_address>0x57f</load_address>
         <run_address>0x57f</run_address>
         <size>0x1f7</size>
         <input_file_ref idref="fl-3"/>
      </object_component>
      <object_component id="oc-47">
         <name>.debug_info</name>
         <load_address>0x776</load_address>
         <run_address>0x776</run_address>
         <size>0x10f</size>
         <input_file_ref idref="fl-11"/>
      </object_component>
      <object_component id="oc-4d">
         <name>.debug_info</name>
         <load_address>0x885</load_address>
         <run_address>0x885</run_address>
         <size>0x108</size>
         <input_file_ref idref="fl-13"/>
      </object_component>
      <object_component id="oc-52">
         <name>.debug_info</name>
         <load_address>0x98d</load_address>
         <run_address>0x98d</run_address>
         <size>0xaa</size>
         <input_file_ref idref="fl-33"/>
      </object_component>
      <object_component id="oc-54">
         <name>.debug_info</name>
         <load_address>0xa37</load_address>
         <run_address>0xa37</run_address>
         <size>0x1c9</size>
         <input_file_ref idref="fl-2"/>
      </object_component>
      <object_component id="oc-59">
         <name>.debug_info</name>
         <load_address>0xc00</load_address>
         <run_address>0xc00</run_address>
         <size>0x1aa</size>
         <input_file_ref idref="fl-45"/>
      </object_component>
      <object_component id="oc-5d">
         <name>.debug_info</name>
         <load_address>0xdaa</load_address>
         <run_address>0xdaa</run_address>
         <size>0x538</size>
         <input_file_ref idref="fl-15"/>
      </object_component>
      <object_component id="oc-62">
         <name>.debug_info</name>
         <load_address>0x12e2</load_address>
         <run_address>0x12e2</run_address>
         <size>0x121</size>
         <input_file_ref idref="fl-3b"/>
      </object_component>
      <object_component id="oc-67">
         <name>.debug_info</name>
         <load_address>0x1403</load_address>
         <run_address>0x1403</run_address>
         <size>0x160</size>
         <input_file_ref idref="fl-3f"/>
      </object_component>
      <object_component id="oc-6b">
         <name>.debug_info</name>
         <load_address>0x1563</load_address>
         <run_address>0x1563</run_address>
         <size>0x46</size>
         <input_file_ref idref="fl-34"/>
      </object_component>
      <object_component id="oc-71">
         <name>.debug_info</name>
         <load_address>0x15a9</load_address>
         <run_address>0x15a9</run_address>
         <size>0x46</size>
         <input_file_ref idref="fl-36"/>
      </object_component>
      <object_component id="oc-77">
         <name>.debug_info</name>
         <load_address>0x15ef</load_address>
         <run_address>0x15ef</run_address>
         <size>0x312</size>
         <input_file_ref idref="fl-35"/>
      </object_component>
      <object_component id="oc-7b">
         <name>.debug_info</name>
         <load_address>0x1901</load_address>
         <run_address>0x1901</run_address>
         <size>0x124</size>
         <input_file_ref idref="fl-35"/>
      </object_component>
      <object_component id="oc-7c">
         <name>.debug_info</name>
         <load_address>0x1a25</load_address>
         <run_address>0x1a25</run_address>
         <size>0x39</size>
         <input_file_ref idref="fl-35"/>
      </object_component>
      <object_component id="oc-82">
         <name>.debug_info</name>
         <load_address>0x1a5e</load_address>
         <run_address>0x1a5e</run_address>
         <size>0x1c6</size>
         <input_file_ref idref="fl-3"/>
      </object_component>
      <object_component id="oc-88">
         <name>.debug_info</name>
         <load_address>0x1c24</load_address>
         <run_address>0x1c24</run_address>
         <size>0xe5</size>
         <input_file_ref idref="fl-11"/>
      </object_component>
      <object_component id="oc-8b">
         <name>.debug_info</name>
         <load_address>0x1d09</load_address>
         <run_address>0x1d09</run_address>
         <size>0x134</size>
         <input_file_ref idref="fl-13"/>
      </object_component>
      <object_component id="oc-8f">
         <name>.debug_info</name>
         <load_address>0x1e3d</load_address>
         <run_address>0x1e3d</run_address>
         <size>0x89</size>
         <input_file_ref idref="fl-33"/>
      </object_component>
      <object_component id="oc-95">
         <name>.debug_info</name>
         <load_address>0x1ec6</load_address>
         <run_address>0x1ec6</run_address>
         <size>0x84</size>
         <input_file_ref idref="fl-2"/>
      </object_component>
      <object_component id="oc-9b">
         <name>.debug_info</name>
         <load_address>0x1f4a</load_address>
         <run_address>0x1f4a</run_address>
         <size>0xe2</size>
         <input_file_ref idref="fl-3a"/>
      </object_component>
      <object_component id="oc-a0">
         <name>.debug_info</name>
         <load_address>0x202c</load_address>
         <run_address>0x202c</run_address>
         <size>0x1bc</size>
         <input_file_ref idref="fl-17"/>
      </object_component>
      <object_component id="oc-a5">
         <name>.debug_info</name>
         <load_address>0x21e8</load_address>
         <run_address>0x21e8</run_address>
         <size>0x126</size>
         <input_file_ref idref="fl-17"/>
      </object_component>
      <object_component id="oc-aa">
         <name>.debug_info</name>
         <load_address>0x230e</load_address>
         <run_address>0x230e</run_address>
         <size>0x187</size>
         <input_file_ref idref="fl-18"/>
      </object_component>
      <object_component id="oc-af">
         <name>.debug_info</name>
         <load_address>0x2495</load_address>
         <run_address>0x2495</run_address>
         <size>0x16b</size>
         <input_file_ref idref="fl-16"/>
      </object_component>
      <object_component id="oc-b4">
         <name>.debug_info</name>
         <load_address>0x2600</load_address>
         <run_address>0x2600</run_address>
         <size>0x11c</size>
         <input_file_ref idref="fl-15"/>
      </object_component>
      <object_component id="oc-b9">
         <name>.debug_info</name>
         <load_address>0x271c</load_address>
         <run_address>0x271c</run_address>
         <size>0x103</size>
         <input_file_ref idref="fl-13"/>
      </object_component>
      <object_component id="oc-be">
         <name>.debug_info</name>
         <load_address>0x281f</load_address>
         <run_address>0x281f</run_address>
         <size>0x103</size>
         <input_file_ref idref="fl-13"/>
      </object_component>
      <object_component id="oc-c3">
         <name>.debug_info</name>
         <load_address>0x2922</load_address>
         <run_address>0x2922</run_address>
         <size>0x13d</size>
         <input_file_ref idref="fl-15"/>
      </object_component>
      <object_component id="oc-c8">
         <name>.debug_info</name>
         <load_address>0x2a5f</load_address>
         <run_address>0x2a5f</run_address>
         <size>0x151</size>
         <input_file_ref idref="fl-15"/>
      </object_component>
      <object_component id="oc-cd">
         <name>.debug_info</name>
         <load_address>0x2bb0</load_address>
         <run_address>0x2bb0</run_address>
         <size>0x12c</size>
         <input_file_ref idref="fl-15"/>
      </object_component>
      <object_component id="oc-d2">
         <name>.debug_info</name>
         <load_address>0x2cdc</load_address>
         <run_address>0x2cdc</run_address>
         <size>0x114</size>
         <input_file_ref idref="fl-14"/>
      </object_component>
      <object_component id="oc-d7">
         <name>.debug_info</name>
         <load_address>0x2df0</load_address>
         <run_address>0x2df0</run_address>
         <size>0x25b</size>
         <input_file_ref idref="fl-15"/>
      </object_component>
      <object_component id="oc-dc">
         <name>.debug_info</name>
         <load_address>0x304b</load_address>
         <run_address>0x304b</run_address>
         <size>0x2b4</size>
         <input_file_ref idref="fl-2"/>
      </object_component>
      <object_component id="oc-e1">
         <name>.debug_info</name>
         <load_address>0x32ff</load_address>
         <run_address>0x32ff</run_address>
         <size>0x6d</size>
         <input_file_ref idref="fl-2"/>
      </object_component>
      <object_component id="oc-e6">
         <name>.debug_info</name>
         <load_address>0x336c</load_address>
         <run_address>0x336c</run_address>
         <size>0x8b</size>
         <input_file_ref idref="fl-13"/>
      </object_component>
      <object_component id="oc-ed">
         <name>.debug_info</name>
         <load_address>0x33f7</load_address>
         <run_address>0x33f7</run_address>
         <size>0x112</size>
         <input_file_ref idref="fl-3f"/>
      </object_component>
      <object_component id="oc-ee">
         <name>.debug_info</name>
         <load_address>0x3509</load_address>
         <run_address>0x3509</run_address>
         <size>0x2c</size>
         <input_file_ref idref="fl-35"/>
      </object_component>
      <object_component id="oc-f3">
         <name>.debug_info</name>
         <load_address>0x3535</load_address>
         <run_address>0x3535</run_address>
         <size>0x46</size>
         <input_file_ref idref="fl-34"/>
      </object_component>
      <object_component id="oc-f8">
         <name>.debug_info</name>
         <load_address>0x357b</load_address>
         <run_address>0x357b</run_address>
         <size>0x15a</size>
         <input_file_ref idref="fl-34"/>
      </object_component>
      <object_component id="oc-f9">
         <name>.debug_info</name>
         <load_address>0x36d5</load_address>
         <run_address>0x36d5</run_address>
         <size>0x11a</size>
         <input_file_ref idref="fl-36"/>
      </object_component>
      <object_component id="oc-fb">
         <name>.debug_info</name>
         <load_address>0x37ef</load_address>
         <run_address>0x37ef</run_address>
         <size>0x84</size>
         <input_file_ref idref="fl-35"/>
      </object_component>
      <object_component id="oc-103">
         <name>.debug_info</name>
         <load_address>0x3873</load_address>
         <run_address>0x3873</run_address>
         <size>0x51f</size>
         <input_file_ref idref="fl-3"/>
      </object_component>
      <object_component id="oc-10a">
         <name>.debug_info</name>
         <load_address>0x3d92</load_address>
         <run_address>0x3d92</run_address>
         <size>0x24e</size>
         <input_file_ref idref="fl-11"/>
      </object_component>
      <object_component id="oc-10d">
         <name>.debug_info</name>
         <load_address>0x3fe0</load_address>
         <run_address>0x3fe0</run_address>
         <size>0x1d6</size>
         <input_file_ref idref="fl-13"/>
      </object_component>
      <object_component id="oc-110">
         <name>.debug_info</name>
         <load_address>0x41b6</load_address>
         <run_address>0x41b6</run_address>
         <size>0x235</size>
         <input_file_ref idref="fl-2"/>
      </object_component>
      <object_component id="oc-115">
         <name>.debug_info</name>
         <load_address>0x43eb</load_address>
         <run_address>0x43eb</run_address>
         <size>0x160</size>
         <input_file_ref idref="fl-14"/>
      </object_component>
      <object_component id="oc-11a">
         <name>.debug_info</name>
         <load_address>0x454b</load_address>
         <run_address>0x454b</run_address>
         <size>0x103</size>
         <input_file_ref idref="fl-17"/>
      </object_component>
      <object_component id="oc-11f">
         <name>.debug_info</name>
         <load_address>0x464e</load_address>
         <run_address>0x464e</run_address>
         <size>0x123</size>
         <input_file_ref idref="fl-16"/>
      </object_component>
      <object_component id="oc-124">
         <name>.debug_info</name>
         <load_address>0x4771</load_address>
         <run_address>0x4771</run_address>
         <size>0x10d</size>
         <input_file_ref idref="fl-17"/>
      </object_component>
      <object_component id="oc-129">
         <name>.debug_info</name>
         <load_address>0x487e</load_address>
         <run_address>0x487e</run_address>
         <size>0x12a</size>
         <input_file_ref idref="fl-14"/>
      </object_component>
      <object_component id="oc-12e">
         <name>.debug_info</name>
[...]
      <symbol id="sm-5dc">
         <name>nwk_pingInit</name>
         <value>0xe660</value>
         <object_component_ref idref="oc-364"/>
      </symbol>
      <symbol id="sm-5f6">
         <name>nwk_mgmtInit</name>
         <value>0xe656</value>
         <object_component_ref idref="oc-36e"/>
      </symbol>
      <symbol id="sm-5f7">
         <name>nwk_processMgmt</name>
         <value>0xda3e</value>
         <object_component_ref idref="oc-4fa"/>
      </symbol>
      <symbol id="sm-63f">
         <name>nwk_linkInit</name>
         <value>0xdc82</value>
         <object_component_ref idref="oc-373"/>
      </symbol>
      <symbol id="sm-640">
         <name>nwk_setLinkToken</name>
         <value>0xe558</value>
         <object_component_ref idref="oc-3bd"/>
      </symbol>
      <symbol id="sm-641">
         <name>nwk_processLink</name>
         <value>0xe06a</value>
         <object_component_ref idref="oc-4e6"/>
      </symbol>
      <symbol id="sm-689">
         <name>nwk_processJoin</name>
         <value>0xe288</value>
         <object_component_ref idref="oc-4eb"/>
      </symbol>
      <symbol id="sm-68a">
         <name>nwk_joinInit</name>
         <value>0xe044</value>
         <object_component_ref idref="oc-369"/>
      </symbol>
      <symbol id="sm-68b">
         <name>nwk_join</name>
         <value>0xc368</value>
         <object_component_ref idref="oc-234"/>
      </symbol>
      <symbol id="sm-6bf">
         <name>nwk_radioControl</name>
         <value>0xd072</value>
         <object_component_ref idref="oc-2fd"/>
      </symbol>
      <symbol id="sm-6c0">
         <name>nwk_rawSend</name>
         <value>0xd2d0</value>
         <object_component_ref idref="oc-302"/>
      </symbol>
      <symbol id="sm-6c1">
         <name>nwk_rawReceive</name>
         <value>0xdd78</value>
         <object_component_ref idref="oc-307"/>
      </symbol>
      <symbol id="sm-6c2">
         <name>nwk_connectionControl</name>
         <value>0xdff8</value>
         <object_component_ref idref="oc-2f3"/>
      </symbol>
      <symbol id="sm-6c3">
         <name>nwk_deviceAddress</name>
         <value>0xdb86</value>
         <object_component_ref idref="oc-2f8"/>
      </symbol>
      <symbol id="sm-74c">
         <name>nwk_getChannel</name>
         <value>0xe68c</value>
         <object_component_ref idref="oc-455"/>
      </symbol>
      <symbol id="sm-74d">
         <name>nwk_setChannel</name>
         <value>0xe338</value>
         <object_component_ref idref="oc-220"/>
      </symbol>
      <symbol id="sm-74e">
         <name>nwk_freqControl</name>
         <value>0xd9ca</value>
         <object_component_ref idref="oc-30c"/>
      </symbol>
      <symbol id="sm-74f">
         <name>nwk_freqInit</name>
         <value>0xe448</value>
         <object_component_ref idref="oc-35f"/>
      </symbol>
      <symbol id="sm-750">
         <name>nwk_scanForChannels</name>
         <value>0xc5be</value>
         <object_component_ref idref="oc-39d"/>
      </symbol>
      <symbol id="sm-751">
         <name>nwk_processFreq</name>
         <value>0xdcb4</value>
         <object_component_ref idref="oc-4f5"/>
      </symbol>
      <symbol id="sm-75f">
         <name>TI_getRandomIntegerFromVLO</name>
         <value>0xcdec</value>
         <object_component_ref idref="oc-2df"/>
      </symbol>
      <symbol id="sm-760">
         <name>TI_getRandomIntegerFromADC</name>
         <value>0xcdc4</value>
         <object_component_ref idref="oc-2df"/>
      </symbol>
      <symbol id="sm-776">
         <name>USCI0RX_ISR</name>
         <value>0xe0da</value>
         <object_component_ref idref="oc-45"/>
      </symbol>
      <symbol id="sm-777">
         <name>uart_rx_isr_ptr</name>
         <value>0x2de</value>
         <object_component_ref idref="oc-87"/>
      </symbol>
      <symbol id="sm-7b1">
         <name>tick</name>
         <value>0x2c4</value>
         <object_component_ref idref="oc-8a"/>
      </symbol>
      <symbol id="sm-7b2">
         <name>resetLocalTime</name>
         <value>0xe66a</value>
         <object_component_ref idref="oc-152"/>
      </symbol>
      <symbol id="sm-7b3">
         <name>local_time</name>
         <value>0x2c8</value>
         <object_component_ref idref="oc-8a"/>
      </symbol>
      <symbol id="sm-7b4">
         <name>getLocalTime</name>
         <value>0xe642</value>
         <object_component_ref idref="oc-15a"/>
      </symbol>
      <symbol id="sm-7b5">
         <name>timerA0_isr</name>
         <value>0xe122</value>
         <object_component_ref idref="oc-4b"/>
      </symbol>
      <symbol id="sm-7b6">
         <name>resetTick</name>
         <value>0xe6d8</value>
         <object_component_ref idref="oc-bd"/>
      </symbol>
      <symbol id="sm-7b7">
         <name>tock</name>
         <value>0x2c6</value>
         <object_component_ref idref="oc-8a"/>
      </symbol>
      <symbol id="sm-7b8">
         <name>tick_period</name>
         <value>0x2cc</value>
         <object_component_ref idref="oc-8a"/>
      </symbol>
      <symbol id="sm-7b9">
         <name>initTick</name>
         <value>0xe522</value>
         <object_component_ref idref="oc-137"/>
      </symbol>
      <symbol id="sm-7ba">
         <name>getTick</name>
         <value>0xe67c</value>
         <object_component_ref idref="oc-b8"/>
      </symbol>
      <symbol id="sm-831">
         <name>initAddr</name>
         <value>0xd414</value>
         <object_component_ref idref="oc-114"/>
      </symbol>
      <symbol id="sm-832">
         <name>clearMessageWaiting</name>
         <value>0xe6a2</value>
         <object_component_ref idref="oc-190"/>
      </symbol>
      <symbol id="sm-833">
         <name>getSender</name>
         <value>0xe3bc</value>
         <object_component_ref idref="oc-181"/>
      </symbol>
      <symbol id="sm-834">
         <name>my_SMPL_Receive</name>
         <value>0xd374</value>
         <object_component_ref idref="oc-282"/>
      </symbol>
      <symbol id="sm-835">
         <name>clearRxBuf</name>
         <value>0xdfd2</value>
         <object_component_ref idref="oc-143"/>
      </symbol>
      <symbol id="sm-836">
         <name>sRxCallback</name>
         <value>0xe694</value>
         <object_component_ref idref="oc-12d"/>
      </symbol>
      <symbol id="sm-837">
         <name>messageWaiting</name>
         <value>0xe6b4</value>
         <object_component_ref idref="oc-d1"/>
      </symbol>
      <symbol id="sm-838">
         <name>radioRx</name>
         <value>0xddd8</value>
         <object_component_ref idref="oc-178"/>
      </symbol>
      <symbol id="sm-839">
         <name>createRandomAddress</name>
         <value>0xd0ea</value>
         <object_component_ref idref="oc-1f4"/>
      </symbol>
      <symbol id="sm-83a">
         <name>radioTx</name>
         <value>0xdce6</value>
         <object_component_ref idref="oc-16d"/>
      </symbol>
      <symbol id="sm-83b">
         <name>broadcastMessage</name>
         <value>0xe474</value>
         <object_component_ref idref="oc-172"/>
      </symbol>
      <symbol id="sm-83c">
         <name>initRadioState</name>
         <value>0xe598</value>
         <object_component_ref idref="oc-128"/>
      </symbol>
      <symbol id="sm-83d">
         <name>getRSSI</name>
         <value>0xdf0c</value>
         <object_component_ref idref="oc-186"/>
      </symbol>
      <symbol id="sm-8b2">
         <name>next_state</name>
         <value>0xe684</value>
         <object_component_ref idref="oc-c2"/>
      </symbol>
      <symbol id="sm-8b3">
         <name>listen</name>
         <value>0xe5a6</value>
         <object_component_ref idref="oc-cc"/>
      </symbol>
      <symbol id="sm-8b4">
         <name>hear</name>
         <value>0xd324</value>
         <object_component_ref idref="oc-d6"/>
      </symbol>
      <symbol id="sm-8b5">
         <name>main</name>
         <value>0xc984</value>
         <object_component_ref idref="oc-5c"/>
      </symbol>
      <symbol id="sm-8b6">
         <name>shout</name>
         <value>0xdf84</value>
         <object_component_ref idref="oc-c7"/>
      </symbol>
      <symbol id="sm-8b7">
         <name>sleep</name>
         <value>0xe5de</value>
         <object_component_ref idref="oc-b3"/>
      </symbol>
      <symbol id="sm-915">
         <name>rssiOverflow</name>
         <value>0xe6de</value>
         <object_component_ref idref="oc-267"/>
      </symbol>
      <symbol id="sm-916">
         <name>pushRssiLog</name>
         <value>0xcc78</value>
         <object_component_ref idref="oc-18b"/>
      </symbol>
      <symbol id="sm-917">
         <name>pushEventLog</name>
         <value>0xd626</value>
         <object_component_ref idref="oc-ae"/>
      </symbol>
      <symbol id="sm-918">
         <name>initLog</name>
         <value>0xe64c</value>
         <object_component_ref idref="oc-11e"/>
      </symbol>
      <symbol id="sm-919">
         <name>clearEventLog</name>
         <value>0xe62e</value>
         <object_component_ref idref="oc-201"/>
      </symbol>
      <symbol id="sm-91a">
         <name>clearRssiLog</name>
         <value>0xe638</value>
         <object_component_ref idref="oc-206"/>
      </symbol>
      <symbol id="sm-91b">
         <name>eventOverflow</name>
         <value>0xe6ae</value>
         <object_component_ref idref="oc-248"/>
      </symbol>
      <symbol id="sm-91c">
         <name>popEventLog</name>
         <value>0xd914</value>
         <object_component_ref idref="oc-252"/>
      </symbol>
      <symbol id="sm-91d">
         <name>popRssiLog</name>
         <value>0xd546</value>
         <object_component_ref idref="oc-26c"/>
      </symbol>
      <symbol id="sm-91e">
         <name>addrIsEqual</name>
         <value>0xda78</value>
         <object_component_ref idref="oc-289"/>
      </symbol>
      <symbol id="sm-93a">
         <name>isBeacon</name>
         <value>0xd810</value>
         <object_component_ref idref="oc-a4"/>
      </symbol>
      <symbol id="sm-93b">
         <name>init</name>
         <value>0xdab0</value>
         <object_component_ref idref="oc-9f"/>
      </symbol>
      <symbol id="sm-93c">
         <name>init_Timer0_A0</name>
         <value>0xe49c</value>
         <object_component_ref idref="oc-123"/>
      </symbol>
      <symbol id="sm-93d">
         <name>initClock</name>
         <value>0xe3d4</value>
         <object_component_ref idref="oc-119"/>
      </symbol>
      <symbol id="sm-98a">
         <name>checkin</name>
         <value>0xe208</value>
         <object_component_ref idref="oc-a9"/>
      </symbol>
      <symbol id="sm-98b">
         <name>sendOverflowLogMessage</name>
         <value>0xe404</value>
         <object_component_ref idref="oc-24d"/>
      </symbol>
      <symbol id="sm-98c">
         <name>formatRssiLogMsg</name>
         <value>0xdeb8</value>
         <object_component_ref idref="oc-271"/>
      </symbol>
      <symbol id="sm-98d">
         <name>formatEventLogMsg</name>
         <value>0xe300</value>
         <object_component_ref idref="oc-257"/>
      </symbol>
      <symbol id="sm-98e">
         <name>dumpEventLog</name>
         <value>0xd7cc</value>
         <object_component_ref idref="oc-148"/>
      </symbol>
      <symbol id="sm-98f">
         <name>dumpRssiLog</name>
         <value>0xd4ae</value>
         <object_component_ref idref="oc-14d"/>
      </symbol>
      <symbol id="sm-990">
         <name>changeChannel</name>
         <value>0xe3a4</value>
         <object_component_ref idref="oc-13e"/>
      </symbol>
      <symbol id="sm-999">
         <name>__mspabi_sral</name>
         <value>0xe56a</value>
         <object_component_ref idref="oc-33d"/>
      </symbol>
      <symbol id="sm-9ab">
         <name>_c_int00_noexit</name>
         <value>0xe38a</value>
         <object_component_ref idref="oc-2e"/>
      </symbol>
      <symbol id="sm-9ac">
         <name>_c_int00</name>
         <value>0xe38a</value>
         <object_component_ref idref="oc-2e"/>
      </symbol>
      <symbol id="sm-9ad">
         <name>_stack</name>
         <value>0x3b0</value>
         <object_component_ref idref="oc-51"/>
      </symbol>
      <symbol id="sm-9ae">
         <name>_reset_vector</name>
         <value>0xfffe</value>
         <object_component_ref idref="oc-2f"/>
      </symbol>
      <symbol id="sm-9c2">
         <name>__TI_decompress_none</name>
         <value>0xe510</value>
         <object_component_ref idref="oc-33"/>
      </symbol>
      <symbol id="sm-9ea">
         <name>__TI_decompress_rle24</name>
         <value>0xe6a8</value>
         <object_component_ref idref="oc-3b"/>
      </symbol>
      <symbol id="sm-9fb">
         <name>__TI_zero_init</name>
         <value>0xe488</value>
         <object_component_ref idref="oc-37"/>
      </symbol>
      <symbol id="sm-a06">
         <name>__mspabi_remi</name>
         <value>0xde62</value>
         <object_component_ref idref="oc-2b1"/>
      </symbol>
      <symbol id="sm-a07">
         <name>__mspabi_divi</name>
         <value>0xde62</value>
         <object_component_ref idref="oc-2b1"/>
      </symbol>
      <symbol id="sm-a10">
         <name>__mspabi_remu</name>
         <value>0xe45e</value>
         <object_component_ref idref="oc-413"/>
      </symbol>
      <symbol id="sm-a11">
         <name>__mspabi_divu</name>
         <value>0xe45e</value>
         <object_component_ref idref="oc-413"/>
      </symbol>
      <symbol id="sm-a1e">
         <name>__mspabi_remul</name>
         <value>0xd278</value>
         <object_component_ref idref="oc-345"/>
      </symbol>
      <symbol id="sm-a1f">
         <name>__mspabi_divul</name>
         <value>0xd278</value>
         <object_component_ref idref="oc-345"/>
      </symbol>
      <symbol id="sm-a26">
         <name>__mspabi_func_epilog_2</name>
         <value>0xe584</value>
         <object_component_ref idref="oc-9a"/>
      </symbol>
      <symbol id="sm-a27">
         <name>__mspabi_func_epilog_3</name>
         <value>0xe582</value>
         <object_component_ref idref="oc-9a"/>
      </symbol>
      <symbol id="sm-a28">
         <name>__mspabi_func_epilog_1</name>
         <value>0xe586</value>
         <object_component_ref idref="oc-9a"/>
      </symbol>
      <symbol id="sm-a29">
         <name>__mspabi_func_epilog_6</name>
         <value>0xe57c</value>
         <object_component_ref idref="oc-9a"/>
      </symbol>
      <symbol id="sm-a2a">
         <name>__mspabi_func_epilog_7</name>
         <value>0xe57a</value>
         <object_component_ref idref="oc-9a"/>
      </symbol>
      <symbol id="sm-a2b">
         <name>__mspabi_func_epilog_4</name>
         <value>0xe580</value>
         <object_component_ref idref="oc-9a"/>
      </symbol>
      <symbol id="sm-a2c">
         <name>__mspabi_func_epilog_5</name>
         <value>0xe57e</value>
         <object_component_ref idref="oc-9a"/>
      </symbol>
      <symbol id="sm-a34">
         <name>C$$EXIT</name>
         <value>0xe6e4</value>
         <object_component_ref idref="oc-61"/>
      </symbol>
      <symbol id="sm-a35">
         <name>abort</name>
         <value>0xe6e4</value>
         <object_component_ref idref="oc-61"/>
      </symbol>
      <symbol id="sm-a3d">
         <name>__mspabi_srli_8</name>
         <value>0xd5bc</value>
         <object_component_ref idref="oc-349"/>
      </symbol>
      <symbol id="sm-a3e">
         <name>__mspabi_srli_9</name>
         <value>0xd5b8</value>
         <object_component_ref idref="oc-349"/>
      </symbol>
      <symbol id="sm-a3f">
         <name>__mspabi_srli_6</name>
         <value>0xd5c4</value>
         <object_component_ref idref="oc-349"/>
      </symbol>
      <symbol id="sm-a40">
         <name>__mspabi_srli_7</name>
         <value>0xd5c0</value>
         <object_component_ref idref="oc-349"/>
      </symbol>
      <symbol id="sm-a41">
         <name>__mspabi_srli_4</name>
         <value>0xd5cc</value>
         <object_component_ref idref="oc-349"/>
      </symbol>
      <symbol id="sm-a42">
         <name>__mspabi_srli_5</name>
         <value>0xd5c8</value>
         <object_component_ref idref="oc-349"/>
      </symbol>
      <symbol id="sm-a43">
         <name>__mspabi_srli_2</name>
         <value>0xd5d4</value>
         <object_component_ref idref="oc-349"/>
      </symbol>
      <symbol id="sm-a44">
         <name>__mspabi_srli_3</name>
         <value>0xd5d0</value>
         <object_component_ref idref="oc-349"/>
      </symbol>
      <symbol id="sm-a45">
         <name>__mspabi_srli_1</name>
         <value>0xd5d8</value>
         <object_component_ref idref="oc-349"/>
      </symbol>
      <symbol id="sm-a46">
         <name>__mspabi_srli</name>
         <value>0xd592</value>
         <object_component_ref idref="oc-349"/>
      </symbol>
      <symbol id="sm-a47">
         <name>__mspabi_srli_15</name>
         <value>0xd5a0</value>
         <object_component_ref idref="oc-349"/>
      </symbol>
      <symbol id="sm-a48">
         <name>__mspabi_srli_14</name>
         <value>0xd5a4</value>
         <object_component_ref idref="oc-349"/>
      </symbol>
      <symbol id="sm-a49">
         <name>__mspabi_srli_13</name>
         <value>0xd5a8</value>
         <object_component_ref idref="oc-349"/>
      </symbol>
      <symbol id="sm-a4a">
         <name>__mspabi_srli_12</name>
         <value>0xd5ac</value>
         <object_component_ref idref="oc-349"/>
      </symbol>
      <symbol id="sm-a4b">
         <name>__mspabi_srli_11</name>
         <value>0xd5b0</value>
         <object_component_ref idref="oc-349"/>
      </symbol>
      <symbol id="sm-a4c">
         <name>__mspabi_srli_10</name>
         <value>0xd5b4</value>
         <object_component_ref idref="oc-349"/>
      </symbol>
      <symbol id="sm-a59">
         <name>memcmp</name>
         <value>0xe0fe</value>
         <object_component_ref idref="oc-404"/>
      </symbol>
      <symbol id="sm-a6a">
         <name>memcpy</name>
         <value>0xe534</value>
         <object_component_ref idref="oc-66"/>
      </symbol>
      <symbol id="sm-a77">
         <name>memmove</name>
         <value>0xe248</value>
         <object_component_ref idref="oc-4b0"/>
      </symbol>
      <symbol id="sm-a83">
         <name>memset</name>
         <value>0xe4c4</value>
         <object_component_ref idref="oc-1b8"/>
      </symbol>
      <symbol id="sm-a8c">
         <name>__mspabi_mpyi</name>
         <value>0xe4d8</value>
         <object_component_ref idref="oc-15f"/>
      </symbol>
      <symbol id="sm-a95">
         <name>__mspabi_mpyl</name>
         <value>0xe090</value>
         <object_component_ref idref="oc-341"/>
      </symbol>
      <symbol id="sm-aa2">
         <name>_auto_init</name>
         <value>0xd21a</value>
         <object_component_ref idref="oc-58"/>
      </symbol>
      <symbol id="sm-aa3">
         <name>__TI_exit</name>
         <value>0x1</value>
      </symbol>
      <symbol id="sm-aa4">
         <name>__TI_args_main</name>
         <value>0x1</value>
      </symbol>
      <symbol id="sm-aa5">
         <name>__TI_INITARRAY_Base</name>
         <value>0x0</value>
      </symbol>
      <symbol id="sm-aa6">
         <name>__TI_INITARRAY_Limit</name>
         <value>0x0</value>
      </symbol>
   </symbol_table>
</link_info>
