******************************************************************************
                  MSP430 Linker PC v4.1.2                      
******************************************************************************
>> Linked Sun Oct 13 15:10:18 2013

OUTPUT FILE NAME:   <SimpliciTI test.out>
ENTRY POINT SYMBOL: "_c_int00"  address: 0000dbb2


MEMORY CONFIGURATION

         name            origin    length      used     unused   attr    fill
----------------------  --------  ---------  --------  --------  ----  --------
  SFR                   00000000   00000010  00000000  00000010  RWIX
  PERIPHERALS_8BIT      00000010   000000f0  00000000  000000f0  RWIX
  PERIPHERALS_16BIT     00000100   00000100  00000000  00000100  RWIX
  RAM                   00000200   00000200  00000193  0000006d  RWIX
  INFOD                 00001000   00000040  00000000  00000040  RWIX
  INFOC                 00001040   00000040  00000000  00000040  RWIX
  INFOB                 00001080   00000040  00000000  00000040  RWIX
  INFOA                 000010c0   00000040  00000000  00000040  RWIX
  FLASH                 0000c000   00003fe0  00001ed9  00002107  RWIX
  INT00                 0000ffe0   00000002  00000000  00000002  RWIX
  INT01                 0000ffe2   00000002  00000000  00000002  RWIX
  INT02                 0000ffe4   00000002  00000000  00000002  RWIX
  INT03                 0000ffe6   00000002  00000002  00000000  RWIX
  INT04                 0000ffe8   00000002  00000000  00000002  RWIX
  INT05                 0000ffea   00000002  00000000  00000002  RWIX
  INT06                 0000ffec   00000002  00000000  00000002  RWIX
  INT07                 0000ffee   00000002  00000000  00000002  RWIX
  INT08                 0000fff0   00000002  00000000  00000002  RWIX
  INT09                 0000fff2   00000002  00000002  00000000  RWIX
  INT10                 0000fff4   00000002  00000000  00000002  RWIX
  INT11                 0000fff6   00000002  00000000  00000002  RWIX
  INT12                 0000fff8   00000002  00000000  00000002  RWIX
  INT13                 0000fffa   00000002  00000000  00000002  RWIX
  INT14                 0000fffc   00000002  00000000  00000002  RWIX
  RESET                 0000fffe   00000002  00000002  00000000  RWIX


SECTION ALLOCATION MAP

 output                                  attributes/
section   page    origin      length       input sections
--------  ----  ----------  ----------   ----------------
.init_array 
*          0    0000c000    00000000     UNINITIALIZED

.bss       0    00000200    000000ec     UNINITIALIZED
                  00000200    00000068     nwk_QMgmt.obj (.bss)
                  00000268    00000054     log.obj (.bss)
                  000002bc    00000018     mrfi.obj (.bss)
                  000002d4    00000008     nwk_globals.obj (.bss)
                  000002dc    00000008     tick.obj (.bss)
                  000002e4    00000006     radio.obj (.bss)
                  000002ea    00000002     nwk_link.obj (.bss)

.TI.noinit 
*          0    00000200    00000000     UNINITIALIZED

.data      0    000002ec    00000057     
                  000002ec    00000026     nwk.obj (.data)
                  00000312    00000009     mrfi.obj (.data)
                  0000031b    00000001     --HOLE--
                  0000031c    00000008     nwk_frame.obj (.data)
                  00000324    00000007     nwk_join.obj (.data)
                  0000032b    00000001     --HOLE--
                  0000032c    00000007     nwk_link.obj (.data)
                  00000333    00000001     --HOLE--
                  00000334    00000004     mrfi.obj (.data:mrfiRxFilterAddr)
                  00000338    00000003     nwk_mgmt.obj (.data)
                  0000033b    00000001     --HOLE--
                  0000033c    00000001     bsp.obj (.data)
                  0000033d    00000001     --HOLE--
                  0000033e    00000001     nwk_api.obj (.data)
                  0000033f    00000001     --HOLE--
                  00000340    00000001     nwk_globals.obj (.data)
                  00000341    00000001     --HOLE--
                  00000342    00000001     nwk_ping.obj (.data)

.TI.persistent 
*          0    000002ec    00000000     UNINITIALIZED

.stack     0    000003b0    00000050     UNINITIALIZED
                  000003b0    00000002     rts430_eabi.lib : boot.obj (.stack)
                  000003b2    0000004e     --HOLE--

.text      0    0000c000    00001e5a     
                  0000c000    000001d0     mrfi.obj (.text:MRFI_Init)
                  0000c1d0    00000198     nwk_link.obj (.text:smpl_send_link_reply)
                  0000c368    0000012a     nwk_QMgmt.obj (.text:nwk_QfindOldest)
                  0000c492    00000102     mrfi.obj (.text:MRFI_Transmit)
                  0000c594    000000fa     nwk_join.obj (.text:nwk_join)
                  0000c68e    000000de     nwk.obj (.text:nwk_allocateLocalRxPort)
                  0000c76c    000000d8     mrfi.obj (.text:Mrfi_SyncPinRxIsr)
                  0000c844    000000b2     nwk_frame.obj (.text:nwk_retrieveFrame)
                  0000c8f6    000000b0     nwk_api.obj (.text:SMPL_Ioctl)
                  0000c9a6    000000ae     nwk_frame.obj (.text:dispatchFrame)
                  0000ca54    0000009e     nwk_frame.obj (.text:nwk_buildFrame)
                  0000caf2    0000009e     vlo_rand.obj (.text)
                  0000cb90    0000008a     mrfi.obj (.text:spiBurstFifoAccess)
                  0000cc1a    00000086     nwk.obj (.text:nwk_nwkInit)
                  0000cca0    00000082     nwk_QMgmt.obj (.text:nwk_QfindSlot)
                  0000cd22    00000078     nwk_ioctl.obj (.text:nwk_radioControl)
                  0000cd9a    0000006a     radio.obj (.text:createRandomAddress)
                  0000ce04    00000068     nwk.obj (.text:nwk_isConnectionValid)
                  0000ce6c    0000005e     rts430_eabi.lib : copy_decompress_rle.obj (.text:__TI_decompress_rle_core)
                  0000ceca    0000005e                     : autoinit.obj (.text:_auto_init)
                  0000cf28    00000058                     : div32u.obj (.text)
                  0000cf80    00000054     nwk_ioctl.obj (.text:nwk_rawSend)
                  0000cfd4    00000050     nwk.obj (.text:nwk_getNextConnection)
                  0000d024    0000004e     radio.obj (.text:initAddr)
                  0000d072    0000004c     nwk_api.obj (.text:SMPL_Receive)
                  0000d0be    0000004c     mrfi.obj (.text:mrfiSpiCmdStrobe)
                  0000d10a    0000004c     rts430_eabi.lib : lsr16.obj (.text)
                  0000d156    00000048     mrfi.obj (.text:mrfiSpiInit)
                  0000d19e    00000048     mrfi.obj (.text:spiRegAccess)
                  0000d1e6    00000046     mrfi.obj (.text:MRFI_RxAddrIsFiltered)
                  0000d22c    00000046     nwk.obj (.text:nwk_isLinkDuplicate)
                  0000d272    00000046     nwk_ping.obj (.text:smpl_send_ping_reply)
                  0000d2b8    00000044     mrfi.obj (.text:MRFI_Rssi)
                  0000d2fc    0000003e     nwk.obj (.text:initializeConnection)
                  0000d33a    0000003c     mrfi.obj (.text:MRFI_ReplyDelay)
                  0000d376    0000003c     nwk.obj (.text:nwk_putNumObjectIntoMsg)
                  0000d3b2    0000003a     nwk.obj (.text:nwk_isValidReply)
                  0000d3ec    0000003a     nwk_mgmt.obj (.text:nwk_processMgmt)
                  0000d426    00000038     init.obj (.text:init)
                  0000d45e    00000036     mrfi.obj (.text:MRFI_WakeUp)
                  0000d494    00000036     main_datalog.obj (.text:main)
                  0000d4ca    00000034     mrfi.obj (.text:MRFI_SetRFPwr)
                  0000d4fe    00000034     mrfi.obj (.text:MRFI_SetRxAddrFilter)
                  0000d532    00000034     nwk_api.obj (.text:SMPL_Init)
                  0000d566    00000034     nwk_ioctl.obj (.text:nwk_deviceAddress)
                  0000d59a    00000032     mrfi.obj (.text:MRFI_SetLogicalChannel)
                  0000d5cc    00000032     nwk_QMgmt.obj (.text:nwk_QadjustOrder)
                  0000d5fe    00000032     nwk.obj (.text:nwk_getConnInfo)
                  0000d630    00000032     nwk_link.obj (.text:nwk_linkInit)
                  0000d662    00000030     mrfi.obj (.text:Mrfi_DelayUsecSem)
                  0000d692    00000030     nwk.obj (.text:map_lid2idx)
                  0000d6c2    00000030     nwk_ioctl.obj (.text:nwk_rawReceive)
                  0000d6f2    00000030     nwk_frame.obj (.text:nwk_sendFrame)
                  0000d722    00000030     radio.obj (.text:radioRx)
                  0000d752    0000002e     mrfi.obj (.text:Mrfi_CalculateRssi)
                  0000d780    0000002c     mrfi.obj (.text:Mrfi_RxModeOff)
                  0000d7ac    0000002c     rts430_eabi.lib : div16s.obj (.text)
                  0000d7d8    0000002a     mrfi.obj (.text:Mrfi_DelayUsec)
                  0000d802    0000002a     nwk.obj (.text:nwk_checkConnInfo)
                  0000d82c    00000028     nwk_ping.obj (.text:nwk_processPing)
                  0000d854    00000026     mrfi.obj (.text:Mrfi_RandomBackoffDelay)
                  0000d87a    00000026     radio.obj (.text:clearRxBuf)
                  0000d8a0    00000026     nwk_ioctl.obj (.text:nwk_connectionControl)
                  0000d8c6    00000026     nwk_globals.obj (.text:nwk_globalsInit)
                  0000d8ec    00000026     nwk_join.obj (.text:nwk_joinInit)
                  0000d912    00000026     nwk_link.obj (.text:nwk_processLink)
                  0000d938    00000026     rts430_eabi.lib : mult32.obj (.text)
                  0000d95e    00000024     mrfi.obj (.text:MRFI_Sleep)
                  0000d982    00000024     rts430_eabi.lib : memcmp.obj (.text:memcmp)
                  0000d9a6    00000022     mrfi.obj (.text:MRFI_RxOn)
                  0000d9c8    00000020     bsp.obj (.text:BSP_Init)
                  0000d9e8    00000020     bsp.obj (.text:BSP_InitBoard)
                  0000da08    00000020     mrfi.obj (.text:MRFI_EnableRxAddrFilter)
                  0000da28    00000020     nwk_frame.obj (.text:MRFI_RxCompleteISR)
                  0000da48    00000020     mrfi.obj (.text:MRFI_RxIdle)
                  0000da68    00000020     nwk_link.obj (.text:handleLinkRequest)
                  0000da88    00000020     rts430_eabi.lib : memmov.obj (.text:memmove)
                  0000daa8    00000020     nwk_frame.obj (.text:nwk_frameInit)
                  0000dac8    00000020     nwk_join.obj (.text:nwk_processJoin)
                  0000dae8    00000020     tick.obj (.text:timerA0_isr)
                  0000db08    0000001e     bsp.obj (.text:BSP_Delay)
                  0000db26    0000001e     nwk_QMgmt.obj (.text:nwk_QInit)
                  0000db44    0000001c     mrfi.obj (.text:MRFI_GpioIsr)
                  0000db60    0000001c     mrfi.obj (.text:mrfiSpiReadReg)
                  0000db7c    0000001c     nwk_globals.obj (.text:nwk_setMyAddress)
                  0000db98    0000001a     mrfi.obj (.text:BSP_GpioPort1Isr)
                  0000dbb2    0000001a     rts430_eabi.lib : boot.obj (.text:_c_int00_noexit)
                  0000dbcc    00000018     backchannel.obj (.text:changeChannel)
                  0000dbe4    00000018     init.obj (.text:initClock)
                  0000dbfc    00000018     mrfi.obj (.text:mrfiSpiWriteReg)
                  0000dc14    00000016     mrfi.obj (.text:MRFI_RandomByte)
                  0000dc2a    00000016     mrfi.obj (.text:Mrfi_RxModeOn)
                  0000dc40    00000016     rts430_eabi.lib : div16u.obj (.text)
                  0000dc56    00000014                     : copy_zero_init.obj (.text:decompress:ZI:__TI_zero_init)
                  0000dc6a    00000014     init.obj (.text:init_Timer0_A0)
                  0000dc7e    00000014     nwk_api.obj (.text:ioctlPreInitAccessIsOK)
                  0000dc92    00000014     rts430_eabi.lib : memset.obj (.text:memset)
                  0000dca6    00000014                     : mult16.obj (.text)
                  0000dcba    00000012     bsp.obj (.text:BSP_InitLeds)
                  0000dccc    00000012     rts430_eabi.lib : copy_decompress_none.obj (.text:decompress:none:__TI_decompress_none)
                  0000dcde    00000012     tick.obj (.text:initTick)
                  0000dcf0    00000012     rts430_eabi.lib : memcpy.obj (.text:memcpy)
                  0000dd02    00000012     nwk_globals.obj (.text:nwk_getMyAddress)
                  0000dd14    00000012     nwk_link.obj (.text:nwk_setLinkToken)
                  0000dd26    00000010     rts430_eabi.lib : asr32.obj (.text:l_asr)
                  0000dd36    00000010                     : epilog.obj (.text)
                  0000dd46    0000000e     mrfi.obj (.text:MRFI_Receive)
                  0000dd54    0000000e     radio.obj (.text:initRadioState)
                  0000dd62    0000000e     mrfi.obj (.text:mrfiSpiWriteTxFifo)
                  0000dd70    0000000e     nwk.obj (.text:nwk_getNumObjectFromMsg)
                  0000dd7e    0000000e     nwk_globals.obj (.text:nwk_setAPAddress)
                  0000dd8c    0000000c     mrfi.obj (.text:MRFI_PostKillSem)
                  0000dd98    0000000c     nwk_ping.obj (.text:handlePingRequest)
                  0000dda4    0000000c     mrfi.obj (.text:mrfiSpiReadRxFifo)
                  0000ddb0    0000000a     bsp.obj (.text:BSP_InitButtons)
                  0000ddba    0000000a     bsp.obj (.text:BSP_InitDrivers)
                  0000ddc4    0000000a     bsp.obj (.text:_system_pre_init)
                  0000ddce    0000000a     log.obj (.text:clearEventLog)
                  0000ddd8    0000000a     log.obj (.text:clearRssiLog)
                  0000dde2    0000000a     log.obj (.text:initLog)
                  0000ddec    0000000a     nwk_mgmt.obj (.text:nwk_mgmtInit)
                  0000ddf6    0000000a     nwk_ping.obj (.text:nwk_pingInit)
                  0000de00    00000008     radio.obj (.text:sRxCallback)
                  0000de08    00000006     mrfi.obj (.text:MRFI_GetRadioState)
                  0000de0e    00000006     radio.obj (.text:clearMessageWaiting)
                  0000de14    00000006     rts430_eabi.lib : copy_decompress_rle.obj (.text:decompress:rle24:__TI_decompress_rle24)
                  0000de1a    00000006     radio.obj (.text:messageWaiting)
                  0000de20    00000006     nwk.obj (.text:nwk_freeConnection)
                  0000de26    00000006     nwk_globals.obj (.text:nwk_getBCastAddress)
                  0000de2c    00000006     nwk_globals.obj (.text:nwk_getFWVersion)
                  0000de32    00000006     nwk_frame.obj (.text:nwk_getMyRxType)
                  0000de38    00000006     nwk_globals.obj (.text:nwk_getProtocolVersion)
                  0000de3e    00000006     tick.obj (.text:resetLocalTime)
                  0000de44    00000006     tick.obj (.text:resetTick)
                  0000de4a    00000004     rts430_eabi.lib : exit.obj (.text:abort)
                  0000de4e    00000004     nwk_freq.obj (.text:nwk_processFreq)
                  0000de52    00000004     nwk_security.obj (.text:nwk_processSecurity)
                  0000de56    00000002     nwk_freq.obj (.text:nwk_freqInit)
                  0000de58    00000002     nwk_security.obj (.text:nwk_securityInit)

.const     0    0000de5a    0000005f     
                  0000de5a    0000003e     mrfi.obj (.const:mrfiRadioCfg)
                  0000de98    0000000c     nwk_frame.obj (.const:func)
                  0000dea4    00000009     nwk_globals.obj (.const)
                  0000dead    00000001     --HOLE-- [fill = 0]
                  0000deae    00000004     mrfi.obj (.const:.string:mrfiBroadcastAddr)
                  0000deb2    00000004     mrfi.obj (.const:.string:mrfiLogicalChanTable)
                  0000deb6    00000003     mrfi.obj (.const:.string:mrfiRFPowerTable)

.cinit     0    0000deba    00000020     
                  0000deba    0000000e     (.cinit..data.load) [load image, compression = rle]
                  0000dec8    00000006     (__TI_handler_table)
                  0000dece    00000004     (.cinit..bss.load) [load image, compression = zero_init]
                  0000ded2    00000008     (__TI_cinit_table)

PORT2      0    0000ffe6    00000002     
                  0000ffe6    00000002     mrfi.obj (.int03)

TIMER0_A0 
*          0    0000fff2    00000002     
                  0000fff2    00000002     tick.obj (.int09)

.reset     0    0000fffe    00000002     
                  0000fffe    00000002     rts430_eabi.lib : boot.obj (.reset)


LINKER GENERATED COPY TABLES

__TI_cinit_table @ 0000ded2 records: 2, size/record: 4, table size: 8
	.data: load addr=0000deba, load size=0000000e bytes, run addr=000002ec, run size=00000057 bytes, compression=rle
	.bss: load addr=0000dece, load size=00000004 bytes, run addr=00000200, run size=000000ec bytes, compression=zero_init


LINKER GENERATED HANDLER TABLE

__TI_handler_table @ 0000dec8 records: 3, size/record: 2, table size: 6
	index: 0, handler: __TI_zero_init
	index: 1, handler: __TI_decompress_rle24
	index: 2, handler: __TI_decompress_none


GLOBAL SYMBOLS: SORTED ALPHABETICALLY BY Name 

address    name
--------   ----
0000004a   ADC10AE0
000001b0   ADC10CTL0
000001b2   ADC10CTL1
00000048   ADC10DTC0
00000049   ADC10DTC1
000001b4   ADC10MEM
000001bc   ADC10SA
00000057   BCSCTL1
00000058   BCSCTL2
00000053   BCSCTL3
0000db08   BSP_Delay
0000db98   BSP_GpioPort1Isr
0000d9c8   BSP_Init
0000d9e8   BSP_InitBoard
0000ddb0   BSP_InitButtons
0000ddba   BSP_InitDrivers
0000dcba   BSP_InitLeds
0000de4a   C$$EXIT
00000059   CACTL1
0000005a   CACTL2
000010fb   CALBC1_12MHZ
000010f9   CALBC1_16MHZ
000010ff   CALBC1_1MHZ
000010fd   CALBC1_8MHZ
000010fa   CALDCO_12MHZ
000010f8   CALDCO_16MHZ
000010fe   CALDCO_1MHZ
000010fc   CALDCO_8MHZ
0000005b   CAPD
00000056   DCOCTL
00000128   FCTL1
0000012a   FCTL2
0000012c   FCTL3
00000000   IE1
00000001   IE2
00000002   IFG1
00000003   IFG2
0000da08   MRFI_EnableRxAddrFilter
0000de08   MRFI_GetRadioState
0000db44   MRFI_GpioIsr
0000c000   MRFI_Init
0000dd8c   MRFI_PostKillSem
0000dc14   MRFI_RandomByte
0000dd46   MRFI_Receive
0000d33a   MRFI_ReplyDelay
0000d2b8   MRFI_Rssi
0000d1e6   MRFI_RxAddrIsFiltered
0000da28   MRFI_RxCompleteISR
0000da48   MRFI_RxIdle
0000d9a6   MRFI_RxOn
0000d59a   MRFI_SetLogicalChannel
0000d4ca   MRFI_SetRFPwr
0000d4fe   MRFI_SetRxAddrFilter
0000d95e   MRFI_Sleep
0000c492   MRFI_Transmit
0000d45e   MRFI_WakeUp
00000022   P1DIR
00000025   P1IE
00000024   P1IES
00000023   P1IFG
00000020   P1IN
00000021   P1OUT
00000027   P1REN
00000026   P1SEL
00000041   P1SEL2
0000002a   P2DIR
0000002d   P2IE
0000002c   P2IES
0000002b   P2IFG
00000028   P2IN
00000029   P2OUT
0000002f   P2REN
0000002e   P2SEL
00000042   P2SEL2
0000001a   P3DIR
00000018   P3IN
00000019   P3OUT
00000010   P3REN
0000001b   P3SEL
00000043   P3SEL2
0000d532   SMPL_Init
0000c8f6   SMPL_Ioctl
0000d072   SMPL_Receive
00000172   TA0CCR0
00000174   TA0CCR1
00000176   TA0CCR2
00000162   TA0CCTL0
00000164   TA0CCTL1
00000166   TA0CCTL2
00000160   TA0CTL
0000012e   TA0IV
00000170   TA0R
00000192   TA1CCR0
00000194   TA1CCR1
00000196   TA1CCR2
00000182   TA1CCTL0
00000184   TA1CCTL1
00000186   TA1CCTL2
00000180   TA1CTL
0000011e   TA1IV
00000190   TA1R
0000caf2   TI_getRandomIntegerFromADC
0000cb1a   TI_getRandomIntegerFromVLO
0000005d   UCA0ABCTL
00000062   UCA0BR0
00000063   UCA0BR1
00000060   UCA0CTL0
00000061   UCA0CTL1
0000005f   UCA0IRRCTL
0000005e   UCA0IRTCTL
00000064   UCA0MCTL
00000066   UCA0RXBUF
00000065   UCA0STAT
00000067   UCA0TXBUF
0000006a   UCB0BR0
0000006b   UCB0BR1
00000068   UCB0CTL0
00000069   UCB0CTL1
0000006c   UCB0I2CIE
00000118   UCB0I2COA
0000011a   UCB0I2CSA
0000006e   UCB0RXBUF
0000006d   UCB0STAT
0000006f   UCB0TXBUF
00000120   WDTCTL
00000400   __STACK_END
00000050   __STACK_SIZE
0000ded2   __TI_CINIT_Base
0000deda   __TI_CINIT_Limit
0000dec8   __TI_Handler_Table_Base
0000dece   __TI_Handler_Table_Limit
UNDEFED    __TI_INITARRAY_Base
UNDEFED    __TI_INITARRAY_Limit
00000001   __TI_args_main
0000dccc   __TI_decompress_none
0000de14   __TI_decompress_rle24
00000001   __TI_exit
0000dc56   __TI_zero_init
ffffffff   __binit__
ffffffff   __c_args__
0000d7ac   __mspabi_divi
0000dc40   __mspabi_divu
0000cf28   __mspabi_divul
0000dd42   __mspabi_func_epilog_1
0000dd40   __mspabi_func_epilog_2
0000dd3e   __mspabi_func_epilog_3
0000dd3c   __mspabi_func_epilog_4
0000dd3a   __mspabi_func_epilog_5
0000dd38   __mspabi_func_epilog_6
0000dd36   __mspabi_func_epilog_7
0000dca6   __mspabi_mpyi
0000d938   __mspabi_mpyl
0000d7ac   __mspabi_remi
0000dc40   __mspabi_remu
0000cf28   __mspabi_remul
0000dd26   __mspabi_sral
0000d10a   __mspabi_srli
0000d150   __mspabi_srli_1
0000d12c   __mspabi_srli_10
0000d128   __mspabi_srli_11
0000d124   __mspabi_srli_12
0000d120   __mspabi_srli_13
0000d11c   __mspabi_srli_14
0000d118   __mspabi_srli_15
0000d14c   __mspabi_srli_2
0000d148   __mspabi_srli_3
0000d144   __mspabi_srli_4
0000d140   __mspabi_srli_5
0000d13c   __mspabi_srli_6
0000d138   __mspabi_srli_7
0000d134   __mspabi_srli_8
0000d130   __mspabi_srli_9
0000ceca   _auto_init
0000dbb2   _c_int00
0000dbb2   _c_int00_noexit
0000fffe   _reset_vector
000003b0   _stack
0000ddc4   _system_pre_init
0000de4a   abort
ffffffff   binit
0000dbcc   changeChannel
0000ddce   clearEventLog
0000de0e   clearMessageWaiting
0000ddd8   clearRssiLog
0000d87a   clearRxBuf
0000cd9a   createRandomAddress
0000d426   init
0000d024   initAddr
0000dbe4   initClock
0000dde2   initLog
0000dd54   initRadioState
0000dcde   initTick
0000dc6a   init_Timer0_A0
000002e0   local_time
0000d494   main
0000d982   memcmp
0000dcf0   memcpy
0000da88   memmove
0000dc92   memset
0000de1a   messageWaiting
0000deae   mrfiBroadcastAddr
0000d0be   mrfiSpiCmdStrobe
0000d156   mrfiSpiInit
0000db60   mrfiSpiReadReg
0000dda4   mrfiSpiReadRxFifo
0000dbfc   mrfiSpiWriteReg
0000dd62   mrfiSpiWriteTxFifo
0000db26   nwk_QInit
0000d5cc   nwk_QadjustOrder
0000c368   nwk_QfindOldest
0000cca0   nwk_QfindSlot
0000c68e   nwk_allocateLocalRxPort
0000ca54   nwk_buildFrame
0000d802   nwk_checkConnInfo
0000d8a0   nwk_connectionControl
0000d566   nwk_deviceAddress
0000daa8   nwk_frameInit
0000de20   nwk_freeConnection
0000de56   nwk_freqInit
0000de26   nwk_getBCastAddress
0000d5fe   nwk_getConnInfo
0000de2c   nwk_getFWVersion
0000dd02   nwk_getMyAddress
0000de32   nwk_getMyRxType
0000cfd4   nwk_getNextConnection
0000dd70   nwk_getNumObjectFromMsg
0000de38   nwk_getProtocolVersion
0000d8c6   nwk_globalsInit
0000ce04   nwk_isConnectionValid
0000d22c   nwk_isLinkDuplicate
0000d3b2   nwk_isValidReply
0000c594   nwk_join
0000d8ec   nwk_joinInit
0000d630   nwk_linkInit
0000ddec   nwk_mgmtInit
0000cc1a   nwk_nwkInit
0000ddf6   nwk_pingInit
0000de4e   nwk_processFreq
0000dac8   nwk_processJoin
0000d912   nwk_processLink
0000d3ec   nwk_processMgmt
0000d82c   nwk_processPing
0000de52   nwk_processSecurity
0000d376   nwk_putNumObjectIntoMsg
0000cd22   nwk_radioControl
0000d6c2   nwk_rawReceive
0000cf80   nwk_rawSend
0000c844   nwk_retrieveFrame
0000de58   nwk_securityInit
0000d6f2   nwk_sendFrame
0000dd7e   nwk_setAPAddress
0000dd14   nwk_setLinkToken
0000db7c   nwk_setMyAddress
0000d722   radioRx
0000de3e   resetLocalTime
0000de44   resetTick
0000de00   sRxCallback
000002dc   tick
000002e2   tick_period
0000dae8   timerA0_isr
000002de   tock


GLOBAL SYMBOLS: SORTED BY Symbol Address 

address    name
--------   ----
00000000   IE1
00000001   IE2
00000001   __TI_args_main
00000001   __TI_exit
00000002   IFG1
00000003   IFG2
00000010   P3REN
00000018   P3IN
00000019   P3OUT
0000001a   P3DIR
0000001b   P3SEL
00000020   P1IN
00000021   P1OUT
00000022   P1DIR
00000023   P1IFG
00000024   P1IES
00000025   P1IE
00000026   P1SEL
00000027   P1REN
00000028   P2IN
00000029   P2OUT
0000002a   P2DIR
0000002b   P2IFG
0000002c   P2IES
0000002d   P2IE
0000002e   P2SEL
0000002f   P2REN
00000041   P1SEL2
00000042   P2SEL2
00000043   P3SEL2
00000048   ADC10DTC0
00000049   ADC10DTC1
0000004a   ADC10AE0
00000050   __STACK_SIZE
00000053   BCSCTL3
00000056   DCOCTL
00000057   BCSCTL1
00000058   BCSCTL2
00000059   CACTL1
0000005a   CACTL2
0000005b   CAPD
0000005d   UCA0ABCTL
0000005e   UCA0IRTCTL
0000005f   UCA0IRRCTL
00000060   UCA0CTL0
00000061   UCA0CTL1
00000062   UCA0BR0
00000063   UCA0BR1
00000064   UCA0MCTL
00000065   UCA0STAT
00000066   UCA0RXBUF
00000067   UCA0TXBUF
00000068   UCB0CTL0
00000069   UCB0CTL1
0000006a   UCB0BR0
0000006b   UCB0BR1
0000006c   UCB0I2CIE
0000006d   UCB0STAT
0000006e   UCB0RXBUF
0000006f   UCB0TXBUF
00000118   UCB0I2COA
0000011a   UCB0I2CSA
0000011e   TA1IV
00000120   WDTCTL
00000128   FCTL1
0000012a   FCTL2
0000012c   FCTL3
0000012e   TA0IV
00000160   TA0CTL
00000162   TA0CCTL0
00000164   TA0CCTL1
00000166   TA0CCTL2
00000170   TA0R
00000172   TA0CCR0
00000174   TA0CCR1
00000176   TA0CCR2
00000180   TA1CTL
00000182   TA1CCTL0
00000184   TA1CCTL1
00000186   TA1CCTL2
00000190   TA1R
00000192   TA1CCR0
00000194   TA1CCR1
00000196   TA1CCR2
000001b0   ADC10CTL0
000001b2   ADC10CTL1
000001b4   ADC10MEM
000001bc   ADC10SA
000002dc   tick
000002de   tock
000002e0   local_time
000002e2   tick_period
000003b0   _stack
00000400   __STACK_END
000010f8   CALDCO_16MHZ
000010f9   CALBC1_16MHZ
000010fa   CALDCO_12MHZ
000010fb   CALBC1_12MHZ
000010fc   CALDCO_8MHZ
000010fd   CALBC1_8MHZ
000010fe   CALDCO_1MHZ
000010ff   CALBC1_1MHZ
0000c000   MRFI_Init
0000c368   nwk_QfindOldest
0000c492   MRFI_Transmit
0000c594   nwk_join
0000c68e   nwk_allocateLocalRxPort
0000c844   nwk_retrieveFrame
0000c8f6   SMPL_Ioctl
0000ca54   nwk_buildFrame
0000caf2   TI_getRandomIntegerFromADC
0000cb1a   TI_getRandomIntegerFromVLO
0000cc1a   nwk_nwkInit
0000cca0   nwk_QfindSlot
0000cd22   nwk_radioControl
0000cd9a   createRandomAddress
0000ce04   nwk_isConnectionValid
0000ceca   _auto_init
0000cf28   __mspabi_divul
0000cf28   __mspabi_remul
0000cf80   nwk_rawSend
0000cfd4   nwk_getNextConnection
0000d024   initAddr
0000d072   SMPL_Receive
0000d0be   mrfiSpiCmdStrobe
0000d10a   __mspabi_srli
0000d118   __mspabi_srli_15
0000d11c   __mspabi_srli_14
0000d120   __mspabi_srli_13
0000d124   __mspabi_srli_12
0000d128   __mspabi_srli_11
0000d12c   __mspabi_srli_10
0000d130   __mspabi_srli_9
0000d134   __mspabi_srli_8
0000d138   __mspabi_srli_7
0000d13c   __mspabi_srli_6
0000d140   __mspabi_srli_5
0000d144   __mspabi_srli_4
0000d148   __mspabi_srli_3
0000d14c   __mspabi_srli_2
0000d150   __mspabi_srli_1
0000d156   mrfiSpiInit
0000d1e6   MRFI_RxAddrIsFiltered
0000d22c   nwk_isLinkDuplicate
0000d2b8   MRFI_Rssi
0000d33a   MRFI_ReplyDelay
0000d376   nwk_putNumObjectIntoMsg
0000d3b2   nwk_isValidReply
0000d3ec   nwk_processMgmt
0000d426   init
0000d45e   MRFI_WakeUp
0000d494   main
0000d4ca   MRFI_SetRFPwr
0000d4fe   MRFI_SetRxAddrFilter
0000d532   SMPL_Init
0000d566   nwk_deviceAddress
0000d59a   MRFI_SetLogicalChannel
0000d5cc   nwk_QadjustOrder
0000d5fe   nwk_getConnInfo
0000d630   nwk_linkInit
0000d6c2   nwk_rawReceive
0000d6f2   nwk_sendFrame
0000d722   radioRx
0000d7ac   __mspabi_divi
0000d7ac   __mspabi_remi
0000d802   nwk_checkConnInfo
0000d82c   nwk_processPing
0000d87a   clearRxBuf
0000d8a0   nwk_connectionControl
0000d8c6   nwk_globalsInit
0000d8ec   nwk_joinInit
0000d912   nwk_processLink
0000d938   __mspabi_mpyl
0000d95e   MRFI_Sleep
0000d982   memcmp
0000d9a6   MRFI_RxOn
0000d9c8   BSP_Init
0000d9e8   BSP_InitBoard
0000da08   MRFI_EnableRxAddrFilter
0000da28   MRFI_RxCompleteISR
0000da48   MRFI_RxIdle
0000da88   memmove
0000daa8   nwk_frameInit
0000dac8   nwk_processJoin
0000dae8   timerA0_isr
0000db08   BSP_Delay
0000db26   nwk_QInit
0000db44   MRFI_GpioIsr
0000db60   mrfiSpiReadReg
0000db7c   nwk_setMyAddress
0000db98   BSP_GpioPort1Isr
0000dbb2   _c_int00
0000dbb2   _c_int00_noexit
0000dbcc   changeChannel
0000dbe4   initClock
0000dbfc   mrfiSpiWriteReg
0000dc14   MRFI_RandomByte
0000dc40   __mspabi_divu
0000dc40   __mspabi_remu
0000dc56   __TI_zero_init
0000dc6a   init_Timer0_A0
0000dc92   memset
0000dca6   __mspabi_mpyi
0000dcba   BSP_InitLeds
0000dccc   __TI_decompress_none
0000dcde   initTick
0000dcf0   memcpy
0000dd02   nwk_getMyAddress
0000dd14   nwk_setLinkToken
0000dd26   __mspabi_sral
0000dd36   __mspabi_func_epilog_7
0000dd38   __mspabi_func_epilog_6
0000dd3a   __mspabi_func_epilog_5
0000dd3c   __mspabi_func_epilog_4
0000dd3e   __mspabi_func_epilog_3
0000dd40   __mspabi_func_epilog_2
0000dd42   __mspabi_func_epilog_1
0000dd46   MRFI_Receive
0000dd54   initRadioState
0000dd62   mrfiSpiWriteTxFifo
0000dd70   nwk_getNumObjectFromMsg
0000dd7e   nwk_setAPAddress
0000dd8c   MRFI_PostKillSem
0000dda4   mrfiSpiReadRxFifo
0000ddb0   BSP_InitButtons
0000ddba   BSP_InitDrivers
0000ddc4   _system_pre_init
0000ddce   clearEventLog
0000ddd8   clearRssiLog
0000dde2   initLog
0000ddec   nwk_mgmtInit
0000ddf6   nwk_pingInit
0000de00   sRxCallback
0000de08   MRFI_GetRadioState
0000de0e   clearMessageWaiting
0000de14   __TI_decompress_rle24
0000de1a   messageWaiting
0000de20   nwk_freeConnection
0000de26   nwk_getBCastAddress
0000de2c   nwk_getFWVersion
0000de32   nwk_getMyRxType
0000de38   nwk_getProtocolVersion
0000de3e   resetLocalTime
0000de44   resetTick
0000de4a   C$$EXIT
0000de4a   abort
0000de4e   nwk_processFreq
0000de52   nwk_processSecurity
0000de56   nwk_freqInit
0000de58   nwk_securityInit
0000deae   mrfiBroadcastAddr
0000dec8   __TI_Handler_Table_Base
0000dece   __TI_Handler_Table_Limit
0000ded2   __TI_CINIT_Base
0000deda   __TI_CINIT_Limit
0000fffe   _reset_vector
ffffffff   __binit__
ffffffff   __c_args__
ffffffff   binit
UNDEFED    __TI_INITARRAY_Base
UNDEFED    __TI_INITARRAY_Limit

[261 symbols]
