******************************************************************************
                  MSP430 Linker PC v4.1.2                      
******************************************************************************
>> Linked Fri Jun 14 12:05:40 2013

OUTPUT FILE NAME:   <SimpliciTI test.out>
ENTRY POINT SYMBOL: "_c_int00"  address: 0000dbec


MEMORY CONFIGURATION

         name            origin    length      used     unused   attr    fill
----------------------  --------  ---------  --------  --------  ----  --------
  SFR                   00000000   00000010  00000000  00000010  RWIX
  PERIPHERALS_8BIT      00000010   000000f0  00000000  000000f0  RWIX
  PERIPHERALS_16BIT     00000100   00000100  00000000  00000100  RWIX
  RAM                   00000200   00000200  00000149  000000b7  RWIX
  INFOD                 00001000   00000040  00000000  00000040  RWIX
  INFOC                 00001040   00000040  00000000  00000040  RWIX
  INFOB                 00001080   00000040  00000000  00000040  RWIX
  INFOA                 000010c0   00000040  00000000  00000040  RWIX
  FLASH                 0000c000   00003fe0  00001e97  00002149  RWIX
  INT00                 0000ffe0   00000002  00000000  00000002  RWIX
  INT01                 0000ffe2   00000002  00000000  00000002  RWIX
  INT02                 0000ffe4   00000002  00000000  00000002  RWIX
  INT03                 0000ffe6   00000002  00000002  00000000  RWIX
  INT04                 0000ffe8   00000002  00000000  00000002  RWIX
  INT05                 0000ffea   00000002  00000000  00000002  RWIX
  INT06                 0000ffec   00000002  00000000  00000002  RWIX
  INT07                 0000ffee   00000002  00000000  00000002  RWIX
  INT08                 0000fff0   00000002  00000000  00000002  RWIX
  INT09                 0000fff2   00000002  00000000  00000002  RWIX
  INT10                 0000fff4   00000002  00000000  00000002  RWIX
  INT11                 0000fff6   00000002  00000000  00000002  RWIX
  INT12                 0000fff8   00000002  00000000  00000002  RWIX
  INT13                 0000fffa   00000002  00000000  00000002  RWIX
  INT14                 0000fffc   00000002  00000000  00000002  RWIX
  RESET                 0000fffe   00000002  00000002  00000000  RWIX


SECTION ALLOCATION MAP

 output                                  attributes/
section   page    origin      length       input sections
--------  ----  ----------  ----------   ----------------
.init_array 
*          0    0000c000    00000000     UNINITIALIZED

.bss       0    00000200    000000a2     UNINITIALIZED
                  00000200    00000068     nwk_QMgmt.obj (.bss)
                  00000268    00000018     main_rx.obj (.bss)
                  00000280    00000018     mrfi.obj (.bss)
                  00000298    00000008     nwk_globals.obj (.bss)
                  000002a0    00000002     nwk_link.obj (.bss)

.TI.noinit 
*          0    00000200    00000000     UNINITIALIZED

.data      0    000002a2    00000057     
                  000002a2    00000026     nwk.obj (.data)
                  000002c8    00000009     mrfi.obj (.data)
                  000002d1    00000001     --HOLE--
                  000002d2    00000008     nwk_frame.obj (.data)
                  000002da    00000007     nwk_join.obj (.data)
                  000002e1    00000001     --HOLE--
                  000002e2    00000007     nwk_link.obj (.data)
                  000002e9    00000001     --HOLE--
                  000002ea    00000004     mrfi.obj (.data:mrfiRxFilterAddr)
                  000002ee    00000003     nwk_mgmt.obj (.data)
                  000002f1    00000001     --HOLE--
                  000002f2    00000001     bsp.obj (.data)
                  000002f3    00000001     --HOLE--
                  000002f4    00000001     nwk_api.obj (.data)
                  000002f5    00000001     --HOLE--
                  000002f6    00000001     nwk_globals.obj (.data)
                  000002f7    00000001     --HOLE--
                  000002f8    00000001     nwk_ping.obj (.data)

.TI.persistent 
*          0    000002a2    00000000     UNINITIALIZED

.stack     0    000003b0    00000050     UNINITIALIZED
                  000003b0    00000002     rts430_eabi.lib : boot.obj (.stack)
                  000003b2    0000004e     --HOLE--

.text      0    0000c000    00001e18     
                  0000c000    000001d0     mrfi.obj (.text:MRFI_Init)
                  0000c1d0    00000198     nwk_link.obj (.text:smpl_send_link_reply)
                  0000c368    0000012a     nwk_QMgmt.obj (.text:nwk_QfindOldest)
                  0000c492    00000102     mrfi.obj (.text:MRFI_Transmit)
                  0000c594    000000fa     nwk_join.obj (.text:nwk_join)
                  0000c68e    000000de     nwk.obj (.text:nwk_allocateLocalRxPort)
                  0000c76c    000000d8     mrfi.obj (.text:Mrfi_SyncPinRxIsr)
                  0000c844    000000b2     nwk_frame.obj (.text:nwk_retrieveFrame)
                  0000c8f6    000000b0     nwk_api.obj (.text:SMPL_Ioctl)
                  0000c9a6    000000ae     nwk_frame.obj (.text:dispatchFrame)
                  0000ca54    0000009e     nwk_frame.obj (.text:nwk_buildFrame)
                  0000caf2    0000009e     vlo_rand.obj (.text)
                  0000cb90    0000008e     main_rx.obj (.text:main)
                  0000cc1e    0000008a     mrfi.obj (.text:spiBurstFifoAccess)
                  0000cca8    00000086     nwk.obj (.text:nwk_nwkInit)
                  0000cd2e    00000082     nwk_QMgmt.obj (.text:nwk_QfindSlot)
                  0000cdb0    00000078     nwk_ioctl.obj (.text:nwk_radioControl)
                  0000ce28    00000076     nwk_api.obj (.text:SMPL_LinkListen)
                  0000ce9e    0000006a     main_rx.obj (.text:createRandomAddress)
                  0000cf08    00000068     nwk.obj (.text:nwk_isConnectionValid)
                  0000cf70    0000005e     rts430_eabi.lib : copy_decompress_rle.obj (.text:__TI_decompress_rle_core)
                  0000cfce    0000005e                     : autoinit.obj (.text:_auto_init)
                  0000d02c    00000058                     : div32u.obj (.text)
                  0000d084    00000054     nwk_ioctl.obj (.text:nwk_rawSend)
                  0000d0d8    00000050     nwk.obj (.text:nwk_getNextConnection)
                  0000d128    0000004c     nwk_api.obj (.text:SMPL_Receive)
                  0000d174    0000004c     mrfi.obj (.text:mrfiSpiCmdStrobe)
                  0000d1c0    0000004c     rts430_eabi.lib : lsr16.obj (.text)
                  0000d20c    00000048     mrfi.obj (.text:mrfiSpiInit)
                  0000d254    00000048     mrfi.obj (.text:spiRegAccess)
                  0000d29c    00000046     mrfi.obj (.text:MRFI_RxAddrIsFiltered)
                  0000d2e2    00000046     nwk.obj (.text:nwk_isLinkDuplicate)
                  0000d328    00000046     nwk_ping.obj (.text:smpl_send_ping_reply)
                  0000d36e    00000044     mrfi.obj (.text:MRFI_Rssi)
                  0000d3b2    0000003e     nwk.obj (.text:initializeConnection)
                  0000d3f0    0000003c     mrfi.obj (.text:MRFI_ReplyDelay)
                  0000d42c    0000003c     nwk.obj (.text:nwk_putNumObjectIntoMsg)
                  0000d468    0000003a     nwk_link.obj (.text:nwk_getLocalLinkID)
                  0000d4a2    0000003a     nwk.obj (.text:nwk_isValidReply)
                  0000d4dc    0000003a     nwk_mgmt.obj (.text:nwk_processMgmt)
                  0000d516    00000036     mrfi.obj (.text:MRFI_WakeUp)
                  0000d54c    00000034     mrfi.obj (.text:MRFI_SetRFPwr)
                  0000d580    00000034     mrfi.obj (.text:MRFI_SetRxAddrFilter)
                  0000d5b4    00000034     nwk_api.obj (.text:SMPL_Init)
                  0000d5e8    00000034     nwk_ioctl.obj (.text:nwk_deviceAddress)
                  0000d61c    00000032     mrfi.obj (.text:MRFI_SetLogicalChannel)
                  0000d64e    00000032     nwk_QMgmt.obj (.text:nwk_QadjustOrder)
                  0000d680    00000032     nwk.obj (.text:nwk_getConnInfo)
                  0000d6b2    00000032     nwk_link.obj (.text:nwk_linkInit)
                  0000d6e4    00000030     mrfi.obj (.text:Mrfi_DelayUsecSem)
                  0000d714    00000030     nwk.obj (.text:map_lid2idx)
                  0000d744    00000030     nwk_ioctl.obj (.text:nwk_rawReceive)
                  0000d774    00000030     nwk_frame.obj (.text:nwk_sendFrame)
                  0000d7a4    0000002e     mrfi.obj (.text:Mrfi_CalculateRssi)
                  0000d7d2    0000002e     main_rx.obj (.text:sRxCallback)
                  0000d800    0000002c     mrfi.obj (.text:Mrfi_RxModeOff)
                  0000d82c    0000002c     rts430_eabi.lib : div16s.obj (.text)
                  0000d858    0000002a     mrfi.obj (.text:Mrfi_DelayUsec)
                  0000d882    0000002a     nwk.obj (.text:nwk_checkConnInfo)
                  0000d8ac    00000028     nwk_ping.obj (.text:nwk_processPing)
                  0000d8d4    00000026     mrfi.obj (.text:Mrfi_RandomBackoffDelay)
                  0000d8fa    00000026     nwk_ioctl.obj (.text:nwk_connectionControl)
                  0000d920    00000026     nwk_globals.obj (.text:nwk_globalsInit)
                  0000d946    00000026     nwk_join.obj (.text:nwk_joinInit)
                  0000d96c    00000026     nwk_link.obj (.text:nwk_processLink)
                  0000d992    00000026     rts430_eabi.lib : mult32.obj (.text)
                  0000d9b8    00000024     mrfi.obj (.text:MRFI_Sleep)
                  0000d9dc    00000024     rts430_eabi.lib : memcmp.obj (.text:memcmp)
                  0000da00    00000022     mrfi.obj (.text:MRFI_RxOn)
                  0000da22    00000020     bsp.obj (.text:BSP_Init)
                  0000da42    00000020     bsp.obj (.text:BSP_InitBoard)
                  0000da62    00000020     mrfi.obj (.text:MRFI_EnableRxAddrFilter)
                  0000da82    00000020     nwk_frame.obj (.text:MRFI_RxCompleteISR)
                  0000daa2    00000020     mrfi.obj (.text:MRFI_RxIdle)
                  0000dac2    00000020     nwk_link.obj (.text:handleLinkRequest)
                  0000dae2    00000020     rts430_eabi.lib : memmov.obj (.text:memmove)
                  0000db02    00000020     nwk_frame.obj (.text:nwk_frameInit)
                  0000db22    00000020     nwk_join.obj (.text:nwk_processJoin)
                  0000db42    0000001e     bsp.obj (.text:BSP_Delay)
                  0000db60    0000001e     nwk_QMgmt.obj (.text:nwk_QInit)
                  0000db7e    0000001c     mrfi.obj (.text:MRFI_GpioIsr)
                  0000db9a    0000001c     mrfi.obj (.text:mrfiSpiReadReg)
                  0000dbb6    0000001c     nwk_globals.obj (.text:nwk_setMyAddress)
                  0000dbd2    0000001a     mrfi.obj (.text:BSP_GpioPort1Isr)
                  0000dbec    0000001a     rts430_eabi.lib : boot.obj (.text:_c_int00_noexit)
                  0000dc06    00000018     mrfi.obj (.text:MRFI_DelayMs)
                  0000dc1e    00000018     mrfi.obj (.text:mrfiSpiWriteReg)
                  0000dc36    00000016     mrfi.obj (.text:MRFI_RandomByte)
                  0000dc4c    00000016     mrfi.obj (.text:Mrfi_RxModeOn)
                  0000dc62    00000016     rts430_eabi.lib : div16u.obj (.text)
                  0000dc78    00000014                     : copy_zero_init.obj (.text:decompress:ZI:__TI_zero_init)
                  0000dc8c    00000014     nwk_api.obj (.text:ioctlPreInitAccessIsOK)
                  0000dca0    00000014     rts430_eabi.lib : memset.obj (.text:memset)
                  0000dcb4    00000014                     : mult16.obj (.text)
                  0000dcc8    00000012     bsp.obj (.text:BSP_InitLeds)
                  0000dcda    00000012     rts430_eabi.lib : copy_decompress_none.obj (.text:decompress:none:__TI_decompress_none)
                  0000dcec    00000012                     : memcpy.obj (.text:memcpy)
                  0000dcfe    00000012     nwk_globals.obj (.text:nwk_getMyAddress)
                  0000dd10    00000012     nwk_link.obj (.text:nwk_setLinkToken)
                  0000dd22    00000010     rts430_eabi.lib : asr32.obj (.text:l_asr)
                  0000dd32    00000010                     : epilog.obj (.text)
                  0000dd42    0000000e     mrfi.obj (.text:MRFI_Receive)
                  0000dd50    0000000e     mrfi.obj (.text:mrfiSpiWriteTxFifo)
                  0000dd5e    0000000e     nwk.obj (.text:nwk_getNumObjectFromMsg)
                  0000dd6c    0000000e     nwk_globals.obj (.text:nwk_setAPAddress)
                  0000dd7a    0000000e     nwk_link.obj (.text:nwk_setListenContext)
                  0000dd88    0000000c     mrfi.obj (.text:MRFI_PostKillSem)
                  0000dd94    0000000c     nwk_ping.obj (.text:handlePingRequest)
                  0000dda0    0000000c     mrfi.obj (.text:mrfiSpiReadRxFifo)
                  0000ddac    0000000a     bsp.obj (.text:BSP_InitButtons)
                  0000ddb6    0000000a     bsp.obj (.text:BSP_InitDrivers)
                  0000ddc0    0000000a     bsp.obj (.text:_system_pre_init)
                  0000ddca    0000000a     nwk_mgmt.obj (.text:nwk_mgmtInit)
                  0000ddd4    0000000a     nwk_ping.obj (.text:nwk_pingInit)
                  0000ddde    00000006     mrfi.obj (.text:MRFI_GetRadioState)
                  0000dde4    00000006     rts430_eabi.lib : copy_decompress_rle.obj (.text:decompress:rle24:__TI_decompress_rle24)
                  0000ddea    00000006     nwk.obj (.text:nwk_freeConnection)
                  0000ddf0    00000006     nwk_globals.obj (.text:nwk_getBCastAddress)
                  0000ddf6    00000006     nwk_globals.obj (.text:nwk_getFWVersion)
                  0000ddfc    00000006     nwk_frame.obj (.text:nwk_getMyRxType)
                  0000de02    00000006     nwk_globals.obj (.text:nwk_getProtocolVersion)
                  0000de08    00000004     rts430_eabi.lib : exit.obj (.text:abort)
                  0000de0c    00000004     nwk_freq.obj (.text:nwk_processFreq)
                  0000de10    00000004     nwk_security.obj (.text:nwk_processSecurity)
                  0000de14    00000002     nwk_freq.obj (.text:nwk_freqInit)
                  0000de16    00000002     nwk_security.obj (.text:nwk_securityInit)

.const     0    0000de18    0000005f     
                  0000de18    0000003e     mrfi.obj (.const:mrfiRadioCfg)
                  0000de56    0000000c     nwk_frame.obj (.const:func)
                  0000de62    00000009     nwk_globals.obj (.const)
                  0000de6b    00000001     --HOLE-- [fill = 0]
                  0000de6c    00000004     mrfi.obj (.const:.string:mrfiBroadcastAddr)
                  0000de70    00000004     mrfi.obj (.const:.string:mrfiLogicalChanTable)
                  0000de74    00000003     mrfi.obj (.const:.string:mrfiRFPowerTable)

.cinit     0    0000de78    00000020     
                  0000de78    0000000e     (.cinit..data.load) [load image, compression = rle]
                  0000de86    00000006     (__TI_handler_table)
                  0000de8c    00000004     (.cinit..bss.load) [load image, compression = zero_init]
                  0000de90    00000008     (__TI_cinit_table)

PORT2      0    0000ffe6    00000002     
                  0000ffe6    00000002     mrfi.obj (.int03)

.reset     0    0000fffe    00000002     
                  0000fffe    00000002     rts430_eabi.lib : boot.obj (.reset)


LINKER GENERATED COPY TABLES

__TI_cinit_table @ 0000de90 records: 2, size/record: 4, table size: 8
	.data: load addr=0000de78, load size=0000000e bytes, run addr=000002a2, run size=00000057 bytes, compression=rle
	.bss: load addr=0000de8c, load size=00000004 bytes, run addr=00000200, run size=000000a2 bytes, compression=zero_init


LINKER GENERATED HANDLER TABLE

__TI_handler_table @ 0000de86 records: 3, size/record: 2, table size: 6
	index: 0, handler: __TI_zero_init
	index: 1, handler: __TI_decompress_rle24
	index: 2, handler: __TI_decompress_none


GLOBAL SYMBOLS: SORTED ALPHABETICALLY BY Name 

address    name
--------   ----
0000004a   ADC10AE0
000001b0   ADC10CTL0
000001b2   ADC10CTL1
00000048   ADC10DTC0
00000049   ADC10DTC1
000001b4   ADC10MEM
000001bc   ADC10SA
00000057   BCSCTL1
00000058   BCSCTL2
00000053   BCSCTL3
0000db42   BSP_Delay
0000dbd2   BSP_GpioPort1Isr
0000da22   BSP_Init
0000da42   BSP_InitBoard
0000ddac   BSP_InitButtons
0000ddb6   BSP_InitDrivers
0000dcc8   BSP_InitLeds
0000de08   C$$EXIT
00000059   CACTL1
0000005a   CACTL2
000010fb   CALBC1_12MHZ
000010f9   CALBC1_16MHZ
000010ff   CALBC1_1MHZ
000010fd   CALBC1_8MHZ
000010fa   CALDCO_12MHZ
000010f8   CALDCO_16MHZ
000010fe   CALDCO_1MHZ
000010fc   CALDCO_8MHZ
0000005b   CAPD
00000056   DCOCTL
00000128   FCTL1
0000012a   FCTL2
0000012c   FCTL3
0000027e   Flash_Addr
00000000   IE1
00000001   IE2
00000002   IFG1
00000003   IFG2
0000dc06   MRFI_DelayMs
0000da62   MRFI_EnableRxAddrFilter
0000ddde   MRFI_GetRadioState
0000db7e   MRFI_GpioIsr
0000c000   MRFI_Init
0000dd88   MRFI_PostKillSem
0000dc36   MRFI_RandomByte
0000dd42   MRFI_Receive
0000d3f0   MRFI_ReplyDelay
0000d36e   MRFI_Rssi
0000d29c   MRFI_RxAddrIsFiltered
0000da82   MRFI_RxCompleteISR
0000daa2   MRFI_RxIdle
0000da00   MRFI_RxOn
0000d61c   MRFI_SetLogicalChannel
0000d54c   MRFI_SetRFPwr
0000d580   MRFI_SetRxAddrFilter
0000d9b8   MRFI_Sleep
0000c492   MRFI_Transmit
0000d516   MRFI_WakeUp
00000022   P1DIR
00000025   P1IE
00000024   P1IES
00000023   P1IFG
00000020   P1IN
00000021   P1OUT
00000027   P1REN
00000026   P1SEL
00000041   P1SEL2
0000002a   P2DIR
0000002d   P2IE
0000002c   P2IES
0000002b   P2IFG
00000028   P2IN
00000029   P2OUT
0000002f   P2REN
0000002e   P2SEL
00000042   P2SEL2
0000001a   P3DIR
00000018   P3IN
00000019   P3OUT
00000010   P3REN
0000001b   P3SEL
00000043   P3SEL2
0000d5b4   SMPL_Init
0000c8f6   SMPL_Ioctl
0000ce28   SMPL_LinkListen
0000d128   SMPL_Receive
00000172   TA0CCR0
00000174   TA0CCR1
00000176   TA0CCR2
00000162   TA0CCTL0
00000164   TA0CCTL1
00000166   TA0CCTL2
00000160   TA0CTL
0000012e   TA0IV
00000170   TA0R
00000192   TA1CCR0
00000194   TA1CCR1
00000196   TA1CCR2
00000182   TA1CCTL0
00000184   TA1CCTL1
00000186   TA1CCTL2
00000180   TA1CTL
0000011e   TA1IV
00000190   TA1R
0000caf2   TI_getRandomIntegerFromADC
0000cb1a   TI_getRandomIntegerFromVLO
0000005d   UCA0ABCTL
00000062   UCA0BR0
00000063   UCA0BR1
00000060   UCA0CTL0
00000061   UCA0CTL1
0000005f   UCA0IRRCTL
0000005e   UCA0IRTCTL
00000064   UCA0MCTL
00000066   UCA0RXBUF
00000065   UCA0STAT
00000067   UCA0TXBUF
0000006a   UCB0BR0
0000006b   UCB0BR1
00000068   UCB0CTL0
00000069   UCB0CTL1
0000006c   UCB0I2CIE
00000118   UCB0I2COA
0000011a   UCB0I2CSA
0000006e   UCB0RXBUF
0000006d   UCB0STAT
0000006f   UCB0TXBUF
00000120   WDTCTL
00000400   __STACK_END
00000050   __STACK_SIZE
0000de90   __TI_CINIT_Base
0000de98   __TI_CINIT_Limit
0000de86   __TI_Handler_Table_Base
0000de8c   __TI_Handler_Table_Limit
UNDEFED    __TI_INITARRAY_Base
UNDEFED    __TI_INITARRAY_Limit
00000001   __TI_args_main
0000dcda   __TI_decompress_none
0000dde4   __TI_decompress_rle24
00000001   __TI_exit
0000dc78   __TI_zero_init
ffffffff   __binit__
ffffffff   __c_args__
0000d82c   __mspabi_divi
0000dc62   __mspabi_divu
0000d02c   __mspabi_divul
0000dd3e   __mspabi_func_epilog_1
0000dd3c   __mspabi_func_epilog_2
0000dd3a   __mspabi_func_epilog_3
0000dd38   __mspabi_func_epilog_4
0000dd36   __mspabi_func_epilog_5
0000dd34   __mspabi_func_epilog_6
0000dd32   __mspabi_func_epilog_7
0000dcb4   __mspabi_mpyi
0000d992   __mspabi_mpyl
0000d82c   __mspabi_remi
0000dc62   __mspabi_remu
0000d02c   __mspabi_remul
0000dd22   __mspabi_sral
0000d1c0   __mspabi_srli
0000d206   __mspabi_srli_1
0000d1e2   __mspabi_srli_10
0000d1de   __mspabi_srli_11
0000d1da   __mspabi_srli_12
0000d1d6   __mspabi_srli_13
0000d1d2   __mspabi_srli_14
0000d1ce   __mspabi_srli_15
0000d202   __mspabi_srli_2
0000d1fe   __mspabi_srli_3
0000d1fa   __mspabi_srli_4
0000d1f6   __mspabi_srli_5
0000d1f2   __mspabi_srli_6
0000d1ee   __mspabi_srli_7
0000d1ea   __mspabi_srli_8
0000d1e6   __mspabi_srli_9
0000cfce   _auto_init
0000dbec   _c_int00
0000dbec   _c_int00_noexit
0000fffe   _reset_vector
000003b0   _stack
0000ddc0   _system_pre_init
0000de08   abort
ffffffff   binit
0000ce9e   createRandomAddress
00000279   flag
0000027a   lAddr
00000278   len
0000026c   linkIDTemp
0000cb90   main
0000d9dc   memcmp
0000dcec   memcpy
0000dae2   memmove
0000dca0   memset
0000de6c   mrfiBroadcastAddr
0000d174   mrfiSpiCmdStrobe
0000d20c   mrfiSpiInit
0000db9a   mrfiSpiReadReg
0000dda0   mrfiSpiReadRxFifo
0000dc1e   mrfiSpiWriteReg
0000dd50   mrfiSpiWriteTxFifo
0000db60   nwk_QInit
0000d64e   nwk_QadjustOrder
0000c368   nwk_QfindOldest
0000cd2e   nwk_QfindSlot
0000c68e   nwk_allocateLocalRxPort
0000ca54   nwk_buildFrame
0000d882   nwk_checkConnInfo
0000d8fa   nwk_connectionControl
0000d5e8   nwk_deviceAddress
0000db02   nwk_frameInit
0000ddea   nwk_freeConnection
0000de14   nwk_freqInit
0000ddf0   nwk_getBCastAddress
0000d680   nwk_getConnInfo
0000ddf6   nwk_getFWVersion
0000d468   nwk_getLocalLinkID
0000dcfe   nwk_getMyAddress
0000ddfc   nwk_getMyRxType
0000d0d8   nwk_getNextConnection
0000dd5e   nwk_getNumObjectFromMsg
0000de02   nwk_getProtocolVersion
0000d920   nwk_globalsInit
0000cf08   nwk_isConnectionValid
0000d2e2   nwk_isLinkDuplicate
0000d4a2   nwk_isValidReply
0000c594   nwk_join
0000d946   nwk_joinInit
0000d6b2   nwk_linkInit
0000ddca   nwk_mgmtInit
0000cca8   nwk_nwkInit
0000ddd4   nwk_pingInit
0000de0c   nwk_processFreq
0000db22   nwk_processJoin
0000d96c   nwk_processLink
0000d4dc   nwk_processMgmt
0000d8ac   nwk_processPing
0000de10   nwk_processSecurity
0000d42c   nwk_putNumObjectIntoMsg
0000cdb0   nwk_radioControl
0000d744   nwk_rawReceive
0000d084   nwk_rawSend
0000c844   nwk_retrieveFrame
0000de16   nwk_securityInit
0000d774   nwk_sendFrame
0000dd6c   nwk_setAPAddress
0000dd10   nwk_setLinkToken
0000dd7a   nwk_setListenContext
0000dbb6   nwk_setMyAddress
00000268   sensor
0000026e   smpl_buffer


GLOBAL SYMBOLS: SORTED BY Symbol Address 

address    name
--------   ----
00000000   IE1
00000001   IE2
00000001   __TI_args_main
00000001   __TI_exit
00000002   IFG1
00000003   IFG2
00000010   P3REN
00000018   P3IN
00000019   P3OUT
0000001a   P3DIR
0000001b   P3SEL
00000020   P1IN
00000021   P1OUT
00000022   P1DIR
00000023   P1IFG
00000024   P1IES
00000025   P1IE
00000026   P1SEL
00000027   P1REN
00000028   P2IN
00000029   P2OUT
0000002a   P2DIR
0000002b   P2IFG
0000002c   P2IES
0000002d   P2IE
0000002e   P2SEL
0000002f   P2REN
00000041   P1SEL2
00000042   P2SEL2
00000043   P3SEL2
00000048   ADC10DTC0
00000049   ADC10DTC1
0000004a   ADC10AE0
00000050   __STACK_SIZE
00000053   BCSCTL3
00000056   DCOCTL
00000057   BCSCTL1
00000058   BCSCTL2
00000059   CACTL1
0000005a   CACTL2
0000005b   CAPD
0000005d   UCA0ABCTL
0000005e   UCA0IRTCTL
0000005f   UCA0IRRCTL
00000060   UCA0CTL0
00000061   UCA0CTL1
00000062   UCA0BR0
00000063   UCA0BR1
00000064   UCA0MCTL
00000065   UCA0STAT
00000066   UCA0RXBUF
00000067   UCA0TXBUF
00000068   UCB0CTL0
00000069   UCB0CTL1
0000006a   UCB0BR0
0000006b   UCB0BR1
0000006c   UCB0I2CIE
0000006d   UCB0STAT
0000006e   UCB0RXBUF
0000006f   UCB0TXBUF
00000118   UCB0I2COA
0000011a   UCB0I2CSA
0000011e   TA1IV
00000120   WDTCTL
00000128   FCTL1
0000012a   FCTL2
0000012c   FCTL3
0000012e   TA0IV
00000160   TA0CTL
00000162   TA0CCTL0
00000164   TA0CCTL1
00000166   TA0CCTL2
00000170   TA0R
00000172   TA0CCR0
00000174   TA0CCR1
00000176   TA0CCR2
00000180   TA1CTL
00000182   TA1CCTL0
00000184   TA1CCTL1
00000186   TA1CCTL2
00000190   TA1R
00000192   TA1CCR0
00000194   TA1CCR1
00000196   TA1CCR2
000001b0   ADC10CTL0
000001b2   ADC10CTL1
000001b4   ADC10MEM
000001bc   ADC10SA
00000268   sensor
0000026c   linkIDTemp
0000026e   smpl_buffer
00000278   len
00000279   flag
0000027a   lAddr
0000027e   Flash_Addr
000003b0   _stack
00000400   __STACK_END
000010f8   CALDCO_16MHZ
000010f9   CALBC1_16MHZ
000010fa   CALDCO_12MHZ
000010fb   CALBC1_12MHZ
000010fc   CALDCO_8MHZ
000010fd   CALBC1_8MHZ
000010fe   CALDCO_1MHZ
000010ff   CALBC1_1MHZ
0000c000   MRFI_Init
0000c368   nwk_QfindOldest
0000c492   MRFI_Transmit
0000c594   nwk_join
0000c68e   nwk_allocateLocalRxPort
0000c844   nwk_retrieveFrame
0000c8f6   SMPL_Ioctl
0000ca54   nwk_buildFrame
0000caf2   TI_getRandomIntegerFromADC
0000cb1a   TI_getRandomIntegerFromVLO
0000cb90   main
0000cca8   nwk_nwkInit
0000cd2e   nwk_QfindSlot
0000cdb0   nwk_radioControl
0000ce28   SMPL_LinkListen
0000ce9e   createRandomAddress
0000cf08   nwk_isConnectionValid
0000cfce   _auto_init
0000d02c   __mspabi_divul
0000d02c   __mspabi_remul
0000d084   nwk_rawSend
0000d0d8   nwk_getNextConnection
0000d128   SMPL_Receive
0000d174   mrfiSpiCmdStrobe
0000d1c0   __mspabi_srli
0000d1ce   __mspabi_srli_15
0000d1d2   __mspabi_srli_14
0000d1d6   __mspabi_srli_13
0000d1da   __mspabi_srli_12
0000d1de   __mspabi_srli_11
0000d1e2   __mspabi_srli_10
0000d1e6   __mspabi_srli_9
0000d1ea   __mspabi_srli_8
0000d1ee   __mspabi_srli_7
0000d1f2   __mspabi_srli_6
0000d1f6   __mspabi_srli_5
0000d1fa   __mspabi_srli_4
0000d1fe   __mspabi_srli_3
0000d202   __mspabi_srli_2
0000d206   __mspabi_srli_1
0000d20c   mrfiSpiInit
0000d29c   MRFI_RxAddrIsFiltered
0000d2e2   nwk_isLinkDuplicate
0000d36e   MRFI_Rssi
0000d3f0   MRFI_ReplyDelay
0000d42c   nwk_putNumObjectIntoMsg
0000d468   nwk_getLocalLinkID
0000d4a2   nwk_isValidReply
0000d4dc   nwk_processMgmt
0000d516   MRFI_WakeUp
0000d54c   MRFI_SetRFPwr
0000d580   MRFI_SetRxAddrFilter
0000d5b4   SMPL_Init
0000d5e8   nwk_deviceAddress
0000d61c   MRFI_SetLogicalChannel
0000d64e   nwk_QadjustOrder
0000d680   nwk_getConnInfo
0000d6b2   nwk_linkInit
0000d744   nwk_rawReceive
0000d774   nwk_sendFrame
0000d82c   __mspabi_divi
0000d82c   __mspabi_remi
0000d882   nwk_checkConnInfo
0000d8ac   nwk_processPing
0000d8fa   nwk_connectionControl
0000d920   nwk_globalsInit
0000d946   nwk_joinInit
0000d96c   nwk_processLink
0000d992   __mspabi_mpyl
0000d9b8   MRFI_Sleep
0000d9dc   memcmp
0000da00   MRFI_RxOn
0000da22   BSP_Init
0000da42   BSP_InitBoard
0000da62   MRFI_EnableRxAddrFilter
0000da82   MRFI_RxCompleteISR
0000daa2   MRFI_RxIdle
0000dae2   memmove
0000db02   nwk_frameInit
0000db22   nwk_processJoin
0000db42   BSP_Delay
0000db60   nwk_QInit
0000db7e   MRFI_GpioIsr
0000db9a   mrfiSpiReadReg
0000dbb6   nwk_setMyAddress
0000dbd2   BSP_GpioPort1Isr
0000dbec   _c_int00
0000dbec   _c_int00_noexit
0000dc06   MRFI_DelayMs
0000dc1e   mrfiSpiWriteReg
0000dc36   MRFI_RandomByte
0000dc62   __mspabi_divu
0000dc62   __mspabi_remu
0000dc78   __TI_zero_init
0000dca0   memset
0000dcb4   __mspabi_mpyi
0000dcc8   BSP_InitLeds
0000dcda   __TI_decompress_none
0000dcec   memcpy
0000dcfe   nwk_getMyAddress
0000dd10   nwk_setLinkToken
0000dd22   __mspabi_sral
0000dd32   __mspabi_func_epilog_7
0000dd34   __mspabi_func_epilog_6
0000dd36   __mspabi_func_epilog_5
0000dd38   __mspabi_func_epilog_4
0000dd3a   __mspabi_func_epilog_3
0000dd3c   __mspabi_func_epilog_2
0000dd3e   __mspabi_func_epilog_1
0000dd42   MRFI_Receive
0000dd50   mrfiSpiWriteTxFifo
0000dd5e   nwk_getNumObjectFromMsg
0000dd6c   nwk_setAPAddress
0000dd7a   nwk_setListenContext
0000dd88   MRFI_PostKillSem
0000dda0   mrfiSpiReadRxFifo
0000ddac   BSP_InitButtons
0000ddb6   BSP_InitDrivers
0000ddc0   _system_pre_init
0000ddca   nwk_mgmtInit
0000ddd4   nwk_pingInit
0000ddde   MRFI_GetRadioState
0000dde4   __TI_decompress_rle24
0000ddea   nwk_freeConnection
0000ddf0   nwk_getBCastAddress
0000ddf6   nwk_getFWVersion
0000ddfc   nwk_getMyRxType
0000de02   nwk_getProtocolVersion
0000de08   C$$EXIT
0000de08   abort
0000de0c   nwk_processFreq
0000de10   nwk_processSecurity
0000de14   nwk_freqInit
0000de16   nwk_securityInit
0000de6c   mrfiBroadcastAddr
0000de86   __TI_Handler_Table_Base
0000de8c   __TI_Handler_Table_Limit
0000de90   __TI_CINIT_Base
0000de98   __TI_CINIT_Limit
0000fffe   _reset_vector
ffffffff   __binit__
ffffffff   __c_args__
ffffffff   binit
UNDEFED    __TI_INITARRAY_Base
UNDEFED    __TI_INITARRAY_Limit

[250 symbols]
